Archive member included to satisfy reference by file (symbol)

/usr/lib/gcc/arm-none-eabi/5.2.0/armv7e-m/libgcc.a(_arm_addsubsf3.o)
                              ./system/STM324xG_EVAL/stm324xg_eval_lcd.o (__aeabi_i2f)
/usr/lib/gcc/arm-none-eabi/5.2.0/armv7e-m/libgcc.a(_arm_muldivsf3.o)
                              ./system/STM324xG_EVAL/stm324xg_eval_lcd.o (__aeabi_fdiv)
/usr/lib/gcc/arm-none-eabi/5.2.0/armv7e-m/libgcc.a(_arm_fixunssfsi.o)
                              ./system/STM324xG_EVAL/stm324xg_eval_lcd.o (__aeabi_f2uiz)
/usr/lib/gcc/arm-none-eabi/5.2.0/../../../../arm-none-eabi/lib/armv7e-m/libg.a(lib_a-errno.o)
                              ./system/src/newlib/_sbrk.o (__errno)
/usr/lib/gcc/arm-none-eabi/5.2.0/../../../../arm-none-eabi/lib/armv7e-m/libg.a(lib_a-impure.o)
                              /usr/lib/gcc/arm-none-eabi/5.2.0/../../../../arm-none-eabi/lib/armv7e-m/libg.a(lib_a-errno.o) (_impure_ptr)
/usr/lib/gcc/arm-none-eabi/5.2.0/../../../../arm-none-eabi/lib/armv7e-m/libg.a(lib_a-memcpy.o)
                              ./FreeRTOS/source/queue.o (memcpy)
/usr/lib/gcc/arm-none-eabi/5.2.0/../../../../arm-none-eabi/lib/armv7e-m/libg.a(lib_a-memset.o)
                              ./FreeRTOS/source/tasks.o (memset)
/usr/lib/gcc/arm-none-eabi/5.2.0/../../../../arm-none-eabi/lib/armv7e-m/libg.a(lib_a-strlen.o)
                              ./system/src/diag/Trace.o (strlen)
/usr/lib/gcc/arm-none-eabi/5.2.0/../../../../arm-none-eabi/lib/armv7e-m/libg.a(lib_a-vsnprintf.o)
                              ./system/src/diag/Trace.o (vsnprintf)
/usr/lib/gcc/arm-none-eabi/5.2.0/../../../../arm-none-eabi/lib/armv7e-m/libg.a(lib_a-svfprintf.o)
                              /usr/lib/gcc/arm-none-eabi/5.2.0/../../../../arm-none-eabi/lib/armv7e-m/libg.a(lib_a-vsnprintf.o) (_svfprintf_r)
/usr/lib/gcc/arm-none-eabi/5.2.0/../../../../arm-none-eabi/lib/armv7e-m/libg.a(lib_a-dtoa.o)
                              /usr/lib/gcc/arm-none-eabi/5.2.0/../../../../arm-none-eabi/lib/armv7e-m/libg.a(lib_a-svfprintf.o) (_dtoa_r)
/usr/lib/gcc/arm-none-eabi/5.2.0/../../../../arm-none-eabi/lib/armv7e-m/libg.a(lib_a-locale.o)
                              /usr/lib/gcc/arm-none-eabi/5.2.0/../../../../arm-none-eabi/lib/armv7e-m/libg.a(lib_a-svfprintf.o) (_localeconv_r)
/usr/lib/gcc/arm-none-eabi/5.2.0/../../../../arm-none-eabi/lib/armv7e-m/libg.a(lib_a-mallocr.o)
                              /usr/lib/gcc/arm-none-eabi/5.2.0/../../../../arm-none-eabi/lib/armv7e-m/libg.a(lib_a-svfprintf.o) (_malloc_r)
/usr/lib/gcc/arm-none-eabi/5.2.0/../../../../arm-none-eabi/lib/armv7e-m/libg.a(lib_a-memchr.o)
                              /usr/lib/gcc/arm-none-eabi/5.2.0/../../../../arm-none-eabi/lib/armv7e-m/libg.a(lib_a-svfprintf.o) (memchr)
/usr/lib/gcc/arm-none-eabi/5.2.0/../../../../arm-none-eabi/lib/armv7e-m/libg.a(lib_a-mlock.o)
                              /usr/lib/gcc/arm-none-eabi/5.2.0/../../../../arm-none-eabi/lib/armv7e-m/libg.a(lib_a-mallocr.o) (__malloc_lock)
/usr/lib/gcc/arm-none-eabi/5.2.0/../../../../arm-none-eabi/lib/armv7e-m/libg.a(lib_a-mprec.o)
                              /usr/lib/gcc/arm-none-eabi/5.2.0/../../../../arm-none-eabi/lib/armv7e-m/libg.a(lib_a-dtoa.o) (_Balloc)
/usr/lib/gcc/arm-none-eabi/5.2.0/../../../../arm-none-eabi/lib/armv7e-m/libg.a(lib_a-s_fpclassify.o)
                              /usr/lib/gcc/arm-none-eabi/5.2.0/../../../../arm-none-eabi/lib/armv7e-m/libg.a(lib_a-svfprintf.o) (__fpclassifyd)
/usr/lib/gcc/arm-none-eabi/5.2.0/../../../../arm-none-eabi/lib/armv7e-m/libg.a(lib_a-sbrkr.o)
                              /usr/lib/gcc/arm-none-eabi/5.2.0/../../../../arm-none-eabi/lib/armv7e-m/libg.a(lib_a-mallocr.o) (_sbrk_r)
/usr/lib/gcc/arm-none-eabi/5.2.0/../../../../arm-none-eabi/lib/armv7e-m/libg.a(lib_a-strcmp.o)
                              /usr/lib/gcc/arm-none-eabi/5.2.0/../../../../arm-none-eabi/lib/armv7e-m/libg.a(lib_a-locale.o) (strcmp)
/usr/lib/gcc/arm-none-eabi/5.2.0/../../../../arm-none-eabi/lib/armv7e-m/libg.a(lib_a-svfiprintf.o)
                              /usr/lib/gcc/arm-none-eabi/5.2.0/../../../../arm-none-eabi/lib/armv7e-m/libg.a(lib_a-svfprintf.o) (__ssprint_r)
/usr/lib/gcc/arm-none-eabi/5.2.0/../../../../arm-none-eabi/lib/armv7e-m/libg.a(lib_a-callocr.o)
                              /usr/lib/gcc/arm-none-eabi/5.2.0/../../../../arm-none-eabi/lib/armv7e-m/libg.a(lib_a-mprec.o) (_calloc_r)
/usr/lib/gcc/arm-none-eabi/5.2.0/../../../../arm-none-eabi/lib/armv7e-m/libg.a(lib_a-freer.o)
                              /usr/lib/gcc/arm-none-eabi/5.2.0/../../../../arm-none-eabi/lib/armv7e-m/libg.a(lib_a-mallocr.o) (_free_r)
/usr/lib/gcc/arm-none-eabi/5.2.0/../../../../arm-none-eabi/lib/armv7e-m/libg.a(lib_a-memmove.o)
                              /usr/lib/gcc/arm-none-eabi/5.2.0/../../../../arm-none-eabi/lib/armv7e-m/libg.a(lib_a-svfiprintf.o) (memmove)
/usr/lib/gcc/arm-none-eabi/5.2.0/../../../../arm-none-eabi/lib/armv7e-m/libg.a(lib_a-reallocr.o)
[...]
Memory Configuration

Name             Origin             Length             Attributes
RAM              0x0000000020000000 0x0000000000020000 xrw
CCMRAM           0x0000000010000000 0x0000000000010000 xrw
FLASH            0x0000000008000000 0x0000000000100000 xr
FLASHB1          0x0000000000000000 0x0000000000000000 xr
EXTMEMB0         0x0000000000000000 0x0000000000000000 xr
EXTMEMB1         0x0000000000000000 0x0000000000000000 xr
EXTMEMB2         0x0000000000000000 0x0000000000000000 xr
EXTMEMB3         0x0000000000000000 0x0000000000000000 xr
MEMORY_ARRAY     0x0000000020002000 0x0000000000000020 xrw
*default*        0x0000000000000000 0xffffffffffffffff

Linker script and memory map

LOAD ./system/src/stm32f4-hal/stm32f4xx_hal.o
LOAD ./system/src/stm32f4-hal/stm32f4xx_hal_adc.o
LOAD ./system/src/stm32f4-hal/stm32f4xx_hal_cec.o
LOAD ./system/src/stm32f4-hal/stm32f4xx_hal_cortex.o
LOAD ./system/src/stm32f4-hal/stm32f4xx_hal_dsi.o
LOAD ./system/src/stm32f4-hal/stm32f4xx_hal_flash.o
LOAD ./system/src/stm32f4-hal/stm32f4xx_hal_flash_ex.o
LOAD ./system/src/stm32f4-hal/stm32f4xx_hal_flash_ramfunc.o
LOAD ./system/src/stm32f4-hal/stm32f4xx_hal_gpio.o
LOAD ./system/src/stm32f4-hal/stm32f4xx_hal_i2c.o
LOAD ./system/src/stm32f4-hal/stm32f4xx_hal_iwdg.o
LOAD ./system/src/stm32f4-hal/stm32f4xx_hal_lptim.o
LOAD ./system/src/stm32f4-hal/stm32f4xx_hal_ltdc_ex.o
LOAD ./system/src/stm32f4-hal/stm32f4xx_hal_pwr.o
LOAD ./system/src/stm32f4-hal/stm32f4xx_hal_pwr_ex.o
LOAD ./system/src/stm32f4-hal/stm32f4xx_hal_rcc.o
LOAD ./system/src/stm32f4-hal/stm32f4xx_hal_rcc_ex.o
LOAD ./system/src/stm32f4-hal/stm32f4xx_hal_sram.o
LOAD ./system/src/stm32f4-hal/stm32f4xx_ll_fsmc.o
LOAD ./system/src/newlib/_cxx.o
LOAD ./system/src/newlib/_exit.o
LOAD ./system/src/newlib/_sbrk.o
LOAD ./system/src/newlib/_startup.o
LOAD ./system/src/newlib/_syscalls.o
LOAD ./system/src/newlib/assert.o
LOAD ./system/src/diag/Trace.o
LOAD ./system/src/diag/trace_impl.o
LOAD ./system/src/cortexm/_initialize_hardware.o
LOAD ./system/src/cortexm/_reset_hardware.o
LOAD ./system/src/cortexm/exception_handlers.o
LOAD ./system/src/cmsis/system_stm32f4xx.o
LOAD ./system/src/cmsis/vectors_stm32f4xx.o
LOAD ./system/STM324xG_EVAL/cs43l22.o
LOAD ./system/STM324xG_EVAL/font12.o
LOAD ./system/STM324xG_EVAL/font16.o
LOAD ./system/STM324xG_EVAL/font20.o
LOAD ./system/STM324xG_EVAL/font24.o
LOAD ./system/STM324xG_EVAL/font8.o
LOAD ./system/STM324xG_EVAL/ili9325.o
LOAD ./system/STM324xG_EVAL/stm324xg_eval.o
LOAD ./system/STM324xG_EVAL/stm324xg_eval_audio.o
LOAD ./system/STM324xG_EVAL/stm324xg_eval_eeprom.o
LOAD ./system/STM324xG_EVAL/stm324xg_eval_io.o
LOAD ./system/STM324xG_EVAL/stm324xg_eval_lcd.o
LOAD ./system/STM324xG_EVAL/stm324xg_eval_sd.o
LOAD ./system/STM324xG_EVAL/stm324xg_eval_sram.o
LOAD ./system/STM324xG_EVAL/stm324xg_eval_ts.o
LOAD ./system/STM324xG_EVAL/stmpe811.o
LOAD ./src/button.o
LOAD ./src/lcd.o
LOAD ./src/main.o
LOAD ./src/system_support.o
LOAD ./src/systick.o
LOAD ./FreeRTOS/source/croutine.o
LOAD ./FreeRTOS/source/event_groups.o
LOAD ./FreeRTOS/source/list.o
LOAD ./FreeRTOS/source/queue.o
LOAD ./FreeRTOS/source/tasks.o
LOAD ./FreeRTOS/source/timers.o
LOAD ./FreeRTOS/MemoryManager/heap_tlsf.o
LOAD ./FreeRTOS/MemoryManager/tlsf.o
LOAD ./FreeRTOS/ARM_CM3_MPU/port.o
LOAD /usr/lib/gcc/arm-none-eabi/5.2.0/../../../../arm-none-eabi/lib/armv7e-m/libstdc++.a
LOAD /usr/lib/gcc/arm-none-eabi/5.2.0/../../../../arm-none-eabi/lib/armv7e-m/libm.a
START GROUP
LOAD /usr/lib/gcc/arm-none-eabi/5.2.0/armv7e-m/libgcc.a
LOAD /usr/lib/gcc/arm-none-eabi/5.2.0/../../../../arm-none-eabi/lib/armv7e-m/libg.a
LOAD /usr/lib/gcc/arm-none-eabi/5.2.0/../../../../arm-none-eabi/lib/armv7e-m/libc.a
END GROUP
                0x0000000020020000                __stack = (ORIGIN (RAM) + 0x20000)
                0x0000000020020000                _estack = __stack
                0x0000000000000400                __Main_Stack_Size = 0x400
                0x0000000000000400                PROVIDE (_Main_Stack_Size, __Main_Stack_Size)
                0x000000002001fc00                __Main_Stack_Limit = (__stack - __Main_Stack_Size)
                0x000000002001fc00                PROVIDE (_Main_Stack_Limit, __Main_Stack_Limit)
                0x0000000000000100                _Minimum_Stack_Size = 0x100
                0x00000000200009ac                PROVIDE (_Heap_Begin, _end_noinit)
                0x000000002001fc00                PROVIDE (_Heap_Limit, (__stack - __Main_Stack_Size))
                0x0000000000002000                _Privileged_Functions_Region_Size = 0x2000
                0x0000000008000000                __FLASH_segment_start__ = ORIGIN (FLASH)
                0x0000000008100000                __FLASH_segment_end__ = (__FLASH_segment_start__ + 0x100000)
                0x0000000008000000                __privileged_functions_start__ = ORIGIN (FLASH)
                0x0000000008002000                __privileged_functions_end__ = (__privileged_functions_start__ + _Privileged_Functions_Region_Size)
                0x0000000020000000                __SRAM_segment_start__ = ORIGIN (RAM)
                0x0000000020020000                __SRAM_segment_end__ = (__SRAM_segment_start__ + 0x20000)
                0x0000000010000000                __CCRAM_segment_start__ = ORIGIN (CCMRAM)
                0x0000000010010000                __CCRAM_segment_end__ = (__CCRAM_segment_start__ + 0x10000)
                0x0000000000000100                _Common_Data_Region_Size = 0x100
                0x0000000000000100                _Privileged_Data_Region_Size = 0x100

privileged_functions
                0x0000000008000000     0x4000
 FILL mask 0xff
                0x0000000008000000                __privileged_functions_start__ = .
                0x0000000008000000                __vectors_start = ABSOLUTE (.)
                0x0000000008000000                __vectors_start__ = ABSOLUTE (.)
 *(.isr_vector)
 .isr_vector    0x0000000008000000      0x188 ./system/src/cmsis/vectors_stm32f4xx.o
                0x0000000008000000                __isr_vectors
 *(.cfmconfig)
 *(.after_vectors .after_vectors.*)
 .after_vectors
                0x0000000008000188      0x130 ./system/src/newlib/_startup.o
                0x0000000008000188                _start
 .after_vectors
                0x00000000080002b8      0x13c ./system/src/cortexm/exception_handlers.o
                0x00000000080002b8                Reset_Handler
                0x00000000080002c0                NMI_Handler
                0x00000000080002c4                HardFault_Handler
                0x00000000080002d8                HardFault_Handler_C
                0x0000000008000338                MemManage_Handler
                0x0000000008000350                BusFault_Handler
                0x0000000008000364                BusFault_Handler_C
                0x0000000008000398                UsageFault_Handler
                0x00000000080003ac                UsageFault_Handler_C
                0x00000000080003e0                SVC_Handler
                0x00000000080003e4                DebugMon_Handler
 .after_vectors
                0x00000000080003f4        0x4 ./system/src/cmsis/vectors_stm32f4xx.o
                0x00000000080003f4                RTC_Alarm_IRQHandler
                0x00000000080003f4                HASH_RNG_IRQHandler
                0x00000000080003f4                EXTI2_IRQHandler
                0x00000000080003f4                TIM8_CC_IRQHandler
                0x00000000080003f4                TIM1_CC_IRQHandler
                0x00000000080003f4                DMA2_Stream5_IRQHandler
                0x00000000080003f4                DMA1_Stream5_IRQHandler
                0x00000000080003f4                PVD_IRQHandler
                0x00000000080003f4                SDIO_IRQHandler
                0x00000000080003f4                TAMP_STAMP_IRQHandler
                0x00000000080003f4                CAN2_RX1_IRQHandler
                0x00000000080003f4                EXTI3_IRQHandler
                0x00000000080003f4                TIM8_TRG_COM_TIM14_IRQHandler
                0x00000000080003f4                TIM1_UP_TIM10_IRQHandler
                0x00000000080003f4                TIM8_UP_TIM13_IRQHandler
                0x00000000080003f4                I2C3_ER_IRQHandler
                0x00000000080003f4                I2C2_EV_IRQHandler
                0x00000000080003f4                DMA1_Stream2_IRQHandler
                0x00000000080003f4                CAN1_RX0_IRQHandler
                0x00000000080003f4                FPU_IRQHandler
                0x00000000080003f4                OTG_HS_WKUP_IRQHandler
                0x00000000080003f4                CAN2_SCE_IRQHandler
                0x00000000080003f4                DMA2_Stream2_IRQHandler
                0x00000000080003f4                SPI1_IRQHandler
                0x00000000080003f4                TIM6_DAC_IRQHandler
                0x00000000080003f4                TIM1_BRK_TIM9_IRQHandler
                0x00000000080003f4                DCMI_IRQHandler
                0x00000000080003f4                CAN2_RX0_IRQHandler
                0x00000000080003f4                DMA2_Stream3_IRQHandler
                0x00000000080003f4                USART6_IRQHandler
                0x00000000080003f4                USART3_IRQHandler
                0x00000000080003f4                CAN1_RX1_IRQHandler
                0x00000000080003f4                UART5_IRQHandler
                0x00000000080003f4                DMA2_Stream0_IRQHandler
                0x00000000080003f4                TIM4_IRQHandler
                0x00000000080003f4                I2C1_EV_IRQHandler
                0x00000000080003f4                DMA1_Stream6_IRQHandler
                0x00000000080003f4                DMA1_Stream1_IRQHandler
                0x00000000080003f4                UART4_IRQHandler
                0x00000000080003f4                TIM3_IRQHandler
                0x00000000080003f4                RCC_IRQHandler
                0x00000000080003f4                TIM8_BRK_TIM12_IRQHandler
                0x00000000080003f4                Default_Handler
                0x00000000080003f4                ADC_IRQHandler
                0x00000000080003f4                DMA1_Stream7_IRQHandler
                0x00000000080003f4                TIM7_IRQHandler
                0x00000000080003f4                CAN2_TX_IRQHandler
                0x00000000080003f4                TIM5_IRQHandler
                0x00000000080003f4                DMA2_Stream7_IRQHandler
                0x00000000080003f4                I2C3_EV_IRQHandler
                0x00000000080003f4                EXTI9_5_IRQHandler
                0x00000000080003f4                RTC_WKUP_IRQHandler
                0x00000000080003f4                ETH_WKUP_IRQHandler
                0x00000000080003f4                SPI2_IRQHandler
                0x00000000080003f4                OTG_HS_EP1_IN_IRQHandler
                0x00000000080003f4                DMA1_Stream0_IRQHandler
                0x00000000080003f4                CAN1_TX_IRQHandler
                0x00000000080003f4                EXTI4_IRQHandler
                0x00000000080003f4                FSMC_IRQHandler
                0x00000000080003f4                ETH_IRQHandler
                0x00000000080003f4                OTG_HS_EP1_OUT_IRQHandler
                0x00000000080003f4                WWDG_IRQHandler
                0x00000000080003f4                TIM2_IRQHandler
                0x00000000080003f4                OTG_FS_WKUP_IRQHandler
                0x00000000080003f4                TIM1_TRG_COM_TIM11_IRQHandler
                0x00000000080003f4                OTG_HS_IRQHandler
                0x00000000080003f4                EXTI1_IRQHandler
                0x00000000080003f4                USART2_IRQHandler
                0x00000000080003f4                I2C2_ER_IRQHandler
                0x00000000080003f4                DMA2_Stream1_IRQHandler
                0x00000000080003f4                CAN1_SCE_IRQHandler
                0x00000000080003f4                FLASH_IRQHandler
                0x00000000080003f4                DMA2_Stream4_IRQHandler
                0x00000000080003f4                USART1_IRQHandler
                0x00000000080003f4                OTG_FS_IRQHandler
                0x00000000080003f4                SPI3_IRQHandler
                0x00000000080003f4                DMA1_Stream4_IRQHandler
                0x00000000080003f4                I2C1_ER_IRQHandler
                0x00000000080003f4                DMA2_Stream6_IRQHandler
                0x00000000080003f4                DMA1_Stream3_IRQHandler
 *(privileged_functions)
 privileged_functions
                0x00000000080003f8      0x760 ./FreeRTOS/source/queue.o
                0x0000000008000538                xQueueGenericSend
                0x000000000800064c                xQueuePeekFromISR
                0x000000000800068c                xQueueGenericReceive
                0x00000000080007bc                uxQueueMessagesWaiting
                0x00000000080007d4                uxQueueSpacesAvailable
                0x00000000080007f0                vQueueDelete
                0x0000000008000800                xQueueGenericSendFromISR
                0x000000000800087c                xQueueGiveFromISR
                0x00000000080008f8                xQueueReceiveFromISR
                0x0000000008000964                xQueueIsQueueEmptyFromISR
                0x0000000008000978                xQueueIsQueueFullFromISR
                0x0000000008000990                uxQueueMessagesWaitingFromISR
                0x000000000800099c                xQueueCreateMutex
                0x00000000080009e0                xQueueTakeMutexRecursive
                0x0000000008000a18                xQueueGiveMutexRecursive
                0x0000000008000a48                vQueueWaitForMessageRestricted
                0x0000000008000a88                xQueueGenericReset
                0x0000000008000af0                xQueueGenericCreate
                0x0000000008000b30                xQueueCreateCountingSemaphore
 privileged_functions
                0x0000000008000b58     0x1368 ./FreeRTOS/source/tasks.o
                0x0000000008000cec                vTaskAllocateMPURegions
                0x0000000008000d08                vTaskDelete
                0x0000000008000dac                uxTaskPriorityGet
                0x0000000008000dcc                uxTaskPriorityGetFromISR
                0x0000000008000df0                vTaskPrioritySet
                0x0000000008000ed8                vTaskResume
                0x0000000008000f50                xTaskResumeFromISR
                0x0000000008000fdc                vTaskEndScheduler
                0x0000000008000ff8                vTaskSuspendAll
                0x000000000800100c                xTaskGetTickCount
                0x0000000008001018                xTaskGetTickCountFromISR
                0x0000000008001024                uxTaskGetNumberOfTasks
                0x0000000008001030                xTaskGenericNotify
                0x00000000080010ec                xTaskGenericNotifyFromISR
                0x00000000080011c0                xTaskNotifyWait
                0x000000000800129c                vTaskNotifyGiveFromISR
                0x0000000008001340                ulTaskNotifyTake
                0x00000000080013fc                xTaskIncrementTick
                0x000000000800151c                xTaskResumeAll
                0x00000000080015fc                vTaskDelay
                0x0000000008001664                vTaskDelayUntil
                0x0000000008001758                vTaskPlaceOnEventList
                0x00000000080017bc                vTaskPlaceOnUnorderedEventList
                0x0000000008001834                vTaskPlaceOnEventListRestricted
                0x0000000008001898                xTaskRemoveFromEventList
                0x0000000008001910                xTaskRemoveFromUnorderedEventList
                0x0000000008001978                vTaskSwitchContext
                0x0000000008001a30                vTaskSuspend
                0x0000000008001ae4                uxTaskResetEventItemValue
                0x0000000008001b04                xTaskGetCurrentTaskHandle
                0x0000000008001b10                vTaskSetTimeOutState
                0x0000000008001b2c                xTaskCheckForTimeOut
                0x0000000008001b8c                vTaskMissedYield
                0x0000000008001b9c                xTaskGetSchedulerState
                0x0000000008001bbc                vTaskPriorityInherit
                0x0000000008001c70                xTaskPriorityDisinherit
                0x0000000008001d08                xTaskGenericCreate
                0x0000000008001e3c                vTaskStartScheduler
                0x0000000008001ea0                pvTaskIncrementMutexHeldCount
 privileged_functions
                0x0000000008001ec0      0x3dc ./FreeRTOS/source/timers.o
                0x0000000008001f64                xTimerCreate
                0x0000000008001fa4                pvTimerGetTimerID
                0x0000000008001fbc                vTimerSetTimerID
                0x0000000008001fd4                xTimerIsTimerActive
                0x0000000008001ff0                pcTimerGetTimerName
                0x0000000008001ffc                xTimerCreateTimerTask
                0x0000000008002040                xTimerGenericCommand
 privileged_functions
                0x000000000800229c       0x3c ./FreeRTOS/MemoryManager/heap_tlsf.o
                0x000000000800229c                pvPortMalloc
                0x00000000080022bc                vPortFree
 privileged_functions
                0x00000000080022d8      0x35c ./FreeRTOS/ARM_CM3_MPU/port.o
                0x0000000008002444                pxPortInitialiseStack
                0x0000000008002478                xPortStartScheduler
                0x00000000080024a8                vPortEndScheduler
                0x00000000080024bc                vPortStoreTaskMPUSettings
                0x000000000800259c                xPortPendSVHandler
                0x00000000080025f0                xPortSysTickHandler
                0x0000000008002618                vPortSVCHandler
                0x0000000008004000                . = ALIGN (_Privileged_Functions_Region_Size)
 *fill*         0x0000000008002634     0x19cc ff
                0x0000000008004000                __privileged_functions_end__ = .

.inits          0x0000000008004000       0x28
                0x0000000008004000                __data_regions_array_start = .
                0x0000000008004000        0x4 LONG 0x800d168 LOADADDR (.data)
                0x0000000008004004        0x4 LONG 0x20000000 ADDR (.data)
                0x0000000008004008        0x4 LONG 0x200008d0 (ADDR (.data) + SIZEOF (.data))
                0x000000000800400c        0x4 LONG 0x800d168 LOADADDR (.data_CCMRAM)
                0x0000000008004010        0x4 LONG 0x10000000 ADDR (.data_CCMRAM)
                0x0000000008004014        0x4 LONG 0x10000000 (ADDR (.data_CCMRAM) + SIZEOF (.data_CCMRAM))
                0x0000000008004018                __data_regions_array_end = .
                0x0000000008004018                __bss_regions_array_start = .
                0x0000000008004018        0x4 LONG 0x200008d0 ADDR (.bss)
                0x000000000800401c        0x4 LONG 0x200009ac (ADDR (.bss) + SIZEOF (.bss))
                0x0000000008004020        0x4 LONG 0x10000000 ADDR (.bss_CCMRAM)
                0x0000000008004024        0x4 LONG 0x10000000 (ADDR (.bss_CCMRAM) + SIZEOF (.bss_CCMRAM))
                0x0000000008004028                __bss_regions_array_end = .
 *(.init)
 *(.fini)
                0x0000000008004028                . = ALIGN (0x4)
                0x0000000008004028                PROVIDE (__preinit_array_start, .)
 *(.preinit_array_sysinit .preinit_array_sysinit.*)
 *(.preinit_array_platform .preinit_array_platform.*)
 *(.preinit_array .preinit_array.*)
                0x0000000008004028                PROVIDE (__preinit_array_end, .)
                0x0000000008004028                . = ALIGN (0x4)
                0x0000000008004028                PROVIDE (__init_array_start, .)
 *(SORT(.init_array.*))
 *(.init_array)
                0x0000000008004028                PROVIDE (__init_array_end, .)
                0x0000000008004028                . = ALIGN (0x4)
                0x0000000008004028                PROVIDE (__fini_array_start, .)
 *(SORT(.fini_array.*))
 *(.fini_array)
                0x0000000008004028                PROVIDE (__fini_array_end, .)

.flashtext
 *(.flashtext .flashtext.*)

.text           0x0000000008004028     0x9138
 *(.text .text.*)
 .text.HAL_MspInit
                0x0000000008004028        0x4 ./system/src/stm32f4-hal/stm32f4xx_hal.o
                0x0000000008004028                HAL_MspInit
 .text.HAL_Init
                0x000000000800402c       0x30 ./system/src/stm32f4-hal/stm32f4xx_hal.o
                0x000000000800402c                HAL_Init
 .text.HAL_NVIC_SetPriorityGrouping
                0x000000000800405c       0x3c ./system/src/stm32f4-hal/stm32f4xx_hal_cortex.o
                0x000000000800405c                HAL_NVIC_SetPriorityGrouping
 .text.HAL_GPIO_Init
                0x0000000008004098      0x32c ./system/src/stm32f4-hal/stm32f4xx_hal_gpio.o
                0x0000000008004098                HAL_GPIO_Init
 .text.HAL_GPIO_TogglePin
                0x00000000080043c4       0x20 ./system/src/stm32f4-hal/stm32f4xx_hal_gpio.o
                0x00000000080043c4                HAL_GPIO_TogglePin
 .text.HAL_SRAM_MspInit
                0x00000000080043e4        0x4 ./system/src/stm32f4-hal/stm32f4xx_hal_sram.o
                0x00000000080043e4                HAL_SRAM_MspInit
 .text.HAL_SRAM_Init
                0x00000000080043e8       0x58 ./system/src/stm32f4-hal/stm32f4xx_hal_sram.o
                0x00000000080043e8                HAL_SRAM_Init
 .text.FSMC_NORSRAM_Init
                0x0000000008004440      0x14c ./system/src/stm32f4-hal/stm32f4xx_ll_fsmc.o
                0x0000000008004440                FSMC_NORSRAM_Init
 .text.FSMC_NORSRAM_Timing_Init
                0x000000000800458c       0xc4 ./system/src/stm32f4-hal/stm32f4xx_ll_fsmc.o
                0x000000000800458c                FSMC_NORSRAM_Timing_Init
 .text.FSMC_NORSRAM_Extended_Timing_Init
                0x0000000008004650       0xe0 ./system/src/stm32f4-hal/stm32f4xx_ll_fsmc.o
                0x0000000008004650                FSMC_NORSRAM_Extended_Timing_Init
 .text._exit    0x0000000008004730        0x4 ./system/src/newlib/_exit.o
                0x0000000008004730                _exit
 .text.abort    0x0000000008004734       0x14 ./system/src/newlib/_exit.o
                0x0000000008004734                abort
 .text._sbrk    0x0000000008004748       0x44 ./system/src/newlib/_sbrk.o
                0x0000000008004748                _sbrk
 .text.__initialize_args
                0x000000000800478c       0x10 ./system/src/newlib/_syscalls.o
                0x000000000800478c                __initialize_args
 .text.__assert_func
                0x000000000800479c       0x34 ./system/src/newlib/assert.o
                0x000000000800479c                __assert_func
 .text.assert_failed
                0x00000000080047d0       0x14 ./system/src/newlib/assert.o
                0x00000000080047d0                assert_failed
 .text.trace_printf
                0x00000000080047e4       0x30 ./system/src/diag/Trace.o
                0x00000000080047e4                trace_printf
 .text.trace_puts
                0x0000000008004814       0x20 ./system/src/diag/Trace.o
                0x0000000008004814                trace_puts
 .text._trace_write_semihosting_debug
                0x0000000008004834       0x64 ./system/src/diag/trace_impl.o
 .text.trace_write
                0x0000000008004898        0x8 ./system/src/diag/trace_impl.o
                0x0000000008004898                trace_write
 .text.__initialize_hardware_early
                0x00000000080048a0        0x8 ./system/src/cortexm/_initialize_hardware.o
                0x00000000080048a0                __initialize_hardware_early
 .text.__initialize_hardware
                0x00000000080048a8        0x8 ./system/src/cortexm/_initialize_hardware.o
                0x00000000080048a8                __initialize_hardware
 .text.dumpExceptionStack
                0x00000000080048b0       0xf0 ./system/src/cortexm/exception_handlers.o
                0x00000000080048b0                dumpExceptionStack
 .text.isSemihosting
                0x00000000080049a0       0x20 ./system/src/cortexm/exception_handlers.o
                0x00000000080049a0                isSemihosting
 .text.vApplicationStackOverflowHook
                0x00000000080049c0        0x4 ./system/src/cortexm/exception_handlers.o
                0x00000000080049c0                vApplicationStackOverflowHook
 .text.SetSysClock
                0x00000000080049c4       0xc4 ./system/src/cmsis/system_stm32f4xx.o
 .text.SystemInit
                0x0000000008004a88       0x68 ./system/src/cmsis/system_stm32f4xx.o
                0x0000000008004a88                SystemInit
 .text.SystemCoreClockUpdate
                0x0000000008004af0       0xa0 ./system/src/cmsis/system_stm32f4xx.o
                0x0000000008004af0                SystemCoreClockUpdate
 .text.ili9325_GetLcdPixelWidth
                0x0000000008004b90        0x8 ./system/STM324xG_EVAL/ili9325.o
                0x0000000008004b90                ili9325_GetLcdPixelWidth
 .text.ili9325_GetLcdPixelHeight
                0x0000000008004b98        0x4 ./system/STM324xG_EVAL/ili9325.o
                0x0000000008004b98                ili9325_GetLcdPixelHeight
 .text.ili9325_WriteReg
                0x0000000008004b9c       0x10 ./system/STM324xG_EVAL/ili9325.o
                0x0000000008004b9c                ili9325_WriteReg
 .text.ili9325_DisplayOn
                0x0000000008004bac       0x60 ./system/STM324xG_EVAL/ili9325.o
                0x0000000008004bac                ili9325_DisplayOn
 .text.ili9325_DisplayOff
                0x0000000008004c0c       0x34 ./system/STM324xG_EVAL/ili9325.o
                0x0000000008004c0c                ili9325_DisplayOff
 .text.ili9325_SetCursor
                0x0000000008004c40       0x1c ./system/STM324xG_EVAL/ili9325.o
                0x0000000008004c40                ili9325_SetCursor
 .text.ili9325_WritePixel
                0x0000000008004c5c       0x18 ./system/STM324xG_EVAL/ili9325.o
                0x0000000008004c5c                ili9325_WritePixel
 .text.ili9325_ReadPixel
                0x0000000008004c74       0x18 ./system/STM324xG_EVAL/ili9325.o
                0x0000000008004c74                ili9325_ReadPixel
 .text.ili9325_DrawHLine
                0x0000000008004c8c       0x28 ./system/STM324xG_EVAL/ili9325.o
                0x0000000008004c8c                ili9325_DrawHLine
 .text.ili9325_DrawRGBImage
                0x0000000008004cb4       0x28 ./system/STM324xG_EVAL/ili9325.o
                0x0000000008004cb4                ili9325_DrawRGBImage
 .text.ili9325_Init
                0x0000000008004cdc      0x1e8 ./system/STM324xG_EVAL/ili9325.o
                0x0000000008004cdc                ili9325_Init
 .text.ili9325_SetDisplayWindow
                0x0000000008004ec4       0x3c ./system/STM324xG_EVAL/ili9325.o
                0x0000000008004ec4                ili9325_SetDisplayWindow
 .text.ili9325_DrawVLine
                0x0000000008004f00       0x40 ./system/STM324xG_EVAL/ili9325.o
                0x0000000008004f00                ili9325_DrawVLine
 .text.ili9325_DrawBitmap
                0x0000000008004f40       0x58 ./system/STM324xG_EVAL/ili9325.o
                0x0000000008004f40                ili9325_DrawBitmap
 .text.ili9325_ReadReg
                0x0000000008004f98        0xc ./system/STM324xG_EVAL/ili9325.o
                0x0000000008004f98                ili9325_ReadReg
 .text.ili9325_ReadID
                0x0000000008004fa4       0x10 ./system/STM324xG_EVAL/ili9325.o
                0x0000000008004fa4                ili9325_ReadID
 .text.FSMC_BANK3_WriteData
                0x0000000008004fb4        0x8 ./system/STM324xG_EVAL/stm324xg_eval.o
 .text.FSMC_BANK3_WriteReg
                0x0000000008004fbc        0x8 ./system/STM324xG_EVAL/stm324xg_eval.o
 .text.FSMC_BANK3_ReadData
                0x0000000008004fc4        0xc ./system/STM324xG_EVAL/stm324xg_eval.o
 .text.FSMC_BANK3_MspInit
                0x0000000008004fd0       0xc4 ./system/STM324xG_EVAL/stm324xg_eval.o
 .text.FSMC_BANK3_Init
                0x0000000008005094       0x60 ./system/STM324xG_EVAL/stm324xg_eval.o
 .text.BSP_LED_Init
                0x00000000080050f4       0x98 ./system/STM324xG_EVAL/stm324xg_eval.o
                0x00000000080050f4                BSP_LED_Init
 .text.BSP_LED_Toggle
                0x000000000800518c       0x18 ./system/STM324xG_EVAL/stm324xg_eval.o
                0x000000000800518c                BSP_LED_Toggle
 .text.LCD_IO_Init
                0x00000000080051a4       0x18 ./system/STM324xG_EVAL/stm324xg_eval.o
                0x00000000080051a4                LCD_IO_Init
 .text.LCD_IO_WriteData
                0x00000000080051bc        0x8 ./system/STM324xG_EVAL/stm324xg_eval.o
                0x00000000080051bc                LCD_IO_WriteData
 .text.LCD_IO_WriteReg
                0x00000000080051c4        0x8 ./system/STM324xG_EVAL/stm324xg_eval.o
                0x00000000080051c4                LCD_IO_WriteReg
 .text.LCD_IO_ReadData
                0x00000000080051cc        0x8 ./system/STM324xG_EVAL/stm324xg_eval.o
                0x00000000080051cc                LCD_IO_ReadData
 .text.BSP_LCD_GetXSize
                0x00000000080051d4       0x10 ./system/STM324xG_EVAL/stm324xg_eval_lcd.o
                0x00000000080051d4                BSP_LCD_GetXSize
 .text.BSP_LCD_GetYSize
                0x00000000080051e4       0x10 ./system/STM324xG_EVAL/stm324xg_eval_lcd.o
                0x00000000080051e4                BSP_LCD_GetYSize
 .text.BSP_LCD_SetTextColor
                0x00000000080051f4        0xc ./system/STM324xG_EVAL/stm324xg_eval_lcd.o
                0x00000000080051f4                BSP_LCD_SetTextColor
 .text.BSP_LCD_SetBackColor
                0x0000000008005200        0xc ./system/STM324xG_EVAL/stm324xg_eval_lcd.o
                0x0000000008005200                BSP_LCD_SetBackColor
 .text.BSP_LCD_SetFont
                0x000000000800520c        0xc ./system/STM324xG_EVAL/stm324xg_eval_lcd.o
                0x000000000800520c                BSP_LCD_SetFont
 .text.BSP_LCD_Init
                0x0000000008005218       0x48 ./system/STM324xG_EVAL/stm324xg_eval_lcd.o
                0x0000000008005218                BSP_LCD_Init
 .text.BSP_LCD_GetFont
                0x0000000008005260        0xc ./system/STM324xG_EVAL/stm324xg_eval_lcd.o
                0x0000000008005260                BSP_LCD_GetFont
 .text.BSP_LCD_DrawPixel
                0x000000000800526c       0x14 ./system/STM324xG_EVAL/stm324xg_eval_lcd.o
                0x000000000800526c                BSP_LCD_DrawPixel
 .text.DrawChar
                0x0000000008005280       0xb8 ./system/STM324xG_EVAL/stm324xg_eval_lcd.o
 .text.BSP_LCD_DisplayChar
                0x0000000008005338       0x24 ./system/STM324xG_EVAL/stm324xg_eval_lcd.o
                0x0000000008005338                BSP_LCD_DisplayChar
 .text.BSP_LCD_DisplayStringAt
                0x000000000800535c       0xa0 ./system/STM324xG_EVAL/stm324xg_eval_lcd.o
                0x000000000800535c                BSP_LCD_DisplayStringAt
 .text.BSP_LCD_DisplayStringAtLine
                0x00000000080053fc       0x20 ./system/STM324xG_EVAL/stm324xg_eval_lcd.o
                0x00000000080053fc                BSP_LCD_DisplayStringAtLine
 .text.BSP_LCD_DrawHLine
                0x000000000800541c       0x40 ./system/STM324xG_EVAL/stm324xg_eval_lcd.o
                0x000000000800541c                BSP_LCD_DrawHLine
 .text.BSP_LCD_Clear
                0x000000000800545c       0x34 ./system/STM324xG_EVAL/stm324xg_eval_lcd.o
                0x000000000800545c                BSP_LCD_Clear
 .text.EXTI15_10_IRQHandler
                0x0000000008005490       0x10 ./src/button.o
                0x0000000008005490                EXTI15_10_IRQHandler
 .text.EXTI0_IRQHandler
                0x00000000080054a0        0xc ./src/button.o
                0x00000000080054a0                EXTI0_IRQHandler
 .text._Z8lcd_initv
                0x00000000080054ac       0x20 ./src/lcd.o
                0x00000000080054ac                lcd_init()
 .text._Z14lcd_write_linejPc
                0x00000000080054cc       0x1c ./src/lcd.o
                0x00000000080054cc                lcd_write_line(unsigned int, char*)
 .text._Z9test_taskPv
                0x00000000080054e8       0x24 ./src/main.o
                0x00000000080054e8                test_task(void*)
 .text.main     0x000000000800550c       0x48 ./src/main.o
                0x000000000800550c                main
 .text._Z11init_systemv
                0x0000000008005554       0x30 ./src/system_support.o
                0x0000000008005554                init_system()
 .text.vListInitialise
                0x0000000008005584       0x18 ./FreeRTOS/source/list.o
                0x0000000008005584                vListInitialise
 .text.vListInitialiseItem
                0x000000000800559c        0x8 ./FreeRTOS/source/list.o
                0x000000000800559c                vListInitialiseItem
 .text.vListInsertEnd
                0x00000000080055a4       0x18 ./FreeRTOS/source/list.o
                0x00000000080055a4                vListInsertEnd
 .text.vListInsert
                0x00000000080055bc       0x34 ./FreeRTOS/source/list.o
                0x00000000080055bc                vListInsert
 .text.uxListRemove
                0x00000000080055f0       0x24 ./FreeRTOS/source/list.o
                0x00000000080055f0                uxListRemove
 .text.prvResetNextTaskUnblockTime
                0x0000000008005614       0x34 ./FreeRTOS/source/tasks.o
 .text.prvIdleTask
                0x0000000008005648        0x8 ./FreeRTOS/source/tasks.o
 .text.vPortInitMemory
                0x0000000008005650       0x20 ./FreeRTOS/MemoryManager/heap_tlsf.o
                0x0000000008005650                vPortInitMemory
 .text.block_size
                0x0000000008005670        0x8 ./FreeRTOS/MemoryManager/tlsf.o
 .text.block_set_size
                0x0000000008005678        0xc ./FreeRTOS/MemoryManager/tlsf.o
 .text.block_is_last
                0x0000000008005684       0x10 ./FreeRTOS/MemoryManager/tlsf.o
 .text.block_is_free
                0x0000000008005694        0x8 ./FreeRTOS/MemoryManager/tlsf.o
 .text.block_set_free
                0x000000000800569c        0xc ./FreeRTOS/MemoryManager/tlsf.o
 .text.block_set_used
                0x00000000080056a8        0xc ./FreeRTOS/MemoryManager/tlsf.o
 .text.block_is_prev_free
                0x00000000080056b4        0x8 ./FreeRTOS/MemoryManager/tlsf.o
 .text.block_set_prev_free
                0x00000000080056bc        0xc ./FreeRTOS/MemoryManager/tlsf.o
 .text.block_set_prev_used
                0x00000000080056c8        0xc ./FreeRTOS/MemoryManager/tlsf.o
 .text.block_from_ptr
                0x00000000080056d4        0x4 ./FreeRTOS/MemoryManager/tlsf.o
 .text.block_to_ptr
                0x00000000080056d8        0x4 ./FreeRTOS/MemoryManager/tlsf.o
 .text.offset_to_block
                0x00000000080056dc        0x4 ./FreeRTOS/MemoryManager/tlsf.o
 .text.block_prev
                0x00000000080056e0        0x4 ./FreeRTOS/MemoryManager/tlsf.o
 .text.block_can_split
                0x00000000080056e4       0x14 ./FreeRTOS/MemoryManager/tlsf.o
 .text.control_construct
                0x00000000080056f8       0x38 ./FreeRTOS/MemoryManager/tlsf.o
 .text.block_next
                0x0000000008005730       0x40 ./FreeRTOS/MemoryManager/tlsf.o
 .text.block_link_next
                0x0000000008005770        0xc ./FreeRTOS/MemoryManager/tlsf.o
 .text.block_mark_as_free
                0x000000000800577c       0x14 ./FreeRTOS/MemoryManager/tlsf.o
 .text.block_mark_as_used
                0x0000000008005790       0x14 ./FreeRTOS/MemoryManager/tlsf.o
 .text.align_down
                0x00000000080057a4       0x28 ./FreeRTOS/MemoryManager/tlsf.o
 .text.align_ptr
                0x00000000080057cc       0x2c ./FreeRTOS/MemoryManager/tlsf.o
 .text.insert_free_block
                0x00000000080057f8       0x9c ./FreeRTOS/MemoryManager/tlsf.o
 .text.remove_free_block
                0x0000000008005894       0x80 ./FreeRTOS/MemoryManager/tlsf.o
 .text.align_up
                0x0000000008005914       0x2c ./FreeRTOS/MemoryManager/tlsf.o
 .text.adjust_request_size
                0x0000000008005940       0x20 ./FreeRTOS/MemoryManager/tlsf.o
 .text.block_split
                0x0000000008005960       0xa0 ./FreeRTOS/MemoryManager/tlsf.o
 .text.block_absorb
                0x0000000008005a00       0x40 ./FreeRTOS/MemoryManager/tlsf.o
 .text.tlsf_fls
                0x0000000008005a40       0x14 ./FreeRTOS/MemoryManager/tlsf.o
 .text.mapping_insert
                0x0000000008005a54       0x30 ./FreeRTOS/MemoryManager/tlsf.o
 .text.block_insert
                0x0000000008005a84       0x28 ./FreeRTOS/MemoryManager/tlsf.o
 .text.block_trim_free
                0x0000000008005aac       0x54 ./FreeRTOS/MemoryManager/tlsf.o
 .text.block_prepare_used
                0x0000000008005b00       0x1c ./FreeRTOS/MemoryManager/tlsf.o
 .text.block_remove
                0x0000000008005b1c       0x28 ./FreeRTOS/MemoryManager/tlsf.o
 .text.block_merge_prev
                0x0000000008005b44       0x60 ./FreeRTOS/MemoryManager/tlsf.o
 .text.block_merge_next
                0x0000000008005ba4       0x60 ./FreeRTOS/MemoryManager/tlsf.o
 .text.mapping_search
                0x0000000008005c04       0x28 ./FreeRTOS/MemoryManager/tlsf.o
 .text.tlsf_ffs
                0x0000000008005c2c       0x14 ./FreeRTOS/MemoryManager/tlsf.o
 .text.search_suitable_block
                0x0000000008005c40       0x74 ./FreeRTOS/MemoryManager/tlsf.o
 .text.block_locate_free
                0x0000000008005cb4       0x64 ./FreeRTOS/MemoryManager/tlsf.o
 .text.tlsf_size
                0x0000000008005d18        0x8 ./FreeRTOS/MemoryManager/tlsf.o
                0x0000000008005d18                tlsf_size
 .text.tlsf_pool_overhead
                0x0000000008005d20        0x4 ./FreeRTOS/MemoryManager/tlsf.o
                0x0000000008005d20                tlsf_pool_overhead
 .text.tlsf_add_pool
                0x0000000008005d24       0x7c ./FreeRTOS/MemoryManager/tlsf.o
                0x0000000008005d24                tlsf_add_pool
 .text.tlsf_create
                0x0000000008005da0       0x18 ./FreeRTOS/MemoryManager/tlsf.o
                0x0000000008005da0                tlsf_create
 .text.tlsf_create_with_pool
                0x0000000008005db8       0x20 ./FreeRTOS/MemoryManager/tlsf.o
                0x0000000008005db8                tlsf_create_with_pool
 .text.tlsf_malloc
                0x0000000008005dd8       0x24 ./FreeRTOS/MemoryManager/tlsf.o
                0x0000000008005dd8                tlsf_malloc
 .text.tlsf_free
                0x0000000008005dfc       0x50 ./FreeRTOS/MemoryManager/tlsf.o
                0x0000000008005dfc                tlsf_free
 .text.prvRaisePrivilege
                0x0000000008005e4c       0x14 ./FreeRTOS/ARM_CM3_MPU/port.o
 .text.vPortEnterCritical
                0x0000000008005e60       0x30 ./FreeRTOS/ARM_CM3_MPU/port.o
                0x0000000008005e60                vPortEnterCritical
 .text.vPortExitCritical
                0x0000000008005e90       0x38 ./FreeRTOS/ARM_CM3_MPU/port.o
                0x0000000008005e90                vPortExitCritical
 .text.MPU_xTaskGenericCreate
                0x0000000008005ec8       0x4c ./FreeRTOS/ARM_CM3_MPU/port.o
                0x0000000008005ec8                MPU_xTaskGenericCreate
 .text.MPU_vTaskDelay
                0x0000000008005f14       0x24 ./FreeRTOS/ARM_CM3_MPU/port.o
                0x0000000008005f14                MPU_vTaskDelay
 .text.__errno  0x0000000008005f38        0xc /usr/lib/gcc/arm-none-eabi/5.2.0/../../../../arm-none-eabi/lib/armv7e-m/libg.a(lib_a-errno.o)
                0x0000000008005f38                __errno
 .text          0x0000000008005f44      0x134 /usr/lib/gcc/arm-none-eabi/5.2.0/../../../../arm-none-eabi/lib/armv7e-m/libg.a(lib_a-memcpy.o)
                0x0000000008005f44                memcpy
 .text.memset   0x0000000008006078       0x9c /usr/lib/gcc/arm-none-eabi/5.2.0/../../../../arm-none-eabi/lib/armv7e-m/libg.a(lib_a-memset.o)
                0x0000000008006078                memset
 .text.strlen   0x0000000008006114       0x5c /usr/lib/gcc/arm-none-eabi/5.2.0/../../../../arm-none-eabi/lib/armv7e-m/libg.a(lib_a-strlen.o)
                0x0000000008006114                strlen
 .text._vsnprintf_r
                0x0000000008006170       0x74 /usr/lib/gcc/arm-none-eabi/5.2.0/../../../../arm-none-eabi/lib/armv7e-m/libg.a(lib_a-vsnprintf.o)
                0x0000000008006170                _vsnprintf_r
 .text.vsnprintf
                0x00000000080061e4       0x20 /usr/lib/gcc/arm-none-eabi/5.2.0/../../../../arm-none-eabi/lib/armv7e-m/libg.a(lib_a-vsnprintf.o)
                0x00000000080061e4                vsnprintf
 .text._svfprintf_r
                0x0000000008006204     0x1678 /usr/lib/gcc/arm-none-eabi/5.2.0/../../../../arm-none-eabi/lib/armv7e-m/libg.a(lib_a-svfprintf.o)
                0x0000000008006204                _svfprintf_r
 .text.quorem   0x000000000800787c      0x128 /usr/lib/gcc/arm-none-eabi/5.2.0/../../../../arm-none-eabi/lib/armv7e-m/libg.a(lib_a-dtoa.o)
 *fill*         0x00000000080079a4        0x4 
 .text._dtoa_r  0x00000000080079a8      0xe58 /usr/lib/gcc/arm-none-eabi/5.2.0/../../../../arm-none-eabi/lib/armv7e-m/libg.a(lib_a-dtoa.o)
                0x00000000080079a8                _dtoa_r
 .text._localeconv_r
                0x0000000008008800        0x8 /usr/lib/gcc/arm-none-eabi/5.2.0/../../../../arm-none-eabi/lib/armv7e-m/libg.a(lib_a-locale.o)
                0x0000000008008800                _localeconv_r
 .text._malloc_r
                0x0000000008008808      0x570 /usr/lib/gcc/arm-none-eabi/5.2.0/../../../../arm-none-eabi/lib/armv7e-m/libg.a(lib_a-mallocr.o)
                0x0000000008008808                _malloc_r
 .text.memchr   0x0000000008008d78       0x88 /usr/lib/gcc/arm-none-eabi/5.2.0/../../../../arm-none-eabi/lib/armv7e-m/libg.a(lib_a-memchr.o)
                0x0000000008008d78                memchr
 .text.__malloc_lock
                0x0000000008008e00        0x4 /usr/lib/gcc/arm-none-eabi/5.2.0/../../../../arm-none-eabi/lib/armv7e-m/libg.a(lib_a-mlock.o)
                0x0000000008008e00                __malloc_lock
 .text.__malloc_unlock
                0x0000000008008e04        0x4 /usr/lib/gcc/arm-none-eabi/5.2.0/../../../../arm-none-eabi/lib/armv7e-m/libg.a(lib_a-mlock.o)
                0x0000000008008e04                __malloc_unlock
 .text._Balloc  0x0000000008008e08       0x4c /usr/lib/gcc/arm-none-eabi/5.2.0/../../../../arm-none-eabi/lib/armv7e-m/libg.a(lib_a-mprec.o)
                0x0000000008008e08                _Balloc
 .text._Bfree   0x0000000008008e54       0x14 /usr/lib/gcc/arm-none-eabi/5.2.0/../../../../arm-none-eabi/lib/armv7e-m/libg.a(lib_a-mprec.o)
                0x0000000008008e54                _Bfree
 .text.__multadd
                0x0000000008008e68       0x80 /usr/lib/gcc/arm-none-eabi/5.2.0/../../../../arm-none-eabi/lib/armv7e-m/libg.a(lib_a-mprec.o)
                0x0000000008008e68                __multadd
 .text.__hi0bits
                0x0000000008008ee8       0x40 /usr/lib/gcc/arm-none-eabi/5.2.0/../../../../arm-none-eabi/lib/armv7e-m/libg.a(lib_a-mprec.o)
                0x0000000008008ee8                __hi0bits
 .text.__lo0bits
                0x0000000008008f28       0x5c /usr/lib/gcc/arm-none-eabi/5.2.0/../../../../arm-none-eabi/lib/armv7e-m/libg.a(lib_a-mprec.o)
                0x0000000008008f28                __lo0bits
 .text.__i2b    0x0000000008008f84       0x14 /usr/lib/gcc/arm-none-eabi/5.2.0/../../../../arm-none-eabi/lib/armv7e-m/libg.a(lib_a-mprec.o)
                0x0000000008008f84                __i2b
 .text.__multiply
                0x0000000008008f98      0x130 /usr/lib/gcc/arm-none-eabi/5.2.0/../../../../arm-none-eabi/lib/armv7e-m/libg.a(lib_a-mprec.o)
                0x0000000008008f98                __multiply
 .text.__pow5mult
                0x00000000080090c8       0xa0 /usr/lib/gcc/arm-none-eabi/5.2.0/../../../../arm-none-eabi/lib/armv7e-m/libg.a(lib_a-mprec.o)
                0x00000000080090c8                __pow5mult
 .text.__lshift
                0x0000000008009168       0xb0 /usr/lib/gcc/arm-none-eabi/5.2.0/../../../../arm-none-eabi/lib/armv7e-m/libg.a(lib_a-mprec.o)
                0x0000000008009168                __lshift
 .text.__mcmp   0x0000000008009218       0x40 /usr/lib/gcc/arm-none-eabi/5.2.0/../../../../arm-none-eabi/lib/armv7e-m/libg.a(lib_a-mprec.o)
                0x0000000008009218                __mcmp
 .text.__mdiff  0x0000000008009258      0x114 /usr/lib/gcc/arm-none-eabi/5.2.0/../../../../arm-none-eabi/lib/armv7e-m/libg.a(lib_a-mprec.o)
                0x0000000008009258                __mdiff
 .text.__d2b    0x000000000800936c       0xb8 /usr/lib/gcc/arm-none-eabi/5.2.0/../../../../arm-none-eabi/lib/armv7e-m/libg.a(lib_a-mprec.o)
                0x000000000800936c                __d2b
 .text.__fpclassifyd
                0x0000000008009424       0x54 /usr/lib/gcc/arm-none-eabi/5.2.0/../../../../arm-none-eabi/lib/armv7e-m/libg.a(lib_a-s_fpclassify.o)
                0x0000000008009424                __fpclassifyd
 .text._sbrk_r  0x0000000008009478       0x24 /usr/lib/gcc/arm-none-eabi/5.2.0/../../../../arm-none-eabi/lib/armv7e-m/libg.a(lib_a-sbrkr.o)
                0x0000000008009478                _sbrk_r
 .text.__ssprint_r
                0x000000000800949c      0x100 /usr/lib/gcc/arm-none-eabi/5.2.0/../../../../arm-none-eabi/lib/armv7e-m/libg.a(lib_a-svfiprintf.o)
                0x000000000800949c                __ssprint_r
 .text._calloc_r
                0x000000000800959c       0x60 /usr/lib/gcc/arm-none-eabi/5.2.0/../../../../arm-none-eabi/lib/armv7e-m/libg.a(lib_a-callocr.o)
                0x000000000800959c                _calloc_r
 .text._malloc_trim_r
                0x00000000080095fc       0x9c /usr/lib/gcc/arm-none-eabi/5.2.0/../../../../arm-none-eabi/lib/armv7e-m/libg.a(lib_a-freer.o)
                0x00000000080095fc                _malloc_trim_r
 .text._free_r  0x0000000008009698      0x1d0 /usr/lib/gcc/arm-none-eabi/5.2.0/../../../../arm-none-eabi/lib/armv7e-m/libg.a(lib_a-freer.o)
                0x0000000008009698                _free_r
 .text.memmove  0x0000000008009868       0xc8 /usr/lib/gcc/arm-none-eabi/5.2.0/../../../../arm-none-eabi/lib/armv7e-m/libg.a(lib_a-memmove.o)
                0x0000000008009868                memmove
 .text._realloc_r
                0x0000000008009930      0x3d8 /usr/lib/gcc/arm-none-eabi/5.2.0/../../../../arm-none-eabi/lib/armv7e-m/libg.a(lib_a-reallocr.o)
                0x0000000008009930                _realloc_r
 .text          0x0000000008009d08      0x370 /usr/lib/gcc/arm-none-eabi/5.2.0/armv7e-m/libgcc.a(_arm_addsubdf3.o)
                0x0000000008009d08                __aeabi_drsub
                0x0000000008009d10                __aeabi_dsub
                0x0000000008009d10                __subdf3
                0x0000000008009d14                __adddf3
                0x0000000008009d14                __aeabi_dadd
                0x0000000008009f8c                __aeabi_ui2d
                0x0000000008009f8c                __floatunsidf
                0x0000000008009fac                __floatsidf
                0x0000000008009fac                __aeabi_i2d
                0x0000000008009fd0                __extendsfdf2
                0x0000000008009fd0                __aeabi_f2d
                0x000000000800a00c                __aeabi_ul2d
                0x000000000800a00c                __floatundidf
                0x000000000800a01c                __floatdidf
                0x000000000800a01c                __aeabi_l2d
 .text          0x000000000800a078      0x424 /usr/lib/gcc/arm-none-eabi/5.2.0/armv7e-m/libgcc.a(_arm_muldivdf3.o)
                0x000000000800a078                __aeabi_dmul
                0x000000000800a078                __muldf3
                0x000000000800a2cc                __aeabi_ddiv
                0x000000000800a2cc                __divdf3
 .text          0x000000000800a49c      0x110 /usr/lib/gcc/arm-none-eabi/5.2.0/armv7e-m/libgcc.a(_arm_cmpdf2.o)
                0x000000000800a49c                __gtdf2
                0x000000000800a49c                __gedf2
                0x000000000800a4a4                __ltdf2
                0x000000000800a4a4                __ledf2
                0x000000000800a4ac                __cmpdf2
                0x000000000800a4ac                __eqdf2
                0x000000000800a4ac                __nedf2
                0x000000000800a528                __aeabi_cdrcmple
                0x000000000800a538                __aeabi_cdcmple
                0x000000000800a538                __aeabi_cdcmpeq
                0x000000000800a548                __aeabi_dcmpeq
                0x000000000800a55c                __aeabi_dcmplt
                0x000000000800a570                __aeabi_dcmple
                0x000000000800a584                __aeabi_dcmpge
                0x000000000800a598                __aeabi_dcmpgt
 .text          0x000000000800a5ac       0x50 /usr/lib/gcc/arm-none-eabi/5.2.0/armv7e-m/libgcc.a(_arm_fixdfsi.o)
                0x000000000800a5ac                __fixdfsi
                0x000000000800a5ac                __aeabi_d2iz
 .text          0x000000000800a5fc       0x30 /usr/lib/gcc/arm-none-eabi/5.2.0/armv7e-m/libgcc.a(_aeabi_uldivmod.o)
                0x000000000800a5fc                __aeabi_uldivmod
 .text          0x000000000800a62c      0x2e4 /usr/lib/gcc/arm-none-eabi/5.2.0/armv7e-m/libgcc.a(_udivmoddi4.o)
                0x000000000800a62c                __udivmoddi4
 .text          0x000000000800a910        0x4 /usr/lib/gcc/arm-none-eabi/5.2.0/armv7e-m/libgcc.a(_dvmd_tls.o)
                0x000000000800a910                __aeabi_ldiv0
                0x000000000800a910                __aeabi_idiv0
 *(.rodata .rodata.* .constdata .constdata.*)
 .rodata.str1.4
                0x000000000800a914       0x31 ./system/src/stm32f4-hal/stm32f4xx_hal_cortex.o
                                         0x34 (size before relaxing)
 *fill*         0x000000000800a945        0x3 
 .rodata.str1.4
                0x000000000800a948       0x2f ./system/src/stm32f4-hal/stm32f4xx_hal_gpio.o
                                         0x30 (size before relaxing)
 *fill*         0x000000000800a977        0x1 
 .rodata.str1.4
                0x000000000800a978       0x2e ./system/src/stm32f4-hal/stm32f4xx_ll_fsmc.o
                                         0x30 (size before relaxing)
 *fill*         0x000000000800a9a6        0x2 
 .rodata.str1.4
                0x000000000800a9a8       0x14 ./system/src/newlib/_exit.o
 .rodata.str1.4
                0x000000000800a9bc       0x6b ./system/src/newlib/assert.o
                                         0x70 (size before relaxing)
 *fill*         0x000000000800aa27        0x1 
 .rodata.str1.4
                0x000000000800aa28       0x29 ./system/src/diag/Trace.o
                                         0x30 (size before relaxing)
 *fill*         0x000000000800aa51        0x3 
 .rodata.str1.4
                0x000000000800aa54      0x146 ./system/src/cortexm/exception_handlers.o
                                        0x148 (size before relaxing)
 *fill*         0x000000000800ab9a        0x2 
 .rodata.AHBPrescTable
                0x000000000800ab9c       0x10 ./system/src/cmsis/system_stm32f4xx.o
                0x000000000800ab9c                AHBPrescTable
 .rodata.Font24_Table
                0x000000000800abac     0x1ab8 ./system/STM324xG_EVAL/font24.o
                0x000000000800abac                Font24_Table
 .rodata        0x000000000800c664       0x50 ./system/STM324xG_EVAL/stm324xg_eval.o
                0x000000000800c664                GPIO_PIN
                0x000000000800c66c                GPIO_PORT
                0x000000000800c67c                BUTTON_PIN
                0x000000000800c684                BUTTON_PORT
                0x000000000800c690                BUTTON_IRQn
                0x000000000800c698                COM_RX_AF
                0x000000000800c69c                COM_TX_AF
                0x000000000800c6a0                COM_RX_PIN
                0x000000000800c6a4                COM_TX_PIN
                0x000000000800c6a8                COM_RX_PORT
                0x000000000800c6ac                COM_TX_PORT
                0x000000000800c6b0                COM_USART
 .rodata.str1.4
                0x000000000800c6b4       0x15 ./src/main.o
                                         0x18 (size before relaxing)
 *fill*         0x000000000800c6c9        0x3 
 .rodata.str1.4
                0x000000000800c6cc        0x5 ./FreeRTOS/source/tasks.o
                                          0x8 (size before relaxing)
 *fill*         0x000000000800c6d1        0x3 
 .rodata.str1.4
                0x000000000800c6d4        0x8 ./FreeRTOS/source/timers.o
 .rodata.__func__.3936
                0x000000000800c6dc        0xc ./FreeRTOS/MemoryManager/tlsf.o
 .rodata.__func__.3959
                0x000000000800c6e8       0x10 ./FreeRTOS/MemoryManager/tlsf.o
 .rodata.__func__.3941
                0x000000000800c6f8       0x10 ./FreeRTOS/MemoryManager/tlsf.o
 .rodata.__func__.3896
                0x000000000800c708       0x18 ./FreeRTOS/MemoryManager/tlsf.o
 .rodata.__func__.3947
                0x000000000800c720       0x14 ./FreeRTOS/MemoryManager/tlsf.o
 .rodata.__func__.3953
                0x000000000800c734       0x14 ./FreeRTOS/MemoryManager/tlsf.o
 .rodata.__func__.3856
                0x000000000800c748        0xc ./FreeRTOS/MemoryManager/tlsf.o
 .rodata.__func__.3839
                0x000000000800c754        0xc ./FreeRTOS/MemoryManager/tlsf.o
 .rodata.str1.4
                0x000000000800c760      0x820 ./FreeRTOS/MemoryManager/tlsf.o
 .rodata.__func__.3905
                0x000000000800cf80       0x14 ./FreeRTOS/MemoryManager/tlsf.o
 .rodata.__func__.3861
                0x000000000800cf94        0xc ./FreeRTOS/MemoryManager/tlsf.o
 .rodata.__func__.4140
                0x000000000800cfa0        0xc ./FreeRTOS/MemoryManager/tlsf.o
 .rodata.__func__.3913
                0x000000000800cfac       0x14 ./FreeRTOS/MemoryManager/tlsf.o
 .rodata.__func__.3981
                0x000000000800cfc0       0x14 ./FreeRTOS/MemoryManager/tlsf.o
 .rodata.__func__.3867
                0x000000000800cfd4        0xc ./FreeRTOS/MemoryManager/tlsf.o
 .rodata.str1.4
                0x000000000800cfe0        0x2 /usr/lib/gcc/arm-none-eabi/5.2.0/../../../../arm-none-eabi/lib/armv7e-m/libg.a(lib_a-impure.o)
                                          0x4 (size before relaxing)
 *fill*         0x000000000800cfe2        0x2 
 .rodata.zeroes.6974
                0x000000000800cfe4       0x10 /usr/lib/gcc/arm-none-eabi/5.2.0/../../../../arm-none-eabi/lib/armv7e-m/libg.a(lib_a-svfprintf.o)
 .rodata.blanks.6973
                0x000000000800cff4       0x10 /usr/lib/gcc/arm-none-eabi/5.2.0/../../../../arm-none-eabi/lib/armv7e-m/libg.a(lib_a-svfprintf.o)
 .rodata.str1.4
                0x000000000800d004       0x42 /usr/lib/gcc/arm-none-eabi/5.2.0/../../../../arm-none-eabi/lib/armv7e-m/libg.a(lib_a-svfprintf.o)
                                         0x44 (size before relaxing)
 *fill*         0x000000000800d046        0x2 
 .rodata.str1.4
                0x000000000800d048       0x10 /usr/lib/gcc/arm-none-eabi/5.2.0/../../../../arm-none-eabi/lib/armv7e-m/libg.a(lib_a-dtoa.o)
                                         0x14 (size before relaxing)
 .rodata.str1.4
                0x000000000800d058        0xc /usr/lib/gcc/arm-none-eabi/5.2.0/../../../../arm-none-eabi/lib/armv7e-m/libg.a(lib_a-locale.o)
                                         0x14 (size before relaxing)
 .rodata.p05.5354
                0x000000000800d064        0xc /usr/lib/gcc/arm-none-eabi/5.2.0/../../../../arm-none-eabi/lib/armv7e-m/libg.a(lib_a-mprec.o)
 .rodata.__mprec_tens
                0x000000000800d070       0xc8 /usr/lib/gcc/arm-none-eabi/5.2.0/../../../../arm-none-eabi/lib/armv7e-m/libg.a(lib_a-mprec.o)
                0x000000000800d070                __mprec_tens
 .rodata.__mprec_bigtens
                0x000000000800d138       0x28 /usr/lib/gcc/arm-none-eabi/5.2.0/../../../../arm-none-eabi/lib/armv7e-m/libg.a(lib_a-mprec.o)
                0x000000000800d138                __mprec_bigtens
 *(vtable)
 *(.eh_frame*)
 .eh_frame      0x000000000800d160        0x0 /usr/lib/gcc/arm-none-eabi/5.2.0/../../../../arm-none-eabi/lib/armv7e-m/libg.a(lib_a-strcmp.o)
                                         0x70 (size before relaxing)
 *(.glue_7)
 .glue_7        0x0000000000000000        0x0 linker stubs
 *(.glue_7t)
 .glue_7t       0x0000000000000000        0x0 linker stubs

.vfp11_veneer   0x000000000800d160        0x0
 .vfp11_veneer  0x0000000000000000        0x0 linker stubs

.v4_bx          0x000000000800d160        0x0
 .v4_bx         0x0000000000000000        0x0 linker stubs

.iplt           0x000000000800d160        0x0
 .iplt          0x0000000000000000        0x0 ./system/src/stm32f4-hal/stm32f4xx_hal.o

.ARM.extab
 *(.ARM.extab* .gnu.linkonce.armextab.*)
                0x000000000800d160                . = ALIGN (0x4)
                0x000000000800d160                __exidx_start = .

.ARM.exidx      0x000000000800d160        0x8
 *(.ARM.exidx* .gnu.linkonce.armexidx.*)
 .ARM.exidx     0x000000000800d160        0x8 /usr/lib/gcc/arm-none-eabi/5.2.0/armv7e-m/libgcc.a(_udivmoddi4.o)
                0x000000000800d168                __exidx_end = .

.rel.dyn        0x000000000800d168        0x0
 .rel.iplt      0x0000000000000000        0x0 ./system/src/stm32f4-hal/stm32f4xx_hal.o
                0x000000000800d168                . = ALIGN (0x4)
                0x000000000800d168                _etext = .
                0x000000000800d168                __etext = .

.data_CCMRAM    0x0000000010000000        0x0 load address 0x000000000800d168
 FILL mask 0xff
 *(.data.CCMRAM .data.CCMRAM.*)
                0x0000000010000000                . = ALIGN (0x4)
                0x000000000800d168                _sidata = LOADADDR (.data)

.data           0x0000000020000000      0x8d0 load address 0x000000000800d168
 FILL mask 0xff
                0x0000000020000000                _sdata = .
                0x0000000020000000                __data_start__ = .
 *(.data_begin .data_begin.*)
 .data_begin    0x0000000020000000        0x4 ./system/src/newlib/_startup.o
 *(.data .data.*)
 .data.argv.4118
                0x0000000020000004        0x8 ./system/src/newlib/_syscalls.o
 .data.SystemCoreClock
                0x000000002000000c        0x4 ./system/src/cmsis/system_stm32f4xx.o
                0x000000002000000c                SystemCoreClock
 .data.Font24   0x0000000020000010        0x8 ./system/STM324xG_EVAL/font24.o
                0x0000000020000010                Font24
 .data.ili9325_drv
                0x0000000020000018       0x38 ./system/STM324xG_EVAL/ili9325.o
                0x0000000020000018                ili9325_drv
 .data.uxCriticalNesting
                0x0000000020000050        0x4 ./FreeRTOS/ARM_CM3_MPU/port.o
 *fill*         0x0000000020000054        0x4 
 .data.impure_data
                0x0000000020000058      0x428 /usr/lib/gcc/arm-none-eabi/5.2.0/../../../../arm-none-eabi/lib/armv7e-m/libg.a(lib_a-impure.o)
 .data._impure_ptr
                0x0000000020000480        0x4 /usr/lib/gcc/arm-none-eabi/5.2.0/../../../../arm-none-eabi/lib/armv7e-m/libg.a(lib_a-impure.o)
                0x0000000020000480                _impure_ptr
 .data.lconv    0x0000000020000484       0x38 /usr/lib/gcc/arm-none-eabi/5.2.0/../../../../arm-none-eabi/lib/armv7e-m/libg.a(lib_a-locale.o)
 .data.__malloc_av_
                0x00000000200004bc      0x408 /usr/lib/gcc/arm-none-eabi/5.2.0/../../../../arm-none-eabi/lib/armv7e-m/libg.a(lib_a-mallocr.o)
                0x00000000200004bc                __malloc_av_
 .data.__malloc_trim_threshold
                0x00000000200008c4        0x4 /usr/lib/gcc/arm-none-eabi/5.2.0/../../../../arm-none-eabi/lib/armv7e-m/libg.a(lib_a-mallocr.o)
                0x00000000200008c4                __malloc_trim_threshold
 .data.__malloc_sbrk_base
                0x00000000200008c8        0x4 /usr/lib/gcc/arm-none-eabi/5.2.0/../../../../arm-none-eabi/lib/armv7e-m/libg.a(lib_a-mallocr.o)
                0x00000000200008c8                __malloc_sbrk_base
 *(.data_end .data_end.*)
 .data_end      0x00000000200008cc        0x4 ./system/src/newlib/_startup.o
                0x00000000200008d0                . = ALIGN (0x4)
                0x00000000200008d0                _edata = .
                0x00000000200008d0                __data_end__ = .

.igot.plt       0x00000000200008d0        0x0 load address 0x000000000800da38
 .igot.plt      0x0000000000000000        0x0 ./system/src/stm32f4-hal/stm32f4xx_hal.o

.bss_CCMRAM     0x0000000010000000        0x0
 *(.bss.CCMRAM .bss.CCMRAM.*)

.bss            0x00000000200008d0       0xdc
                0x00000000200008d0                __bss_start__ = .
                0x00000000200008d0                _sbss = .
 *(.bss_begin .bss_begin.*)
 .bss_begin     0x00000000200008d0        0x4 ./system/src/newlib/_startup.o
 *(.bss .bss.*)
 .bss.current_heap_end.3912
                0x00000000200008d4        0x4 ./system/src/newlib/_sbrk.o
 .bss.name.4117
                0x00000000200008d8        0x4 ./system/src/newlib/_syscalls.o
 .bss.buf.5048  0x00000000200008dc       0x80 ./system/src/diag/Trace.o
 .bss.Is_LCD_IO_Initialized
                0x000000002000095c        0x1 ./system/STM324xG_EVAL/stm324xg_eval.o
 *fill*         0x000000002000095d        0x3 
 .bss.lcd_drv   0x0000000020000960        0x4 ./system/STM324xG_EVAL/stm324xg_eval_lcd.o
 .bss.__malloc_max_total_mem
                0x0000000020000964        0x4 /usr/lib/gcc/arm-none-eabi/5.2.0/../../../../arm-none-eabi/lib/armv7e-m/libg.a(lib_a-mallocr.o)
                0x0000000020000964                __malloc_max_total_mem
 .bss.__malloc_max_sbrked_mem
                0x0000000020000968        0x4 /usr/lib/gcc/arm-none-eabi/5.2.0/../../../../arm-none-eabi/lib/armv7e-m/libg.a(lib_a-mallocr.o)
                0x0000000020000968                __malloc_max_sbrked_mem
 .bss.__malloc_top_pad
                0x000000002000096c        0x4 /usr/lib/gcc/arm-none-eabi/5.2.0/../../../../arm-none-eabi/lib/armv7e-m/libg.a(lib_a-mallocr.o)
                0x000000002000096c                __malloc_top_pad
 .bss.__malloc_current_mallinfo
                0x0000000020000970       0x28 /usr/lib/gcc/arm-none-eabi/5.2.0/../../../../arm-none-eabi/lib/armv7e-m/libg.a(lib_a-mallocr.o)
                0x0000000020000970                __malloc_current_mallinfo
 *(COMMON)
 COMMON         0x0000000020000998        0x4 ./system/src/newlib/_syscalls.o
                0x0000000020000998                errno
 COMMON         0x000000002000099c        0xc ./system/STM324xG_EVAL/stm324xg_eval_lcd.o
                0x000000002000099c                DrawProp
 *(.bss_end .bss_end.*)
 .bss_end       0x00000000200009a8        0x4 ./system/src/newlib/_startup.o
                0x00000000200009ac                . = ALIGN (0x4)
                0x00000000200009ac                __bss_end__ = .
                0x00000000200009ac                _ebss = .

.system_ram     0x0000000010000000    0x10000
                0x0000000010000000                _s_system_ram = .
                0x0000000010000000                . = ALIGN (_Privileged_Data_Region_Size)
                0x0000000010000000                __privileged_data_start__ = .
 *(privileged_data)
 privileged_data
                0x0000000010000000      0x1a0 ./FreeRTOS/source/tasks.o
                0x0000000010000170                pxCurrentTCB
 privileged_data
                0x00000000100001a0       0x38 ./FreeRTOS/source/timers.o
                0x0000000010000200                . = ALIGN (_Privileged_Data_Region_Size)
 *fill*         0x00000000100001d8       0x28 
                0x0000000010000200                __privileged_data_end__ = .
                0x0000000010000200                __user_data_start__ = .
 *(user_data)
 user_data      0x0000000010000200        0x4 ./FreeRTOS/MemoryManager/heap_tlsf.o
                0x0000000010000200                the_tlsf
                0x0000000010000204                __user_data_end__ = .
                0x0000000010000204                . = ALIGN (0x4)
                0x0000000010000204                __FreeRTOS_heap_begin__ = .
                0x0000000010010000                . = ALIGN (0x10000)
 *fill*         0x0000000010000204     0xfdfc 
                0x0000000010010000                __FreeRTOS_heap_end__ = .
                0x0000000010010000                _e_system_ram = .

.noinit_CCMRAM
 *(.noinit.CCMRAM .noinit.CCMRAM.*)

.noinit         0x00000000200009ac        0x0
                0x00000000200009ac                _noinit = .
 *(.noinit .noinit.*)
                0x00000000200009ac                . = ALIGN (0x4)
                0x00000000200009ac                _end_noinit = .
                0x00000000200009ac                PROVIDE (end, _end_noinit)
                0x00000000200009ac                PROVIDE (_end, _end_noinit)
                0x00000000200009ac                PROVIDE (__end, _end_noinit)
                0x00000000200009ac                PROVIDE (__end__, _end_noinit)

._check_stack   0x00000000200009ac      0x100
                0x0000000020000aac                . = (. + _Minimum_Stack_Size)
 *fill*         0x00000000200009ac      0x100 

.b1text
 *(.b1text)
 *(.b1rodata)
 *(.b1rodata.*)

.eb0text
 *(.eb0text)
 *(.eb0rodata)
 *(.eb0rodata.*)

.eb1text
 *(.eb1text)
 *(.eb1rodata)
 *(.eb1rodata.*)

.eb2text
 *(.eb2text)
 *(.eb2rodata)
 *(.eb2rodata.*)

.eb3text
 *(.eb3text)
 *(.eb3rodata)
 *(.eb3rodata.*)

.stab
 *(.stab)

.stabstr
 *(.stabstr)

.stab.excl
 *(.stab.excl)

.stab.exclstr
 *(.stab.exclstr)

.stab.index
 *(.stab.index)

.stab.indexstr
 *(.stab.indexstr)

.comment        0x0000000000000000       0x42
 *(.comment)
 .comment       0x0000000000000000       0x21 ./system/src/stm32f4-hal/stm32f4xx_hal.o
                                         0x22 (size before relaxing)
 .comment       0x0000000000000000       0x22 ./system/src/stm32f4-hal/stm32f4xx_hal_cortex.o
 .comment       0x0000000000000000       0x22 ./system/src/stm32f4-hal/stm32f4xx_hal_gpio.o
 .comment       0x0000000000000000       0x22 ./system/src/stm32f4-hal/stm32f4xx_hal_sram.o
 .comment       0x0000000000000000       0x22 ./system/src/stm32f4-hal/stm32f4xx_ll_fsmc.o
 .comment       0x0000000000000000       0x22 ./system/src/newlib/_exit.o
 .comment       0x0000000000000000       0x22 ./system/src/newlib/_sbrk.o
 .comment       0x0000000000000000       0x22 ./system/src/newlib/_startup.o
 .comment       0x0000000000000000       0x22 ./system/src/newlib/_syscalls.o
 .comment       0x0000000000000000       0x22 ./system/src/newlib/assert.o
 .comment       0x0000000000000000       0x22 ./system/src/diag/Trace.o
 .comment       0x0000000000000000       0x22 ./system/src/diag/trace_impl.o
 .comment       0x0000000000000000       0x22 ./system/src/cortexm/_initialize_hardware.o
 .comment       0x0000000000000000       0x22 ./system/src/cortexm/exception_handlers.o
 .comment       0x0000000000000000       0x22 ./system/src/cmsis/system_stm32f4xx.o
 .comment       0x0000000000000000       0x22 ./system/src/cmsis/vectors_stm32f4xx.o
 .comment       0x0000000000000000       0x22 ./system/STM324xG_EVAL/font24.o
 .comment       0x0000000000000000       0x22 ./system/STM324xG_EVAL/ili9325.o
 .comment       0x0000000000000000       0x22 ./system/STM324xG_EVAL/stm324xg_eval.o
 .comment       0x0000000000000000       0x22 ./system/STM324xG_EVAL/stm324xg_eval_lcd.o
 .comment       0x0000000000000000       0x22 ./src/button.o
 .comment       0x0000000000000000       0x22 ./src/lcd.o
 .comment       0x0000000000000000       0x22 ./src/main.o
 .comment       0x0000000000000000       0x22 ./src/system_support.o
 .comment       0x0000000000000000       0x22 ./FreeRTOS/source/list.o
 .comment       0x0000000000000000       0x22 ./FreeRTOS/source/queue.o
 .comment       0x0000000000000000       0x22 ./FreeRTOS/source/tasks.o
 .comment       0x0000000000000000       0x22 ./FreeRTOS/source/timers.o
 .comment       0x0000000000000000       0x22 ./FreeRTOS/MemoryManager/heap_tlsf.o
 .comment       0x0000000000000000       0x22 ./FreeRTOS/MemoryManager/tlsf.o
 .comment       0x0000000000000000       0x22 ./FreeRTOS/ARM_CM3_MPU/port.o
 .comment       0x0000000000000021       0x21 /usr/lib/gcc/arm-none-eabi/5.2.0/../../../../arm-none-eabi/lib/armv7e-m/libg.a(lib_a-errno.o)
                                         0x22 (size before relaxing)
 .comment       0x0000000000000000       0x22 /usr/lib/gcc/arm-none-eabi/5.2.0/../../../../arm-none-eabi/lib/armv7e-m/libg.a(lib_a-impure.o)
 .comment       0x0000000000000000       0x22 /usr/lib/gcc/arm-none-eabi/5.2.0/../../../../arm-none-eabi/lib/armv7e-m/libg.a(lib_a-memset.o)
 .comment       0x0000000000000000       0x22 /usr/lib/gcc/arm-none-eabi/5.2.0/../../../../arm-none-eabi/lib/armv7e-m/libg.a(lib_a-strlen.o)
 .comment       0x0000000000000000       0x22 /usr/lib/gcc/arm-none-eabi/5.2.0/../../../../arm-none-eabi/lib/armv7e-m/libg.a(lib_a-vsnprintf.o)
 .comment       0x0000000000000000       0x22 /usr/lib/gcc/arm-none-eabi/5.2.0/../../../../arm-none-eabi/lib/armv7e-m/libg.a(lib_a-svfprintf.o)
 .comment       0x0000000000000000       0x22 /usr/lib/gcc/arm-none-eabi/5.2.0/../../../../arm-none-eabi/lib/armv7e-m/libg.a(lib_a-dtoa.o)
 .comment       0x0000000000000000       0x22 /usr/lib/gcc/arm-none-eabi/5.2.0/../../../../arm-none-eabi/lib/armv7e-m/libg.a(lib_a-locale.o)
 .comment       0x0000000000000000       0x22 /usr/lib/gcc/arm-none-eabi/5.2.0/../../../../arm-none-eabi/lib/armv7e-m/libg.a(lib_a-mallocr.o)
 .comment       0x0000000000000000       0x22 /usr/lib/gcc/arm-none-eabi/5.2.0/../../../../arm-none-eabi/lib/armv7e-m/libg.a(lib_a-memchr.o)
 .comment       0x0000000000000000       0x22 /usr/lib/gcc/arm-none-eabi/5.2.0/../../../../arm-none-eabi/lib/armv7e-m/libg.a(lib_a-mlock.o)
 .comment       0x0000000000000000       0x22 /usr/lib/gcc/arm-none-eabi/5.2.0/../../../../arm-none-eabi/lib/armv7e-m/libg.a(lib_a-mprec.o)
 .comment       0x0000000000000000       0x22 /usr/lib/gcc/arm-none-eabi/5.2.0/../../../../arm-none-eabi/lib/armv7e-m/libg.a(lib_a-s_fpclassify.o)
 .comment       0x0000000000000000       0x22 /usr/lib/gcc/arm-none-eabi/5.2.0/../../../../arm-none-eabi/lib/armv7e-m/libg.a(lib_a-sbrkr.o)
 .comment       0x0000000000000000       0x22 /usr/lib/gcc/arm-none-eabi/5.2.0/../../../../arm-none-eabi/lib/armv7e-m/libg.a(lib_a-svfiprintf.o)
 .comment       0x0000000000000000       0x22 /usr/lib/gcc/arm-none-eabi/5.2.0/../../../../arm-none-eabi/lib/armv7e-m/libg.a(lib_a-callocr.o)
 .comment       0x0000000000000000       0x22 /usr/lib/gcc/arm-none-eabi/5.2.0/../../../../arm-none-eabi/lib/armv7e-m/libg.a(lib_a-freer.o)
 .comment       0x0000000000000000       0x22 /usr/lib/gcc/arm-none-eabi/5.2.0/../../../../arm-none-eabi/lib/armv7e-m/libg.a(lib_a-memmove.o)
 .comment       0x0000000000000000       0x22 /usr/lib/gcc/arm-none-eabi/5.2.0/../../../../arm-none-eabi/lib/armv7e-m/libg.a(lib_a-reallocr.o)
 .comment       0x0000000000000000       0x22 /usr/lib/gcc/arm-none-eabi/5.2.0/armv7e-m/libgcc.a(_udivmoddi4.o)

.ARM.attributes
                0x0000000000000000       0x31
 .ARM.attributes
                0x0000000000000000       0x33 ./system/src/stm32f4-hal/stm32f4xx_hal.o
 .ARM.attributes
                0x0000000000000033       0x33 ./system/src/stm32f4-hal/stm32f4xx_hal_cortex.o
 .ARM.attributes
                0x0000000000000066       0x33 ./system/src/stm32f4-hal/stm32f4xx_hal_gpio.o
 .ARM.attributes
                0x0000000000000099       0x33 ./system/src/stm32f4-hal/stm32f4xx_hal_sram.o
 .ARM.attributes
                0x00000000000000cc       0x33 ./system/src/stm32f4-hal/stm32f4xx_ll_fsmc.o
 .ARM.attributes
                0x00000000000000ff       0x33 ./system/src/newlib/_exit.o
 .ARM.attributes
                0x0000000000000132       0x33 ./system/src/newlib/_sbrk.o
 .ARM.attributes
                0x0000000000000165       0x33 ./system/src/newlib/_startup.o
 .ARM.attributes
                0x0000000000000198       0x33 ./system/src/newlib/_syscalls.o
 .ARM.attributes
                0x00000000000001cb       0x33 ./system/src/newlib/assert.o
 .ARM.attributes
                0x00000000000001fe       0x33 ./system/src/diag/Trace.o
 .ARM.attributes
                0x0000000000000231       0x33 ./system/src/diag/trace_impl.o
 .ARM.attributes
                0x0000000000000264       0x33 ./system/src/cortexm/_initialize_hardware.o
 .ARM.attributes
                0x0000000000000297       0x33 ./system/src/cortexm/exception_handlers.o
 .ARM.attributes
                0x00000000000002ca       0x33 ./system/src/cmsis/system_stm32f4xx.o
 .ARM.attributes
                0x00000000000002fd       0x33 ./system/src/cmsis/vectors_stm32f4xx.o
 .ARM.attributes
                0x0000000000000330       0x33 ./system/STM324xG_EVAL/font24.o
 .ARM.attributes
                0x0000000000000363       0x33 ./system/STM324xG_EVAL/ili9325.o
 .ARM.attributes
                0x0000000000000396       0x33 ./system/STM324xG_EVAL/stm324xg_eval.o
 .ARM.attributes
                0x00000000000003c9       0x33 ./system/STM324xG_EVAL/stm324xg_eval_lcd.o
 .ARM.attributes
                0x00000000000003fc       0x33 ./src/button.o
 .ARM.attributes
                0x000000000000042f       0x33 ./src/lcd.o
 .ARM.attributes
                0x0000000000000462       0x33 ./src/main.o
 .ARM.attributes
                0x0000000000000495       0x33 ./src/system_support.o
 .ARM.attributes
                0x00000000000004c8       0x33 ./FreeRTOS/source/list.o
 .ARM.attributes
                0x00000000000004fb       0x33 ./FreeRTOS/source/queue.o
 .ARM.attributes
                0x000000000000052e       0x33 ./FreeRTOS/source/tasks.o
 .ARM.attributes
                0x0000000000000561       0x33 ./FreeRTOS/source/timers.o
 .ARM.attributes
                0x0000000000000594       0x33 ./FreeRTOS/MemoryManager/heap_tlsf.o
 .ARM.attributes
                0x00000000000005c7       0x33 ./FreeRTOS/MemoryManager/tlsf.o
 .ARM.attributes
                0x00000000000005fa       0x33 ./FreeRTOS/ARM_CM3_MPU/port.o
 .ARM.attributes
                0x000000000000062d       0x2e /usr/lib/gcc/arm-none-eabi/5.2.0/../../../../arm-none-eabi/lib/armv7e-m/libg.a(lib_a-errno.o)
 .ARM.attributes
                0x000000000000065b       0x2e /usr/lib/gcc/arm-none-eabi/5.2.0/../../../../arm-none-eabi/lib/armv7e-m/libg.a(lib_a-impure.o)
 .ARM.attributes
                0x0000000000000689       0x1c /usr/lib/gcc/arm-none-eabi/5.2.0/../../../../arm-none-eabi/lib/armv7e-m/libg.a(lib_a-memcpy.o)
 .ARM.attributes
                0x00000000000006a5       0x2e /usr/lib/gcc/arm-none-eabi/5.2.0/../../../../arm-none-eabi/lib/armv7e-m/libg.a(lib_a-memset.o)
 .ARM.attributes
                0x00000000000006d3       0x2e /usr/lib/gcc/arm-none-eabi/5.2.0/../../../../arm-none-eabi/lib/armv7e-m/libg.a(lib_a-strlen.o)
 .ARM.attributes
                0x0000000000000701       0x2e /usr/lib/gcc/arm-none-eabi/5.2.0/../../../../arm-none-eabi/lib/armv7e-m/libg.a(lib_a-vsnprintf.o)
 .ARM.attributes
                0x000000000000072f       0x2e /usr/lib/gcc/arm-none-eabi/5.2.0/../../../../arm-none-eabi/lib/armv7e-m/libg.a(lib_a-svfprintf.o)
 .ARM.attributes
                0x000000000000075d       0x2e /usr/lib/gcc/arm-none-eabi/5.2.0/../../../../arm-none-eabi/lib/armv7e-m/libg.a(lib_a-dtoa.o)
 .ARM.attributes
                0x000000000000078b       0x2e /usr/lib/gcc/arm-none-eabi/5.2.0/../../../../arm-none-eabi/lib/armv7e-m/libg.a(lib_a-locale.o)
 .ARM.attributes
                0x00000000000007b9       0x2e /usr/lib/gcc/arm-none-eabi/5.2.0/../../../../arm-none-eabi/lib/armv7e-m/libg.a(lib_a-mallocr.o)
 .ARM.attributes
                0x00000000000007e7       0x2e /usr/lib/gcc/arm-none-eabi/5.2.0/../../../../arm-none-eabi/lib/armv7e-m/libg.a(lib_a-memchr.o)
 .ARM.attributes
                0x0000000000000815       0x2e /usr/lib/gcc/arm-none-eabi/5.2.0/../../../../arm-none-eabi/lib/armv7e-m/libg.a(lib_a-mlock.o)
 .ARM.attributes
                0x0000000000000843       0x2e /usr/lib/gcc/arm-none-eabi/5.2.0/../../../../arm-none-eabi/lib/armv7e-m/libg.a(lib_a-mprec.o)
 .ARM.attributes
                0x0000000000000871       0x2e /usr/lib/gcc/arm-none-eabi/5.2.0/../../../../arm-none-eabi/lib/armv7e-m/libg.a(lib_a-s_fpclassify.o)
 .ARM.attributes
                0x000000000000089f       0x2e /usr/lib/gcc/arm-none-eabi/5.2.0/../../../../arm-none-eabi/lib/armv7e-m/libg.a(lib_a-sbrkr.o)
 .ARM.attributes
                0x00000000000008cd       0x1c /usr/lib/gcc/arm-none-eabi/5.2.0/../../../../arm-none-eabi/lib/armv7e-m/libg.a(lib_a-strcmp.o)
 .ARM.attributes
                0x00000000000008e9       0x2e /usr/lib/gcc/arm-none-eabi/5.2.0/../../../../arm-none-eabi/lib/armv7e-m/libg.a(lib_a-svfiprintf.o)
 .ARM.attributes
                0x0000000000000917       0x2e /usr/lib/gcc/arm-none-eabi/5.2.0/../../../../arm-none-eabi/lib/armv7e-m/libg.a(lib_a-callocr.o)
 .ARM.attributes
                0x0000000000000945       0x2e /usr/lib/gcc/arm-none-eabi/5.2.0/../../../../arm-none-eabi/lib/armv7e-m/libg.a(lib_a-freer.o)
 .ARM.attributes
                0x0000000000000973       0x2e /usr/lib/gcc/arm-none-eabi/5.2.0/../../../../arm-none-eabi/lib/armv7e-m/libg.a(lib_a-memmove.o)
 .ARM.attributes
                0x00000000000009a1       0x2e /usr/lib/gcc/arm-none-eabi/5.2.0/../../../../arm-none-eabi/lib/armv7e-m/libg.a(lib_a-reallocr.o)
 .ARM.attributes
                0x00000000000009cf       0x1e /usr/lib/gcc/arm-none-eabi/5.2.0/armv7e-m/libgcc.a(_arm_addsubdf3.o)
 .ARM.attributes
                0x00000000000009ed       0x1e /usr/lib/gcc/arm-none-eabi/5.2.0/armv7e-m/libgcc.a(_arm_muldivdf3.o)
 .ARM.attributes
                0x0000000000000a0b       0x1e /usr/lib/gcc/arm-none-eabi/5.2.0/armv7e-m/libgcc.a(_arm_cmpdf2.o)
 .ARM.attributes
                0x0000000000000a29       0x1e /usr/lib/gcc/arm-none-eabi/5.2.0/armv7e-m/libgcc.a(_arm_fixdfsi.o)
 .ARM.attributes
                0x0000000000000a47       0x1e /usr/lib/gcc/arm-none-eabi/5.2.0/armv7e-m/libgcc.a(_aeabi_uldivmod.o)
 .ARM.attributes
                0x0000000000000a65       0x2e /usr/lib/gcc/arm-none-eabi/5.2.0/armv7e-m/libgcc.a(_udivmoddi4.o)
 .ARM.attributes
                0x0000000000000a93       0x1e /usr/lib/gcc/arm-none-eabi/5.2.0/armv7e-m/libgcc.a(_dvmd_tls.o)

.debug
 *(.debug)

.line
 *(.line)

.debug_srcinfo
 *(.debug_srcinfo)

.debug_sfnames
 *(.debug_sfnames)

.debug_aranges  0x0000000000000000     0x14b8
 *(.debug_aranges)
 .debug_aranges
                0x0000000000000000       0xc0 ./system/src/stm32f4-hal/stm32f4xx_hal.o
 .debug_aranges
                0x00000000000000c0       0x98 ./system/src/stm32f4-hal/stm32f4xx_hal_cortex.o
 .debug_aranges
                0x0000000000000158       0x58 ./system/src/stm32f4-hal/stm32f4xx_hal_gpio.o
 .debug_aranges
                0x00000000000001b0       0xa0 ./system/src/stm32f4-hal/stm32f4xx_hal_sram.o
 .debug_aranges
                0x0000000000000250       0xa8 ./system/src/stm32f4-hal/stm32f4xx_ll_fsmc.o
 .debug_aranges
                0x00000000000002f8       0x28 ./system/src/newlib/_exit.o
 .debug_aranges
                0x0000000000000320       0x20 ./system/src/newlib/_sbrk.o
 .debug_aranges
                0x0000000000000340       0x40 ./system/src/newlib/_startup.o
 .debug_aranges
                0x0000000000000380       0x30 ./system/src/newlib/_syscalls.o
 .debug_aranges
                0x00000000000003b0       0x28 ./system/src/newlib/assert.o
 .debug_aranges
                0x00000000000003d8       0x38 ./system/src/diag/Trace.o
 .debug_aranges
                0x0000000000000410       0x30 ./system/src/diag/trace_impl.o
 .debug_aranges
                0x0000000000000440       0x28 ./system/src/cortexm/_initialize_hardware.o
 .debug_aranges
                0x0000000000000468       0x88 ./system/src/cortexm/exception_handlers.o
 .debug_aranges
                0x00000000000004f0       0x30 ./system/src/cmsis/system_stm32f4xx.o
 .debug_aranges
                0x0000000000000520       0x20 ./system/src/cmsis/vectors_stm32f4xx.o
 .debug_aranges
                0x0000000000000540       0x18 ./system/STM324xG_EVAL/font24.o
 .debug_aranges
                0x0000000000000558       0x98 ./system/STM324xG_EVAL/ili9325.o
 .debug_aranges
                0x00000000000005f0      0x188 ./system/STM324xG_EVAL/stm324xg_eval.o
 .debug_aranges
                0x0000000000000778      0x130 ./system/STM324xG_EVAL/stm324xg_eval_lcd.o
 .debug_aranges
                0x00000000000008a8       0x30 ./src/button.o
 .debug_aranges
                0x00000000000008d8       0x28 ./src/lcd.o
 .debug_aranges
                0x0000000000000900       0x28 ./src/main.o
 .debug_aranges
                0x0000000000000928       0x20 ./src/system_support.o
 .debug_aranges
                0x0000000000000948       0x40 ./FreeRTOS/source/list.o
 .debug_aranges
                0x0000000000000988       0xd8 ./FreeRTOS/source/queue.o
 .debug_aranges
                0x0000000000000a60      0x1a0 ./FreeRTOS/source/tasks.o
 .debug_aranges
                0x0000000000000c00       0x98 ./FreeRTOS/source/timers.o
 .debug_aranges
                0x0000000000000c98       0x38 ./FreeRTOS/MemoryManager/heap_tlsf.o
 .debug_aranges
                0x0000000000000cd0      0x210 ./FreeRTOS/MemoryManager/tlsf.o
 .debug_aranges
                0x0000000000000ee0      0x178 ./FreeRTOS/ARM_CM3_MPU/port.o
 .debug_aranges
                0x0000000000001058       0x20 /usr/lib/gcc/arm-none-eabi/5.2.0/../../../../arm-none-eabi/lib/armv7e-m/libg.a(lib_a-errno.o)
 .debug_aranges
                0x0000000000001078       0x18 /usr/lib/gcc/arm-none-eabi/5.2.0/../../../../arm-none-eabi/lib/armv7e-m/libg.a(lib_a-impure.o)
 .debug_aranges
                0x0000000000001090       0x20 /usr/lib/gcc/arm-none-eabi/5.2.0/../../../../arm-none-eabi/lib/armv7e-m/libg.a(lib_a-memcpy.o)
 .debug_aranges
                0x00000000000010b0       0x20 /usr/lib/gcc/arm-none-eabi/5.2.0/../../../../arm-none-eabi/lib/armv7e-m/libg.a(lib_a-memset.o)
 .debug_aranges
                0x00000000000010d0       0x20 /usr/lib/gcc/arm-none-eabi/5.2.0/../../../../arm-none-eabi/lib/armv7e-m/libg.a(lib_a-strlen.o)
 .debug_aranges
                0x00000000000010f0       0x28 /usr/lib/gcc/arm-none-eabi/5.2.0/../../../../arm-none-eabi/lib/armv7e-m/libg.a(lib_a-vsnprintf.o)
 .debug_aranges
                0x0000000000001118       0x20 /usr/lib/gcc/arm-none-eabi/5.2.0/../../../../arm-none-eabi/lib/armv7e-m/libg.a(lib_a-svfprintf.o)
 .debug_aranges
                0x0000000000001138       0x28 /usr/lib/gcc/arm-none-eabi/5.2.0/../../../../arm-none-eabi/lib/armv7e-m/libg.a(lib_a-dtoa.o)
 .debug_aranges
                0x0000000000001160       0x58 /usr/lib/gcc/arm-none-eabi/5.2.0/../../../../arm-none-eabi/lib/armv7e-m/libg.a(lib_a-locale.o)
 .debug_aranges
                0x00000000000011b8       0x20 /usr/lib/gcc/arm-none-eabi/5.2.0/../../../../arm-none-eabi/lib/armv7e-m/libg.a(lib_a-mallocr.o)
 .debug_aranges
                0x00000000000011d8       0x20 /usr/lib/gcc/arm-none-eabi/5.2.0/../../../../arm-none-eabi/lib/armv7e-m/libg.a(lib_a-memchr.o)
 .debug_aranges
                0x00000000000011f8       0x20 /usr/lib/gcc/arm-none-eabi/5.2.0/../../../../arm-none-eabi/lib/armv7e-m/libg.a(lib_a-mlock.o)
 .debug_aranges
                0x0000000000001218       0xb0 /usr/lib/gcc/arm-none-eabi/5.2.0/../../../../arm-none-eabi/lib/armv7e-m/libg.a(lib_a-mprec.o)
 .debug_aranges
                0x00000000000012c8       0x20 /usr/lib/gcc/arm-none-eabi/5.2.0/../../../../arm-none-eabi/lib/armv7e-m/libg.a(lib_a-s_fpclassify.o)
 .debug_aranges
                0x00000000000012e8       0x20 /usr/lib/gcc/arm-none-eabi/5.2.0/../../../../arm-none-eabi/lib/armv7e-m/libg.a(lib_a-sbrkr.o)
 .debug_aranges
                0x0000000000001308       0x20 /usr/lib/gcc/arm-none-eabi/5.2.0/../../../../arm-none-eabi/lib/armv7e-m/libg.a(lib_a-strcmp.o)
 .debug_aranges
                0x0000000000001328       0x28 /usr/lib/gcc/arm-none-eabi/5.2.0/../../../../arm-none-eabi/lib/armv7e-m/libg.a(lib_a-svfiprintf.o)
 .debug_aranges
                0x0000000000001350       0x20 /usr/lib/gcc/arm-none-eabi/5.2.0/../../../../arm-none-eabi/lib/armv7e-m/libg.a(lib_a-callocr.o)
 .debug_aranges
                0x0000000000001370       0x28 /usr/lib/gcc/arm-none-eabi/5.2.0/../../../../arm-none-eabi/lib/armv7e-m/libg.a(lib_a-freer.o)
 .debug_aranges
                0x0000000000001398       0x20 /usr/lib/gcc/arm-none-eabi/5.2.0/../../../../arm-none-eabi/lib/armv7e-m/libg.a(lib_a-memmove.o)
 .debug_aranges
                0x00000000000013b8       0x20 /usr/lib/gcc/arm-none-eabi/5.2.0/../../../../arm-none-eabi/lib/armv7e-m/libg.a(lib_a-reallocr.o)
 .debug_aranges
                0x00000000000013d8       0x20 /usr/lib/gcc/arm-none-eabi/5.2.0/armv7e-m/libgcc.a(_arm_addsubdf3.o)
 .debug_aranges
                0x00000000000013f8       0x20 /usr/lib/gcc/arm-none-eabi/5.2.0/armv7e-m/libgcc.a(_arm_muldivdf3.o)
 .debug_aranges
                0x0000000000001418       0x20 /usr/lib/gcc/arm-none-eabi/5.2.0/armv7e-m/libgcc.a(_arm_cmpdf2.o)
 .debug_aranges
                0x0000000000001438       0x20 /usr/lib/gcc/arm-none-eabi/5.2.0/armv7e-m/libgcc.a(_arm_fixdfsi.o)
 .debug_aranges
                0x0000000000001458       0x20 /usr/lib/gcc/arm-none-eabi/5.2.0/armv7e-m/libgcc.a(_aeabi_uldivmod.o)
 .debug_aranges
                0x0000000000001478       0x20 /usr/lib/gcc/arm-none-eabi/5.2.0/armv7e-m/libgcc.a(_udivmoddi4.o)
 .debug_aranges
                0x0000000000001498       0x20 /usr/lib/gcc/arm-none-eabi/5.2.0/armv7e-m/libgcc.a(_dvmd_tls.o)

.debug_pubnames
 *(.debug_pubnames)

.debug_info     0x0000000000000000    0x1faa5
 *(.debug_info .gnu.linkonce.wi.*)
 .debug_info    0x0000000000000000      0x8d2 ./system/src/stm32f4-hal/stm32f4xx_hal.o
 .debug_info    0x00000000000008d2     0x10da ./system/src/stm32f4-hal/stm32f4xx_hal_cortex.o
 .debug_info    0x00000000000019ac      0x85a ./system/src/stm32f4-hal/stm32f4xx_hal_gpio.o
 .debug_info    0x0000000000002206      0xb4a ./system/src/stm32f4-hal/stm32f4xx_hal_sram.o
 .debug_info    0x0000000000002d50     0x110c ./system/src/stm32f4-hal/stm32f4xx_ll_fsmc.o
 .debug_info    0x0000000000003e5c       0xef ./system/src/newlib/_exit.o
 .debug_info    0x0000000000003f4b      0x11f ./system/src/newlib/_sbrk.o
 .debug_info    0x000000000000406a      0x4ef ./system/src/newlib/_startup.o
 .debug_info    0x0000000000004559      0x1a9 ./system/src/newlib/_syscalls.o
 .debug_info    0x0000000000004702      0x1a3 ./system/src/newlib/assert.o
 .debug_info    0x00000000000048a5      0x2e7 ./system/src/diag/Trace.o
 .debug_info    0x0000000000004b8c      0x30a ./system/src/diag/trace_impl.o
 .debug_info    0x0000000000004e96       0xf5 ./system/src/cortexm/_initialize_hardware.o
 .debug_info    0x0000000000004f8b      0x8cd ./system/src/cortexm/exception_handlers.o
 .debug_info    0x0000000000005858      0x601 ./system/src/cmsis/system_stm32f4xx.o
 .debug_info    0x0000000000005e59       0xd4 ./system/src/cmsis/vectors_stm32f4xx.o
 .debug_info    0x0000000000005f2d      0x105 ./system/STM324xG_EVAL/font24.o
 .debug_info    0x0000000000006032      0xf65 ./system/STM324xG_EVAL/ili9325.o
 .debug_info    0x0000000000006f97     0x2516 ./system/STM324xG_EVAL/stm324xg_eval.o
 .debug_info    0x00000000000094ad     0x1760 ./system/STM324xG_EVAL/stm324xg_eval_lcd.o
 .debug_info    0x000000000000ac0d      0x228 ./src/button.o
 .debug_info    0x000000000000ae35      0x2a0 ./src/lcd.o
 .debug_info    0x000000000000b0d5      0x298 ./src/main.o
 .debug_info    0x000000000000b36d      0x28e ./src/system_support.o
 .debug_info    0x000000000000b5fb      0x29a ./FreeRTOS/source/list.o
 .debug_info    0x000000000000b895     0x1107 ./FreeRTOS/source/queue.o
 .debug_info    0x000000000000c99c     0x1def ./FreeRTOS/source/tasks.o
 .debug_info    0x000000000000e78b      0xcda ./FreeRTOS/source/timers.o
 .debug_info    0x000000000000f465      0x252 ./FreeRTOS/MemoryManager/heap_tlsf.o
 .debug_info    0x000000000000f6b7     0x2b4e ./FreeRTOS/MemoryManager/tlsf.o
 .debug_info    0x0000000000012205     0x1313 ./FreeRTOS/ARM_CM3_MPU/port.o
 .debug_info    0x0000000000013518      0x890 /usr/lib/gcc/arm-none-eabi/5.2.0/../../../../arm-none-eabi/lib/armv7e-m/libg.a(lib_a-errno.o)
 .debug_info    0x0000000000013da8      0x89b /usr/lib/gcc/arm-none-eabi/5.2.0/../../../../arm-none-eabi/lib/armv7e-m/libg.a(lib_a-impure.o)
 .debug_info    0x0000000000014643       0xc4 /usr/lib/gcc/arm-none-eabi/5.2.0/../../../../arm-none-eabi/lib/armv7e-m/libg.a(lib_a-memcpy.o)
 .debug_info    0x0000000000014707      0x11e /usr/lib/gcc/arm-none-eabi/5.2.0/../../../../arm-none-eabi/lib/armv7e-m/libg.a(lib_a-memset.o)
 .debug_info    0x0000000000014825       0xbc /usr/lib/gcc/arm-none-eabi/5.2.0/../../../../arm-none-eabi/lib/armv7e-m/libg.a(lib_a-strlen.o)
 .debug_info    0x00000000000148e1      0xa07 /usr/lib/gcc/arm-none-eabi/5.2.0/../../../../arm-none-eabi/lib/armv7e-m/libg.a(lib_a-vsnprintf.o)
 .debug_info    0x00000000000152e8     0x150a /usr/lib/gcc/arm-none-eabi/5.2.0/../../../../arm-none-eabi/lib/armv7e-m/libg.a(lib_a-svfprintf.o)
 .debug_info    0x00000000000167f2     0x1249 /usr/lib/gcc/arm-none-eabi/5.2.0/../../../../arm-none-eabi/lib/armv7e-m/libg.a(lib_a-dtoa.o)
 .debug_info    0x0000000000017a3b      0xc1c /usr/lib/gcc/arm-none-eabi/5.2.0/../../../../arm-none-eabi/lib/armv7e-m/libg.a(lib_a-locale.o)
 .debug_info    0x0000000000018657      0xd61 /usr/lib/gcc/arm-none-eabi/5.2.0/../../../../arm-none-eabi/lib/armv7e-m/libg.a(lib_a-mallocr.o)
 .debug_info    0x00000000000193b8      0x130 /usr/lib/gcc/arm-none-eabi/5.2.0/../../../../arm-none-eabi/lib/armv7e-m/libg.a(lib_a-memchr.o)
 .debug_info    0x00000000000194e8      0x8a8 /usr/lib/gcc/arm-none-eabi/5.2.0/../../../../arm-none-eabi/lib/armv7e-m/libg.a(lib_a-mlock.o)
 .debug_info    0x0000000000019d90     0x16ac /usr/lib/gcc/arm-none-eabi/5.2.0/../../../../arm-none-eabi/lib/armv7e-m/libg.a(lib_a-mprec.o)
 .debug_info    0x000000000001b43c       0xd3 /usr/lib/gcc/arm-none-eabi/5.2.0/../../../../arm-none-eabi/lib/armv7e-m/libg.a(lib_a-s_fpclassify.o)
 .debug_info    0x000000000001b50f      0x8f5 /usr/lib/gcc/arm-none-eabi/5.2.0/../../../../arm-none-eabi/lib/armv7e-m/libg.a(lib_a-sbrkr.o)
 .debug_info    0x000000000001be04       0xc3 /usr/lib/gcc/arm-none-eabi/5.2.0/../../../../arm-none-eabi/lib/armv7e-m/libg.a(lib_a-strcmp.o)
 .debug_info    0x000000000001bec7      0xfb2 /usr/lib/gcc/arm-none-eabi/5.2.0/../../../../arm-none-eabi/lib/armv7e-m/libg.a(lib_a-svfiprintf.o)
 .debug_info    0x000000000001ce79      0x9c8 /usr/lib/gcc/arm-none-eabi/5.2.0/../../../../arm-none-eabi/lib/armv7e-m/libg.a(lib_a-callocr.o)
 .debug_info    0x000000000001d841      0xc01 /usr/lib/gcc/arm-none-eabi/5.2.0/../../../../arm-none-eabi/lib/armv7e-m/libg.a(lib_a-freer.o)
 .debug_info    0x000000000001e442      0x138 /usr/lib/gcc/arm-none-eabi/5.2.0/../../../../arm-none-eabi/lib/armv7e-m/libg.a(lib_a-memmove.o)
 .debug_info    0x000000000001e57a      0xc88 /usr/lib/gcc/arm-none-eabi/5.2.0/../../../../arm-none-eabi/lib/armv7e-m/libg.a(lib_a-reallocr.o)
 .debug_info    0x000000000001f202       0xbc /usr/lib/gcc/arm-none-eabi/5.2.0/armv7e-m/libgcc.a(_arm_addsubdf3.o)
 .debug_info    0x000000000001f2be       0xbc /usr/lib/gcc/arm-none-eabi/5.2.0/armv7e-m/libgcc.a(_arm_muldivdf3.o)
 .debug_info    0x000000000001f37a       0xbc /usr/lib/gcc/arm-none-eabi/5.2.0/armv7e-m/libgcc.a(_arm_cmpdf2.o)
 .debug_info    0x000000000001f436       0xbc /usr/lib/gcc/arm-none-eabi/5.2.0/armv7e-m/libgcc.a(_arm_fixdfsi.o)
 .debug_info    0x000000000001f4f2       0xb7 /usr/lib/gcc/arm-none-eabi/5.2.0/armv7e-m/libgcc.a(_aeabi_uldivmod.o)
 .debug_info    0x000000000001f5a9      0x441 /usr/lib/gcc/arm-none-eabi/5.2.0/armv7e-m/libgcc.a(_udivmoddi4.o)
 .debug_info    0x000000000001f9ea       0xbb /usr/lib/gcc/arm-none-eabi/5.2.0/armv7e-m/libgcc.a(_dvmd_tls.o)

.debug_abbrev   0x0000000000000000     0x5717
 *(.debug_abbrev)
 .debug_abbrev  0x0000000000000000      0x224 ./system/src/stm32f4-hal/stm32f4xx_hal.o
 .debug_abbrev  0x0000000000000224      0x324 ./system/src/stm32f4-hal/stm32f4xx_hal_cortex.o
 .debug_abbrev  0x0000000000000548      0x204 ./system/src/stm32f4-hal/stm32f4xx_hal_gpio.o
 .debug_abbrev  0x000000000000074c      0x1dc ./system/src/stm32f4-hal/stm32f4xx_hal_sram.o
 .debug_abbrev  0x0000000000000928      0x1b6 ./system/src/stm32f4-hal/stm32f4xx_ll_fsmc.o
 .debug_abbrev  0x0000000000000ade       0x8e ./system/src/newlib/_exit.o
 .debug_abbrev  0x0000000000000b6c       0xb9 ./system/src/newlib/_sbrk.o
 .debug_abbrev  0x0000000000000c25      0x1d4 ./system/src/newlib/_startup.o
 .debug_abbrev  0x0000000000000df9       0xe5 ./system/src/newlib/_syscalls.o
 .debug_abbrev  0x0000000000000ede       0xab ./system/src/newlib/assert.o
 .debug_abbrev  0x0000000000000f89      0x156 ./system/src/diag/Trace.o
 .debug_abbrev  0x00000000000010df      0x1c8 ./system/src/diag/trace_impl.o
 .debug_abbrev  0x00000000000012a7       0x88 ./system/src/cortexm/_initialize_hardware.o
 .debug_abbrev  0x000000000000132f      0x262 ./system/src/cortexm/exception_handlers.o