Archive member included because of file (symbol)

c:/tools/arm/gcc/bin/../lib/gcc/arm-none-eabi/4.9.3/armv7e-m\libgcc.a(_arm_addsubsf3.o)
                              ./system/STM324xG_EVAL/stm324xg_eval_lcd.o (__aeabi_i2f)
c:/tools/arm/gcc/bin/../lib/gcc/arm-none-eabi/4.9.3/armv7e-m\libgcc.a(_arm_muldivsf3.o)
                              ./system/STM324xG_EVAL/stm324xg_eval_lcd.o (__aeabi_fdiv)
c:/tools/arm/gcc/bin/../lib/gcc/arm-none-eabi/4.9.3/armv7e-m\libgcc.a(_arm_fixunssfsi.o)
                              ./system/STM324xG_EVAL/stm324xg_eval_lcd.o (__aeabi_f2uiz)
c:/tools/arm/gcc/bin/../lib/gcc/arm-none-eabi/4.9.3/../../../../arm-none-eabi/lib/armv7e-m\libg_nano.a(lib_a-errno.o)
                              ./system/src/newlib/_sbrk.o (__errno)
c:/tools/arm/gcc/bin/../lib/gcc/arm-none-eabi/4.9.3/../../../../arm-none-eabi/lib/armv7e-m\libg_nano.a(lib_a-impure.o)
                              c:/tools/arm/gcc/bin/../lib/gcc/arm-none-eabi/4.9.3/../../../../arm-none-eabi/lib/armv7e-m\libg_nano.a(lib_a-errno.o) (_impure_ptr)
c:/tools/arm/gcc/bin/../lib/gcc/arm-none-eabi/4.9.3/../../../../arm-none-eabi/lib/armv7e-m\libg_nano.a(lib_a-memcpy.o)
                              ./FreeRTOS/source/queue.o (memcpy)
c:/tools/arm/gcc/bin/../lib/gcc/arm-none-eabi/4.9.3/../../../../arm-none-eabi/lib/armv7e-m\libg_nano.a(lib_a-memset.o)
                              ./FreeRTOS/source/tasks.o (memset)
c:/tools/arm/gcc/bin/../lib/gcc/arm-none-eabi/4.9.3/../../../../arm-none-eabi/lib/armv7e-m\libg_nano.a(lib_a-strlen.o)
                              ./system/src/diag/Trace.o (strlen)
c:/tools/arm/gcc/bin/../lib/gcc/arm-none-eabi/4.9.3/../../../../arm-none-eabi/lib/armv7e-m\libg_nano.a(lib_a-vsnprintf.o)
                              ./system/src/diag/Trace.o (vsnprintf)
c:/tools/arm/gcc/bin/../lib/gcc/arm-none-eabi/4.9.3/../../../../arm-none-eabi/lib/armv7e-m\libg_nano.a(lib_a-nano-svfprintf.o)
                              c:/tools/arm/gcc/bin/../lib/gcc/arm-none-eabi/4.9.3/../../../../arm-none-eabi/lib/armv7e-m\libg_nano.a(lib_a-vsnprintf.o) (_svfprintf_r)
c:/tools/arm/gcc/bin/../lib/gcc/arm-none-eabi/4.9.3/../../../../arm-none-eabi/lib/armv7e-m\libg_nano.a(lib_a-nano-vfprintf_i.o)
                              c:/tools/arm/gcc/bin/../lib/gcc/arm-none-eabi/4.9.3/../../../../arm-none-eabi/lib/armv7e-m\libg_nano.a(lib_a-nano-svfprintf.o) (_printf_i)
c:/tools/arm/gcc/bin/../lib/gcc/arm-none-eabi/4.9.3/../../../../arm-none-eabi/lib/armv7e-m\libg_nano.a(lib_a-memchr.o)
                              c:/tools/arm/gcc/bin/../lib/gcc/arm-none-eabi/4.9.3/../../../../arm-none-eabi/lib/armv7e-m\libg_nano.a(lib_a-nano-svfprintf.o) (memchr)
c:/tools/arm/gcc/bin/../lib/gcc/arm-none-eabi/4.9.3/../../../../arm-none-eabi/lib/armv7e-m\libg_nano.a(lib_a-memmove.o)
                              c:/tools/arm/gcc/bin/../lib/gcc/arm-none-eabi/4.9.3/../../../../arm-none-eabi/lib/armv7e-m\libg_nano.a(lib_a-nano-svfprintf.o) (memmove)
c:/tools/arm/gcc/bin/../lib/gcc/arm-none-eabi/4.9.3/../../../../arm-none-eabi/lib/armv7e-m\libg_nano.a(lib_a-nano-freer.o)
                              c:/tools/arm/gcc/bin/../lib/gcc/arm-none-eabi/4.9.3/../../../../arm-none-eabi/lib/armv7e-m\libg_nano.a(lib_a-nano-svfprintf.o) (_free_r)
c:/tools/arm/gcc/bin/../lib/gcc/arm-none-eabi/4.9.3/../../../../arm-none-eabi/lib/armv7e-m\libg_nano.a(lib_a-nano-mallocr.o)
                              c:/tools/arm/gcc/bin/../lib/gcc/arm-none-eabi/4.9.3/../../../../arm-none-eabi/lib/armv7e-m\libg_nano.a(lib_a-nano-svfprintf.o) (_malloc_r)
c:/tools/arm/gcc/bin/../lib/gcc/arm-none-eabi/4.9.3/../../../../arm-none-eabi/lib/armv7e-m\libg_nano.a(lib_a-nano-reallocr.o)
                              c:/tools/arm/gcc/bin/../lib/gcc/arm-none-eabi/4.9.3/../../../../arm-none-eabi/lib/armv7e-m\libg_nano.a(lib_a-nano-svfprintf.o) (_realloc_r)
c:/tools/arm/gcc/bin/../lib/gcc/arm-none-eabi/4.9.3/../../../../arm-none-eabi/lib/armv7e-m\libg_nano.a(lib_a-sbrkr.o)
                              c:/tools/arm/gcc/bin/../lib/gcc/arm-none-eabi/4.9.3/../../../../arm-none-eabi/lib/armv7e-m\libg_nano.a(lib_a-nano-mallocr.o) (_sbrk_r)
c:/tools/arm/gcc/bin/../lib/gcc/arm-none-eabi/4.9.3/../../../../arm-none-eabi/lib/armv7e-m\libg_nano.a(lib_a-nano-msizer.o)
                              c:/tools/arm/gcc/bin/../lib/gcc/arm-none-eabi/4.9.3/../../../../arm-none-eabi/lib/armv7e-m\libg_nano.a(lib_a-nano-reallocr.o) (_malloc_usable_size_r)

Allocating common symbols
Common symbol       size              file

haudio_i2s          0x44              ./system/STM324xG_EVAL/stm324xg_eval_audio.o
errno               0x4               ./system/src/newlib/_syscalls.o
EEPROMDataRead      0x2               ./system/STM324xG_EVAL/stm324xg_eval_eeprom.o
heval_I2c           0x3c              ./system/STM324xG_EVAL/stm324xg_eval.o
pFlash              0x20              ./system/src/stm32f4-hal/stm32f4xx_hal_flash.o
[...]
Memory Configuration

Name             Origin             Length             Attributes
RAM              0x20000000         0x00020000         xrw
CCMRAM           0x10000000         0x00010000         xrw
FLASH            0x08000000         0x00100000         xr
FLASHB1          0x00000000         0x00000000         xr
EXTMEMB0         0x00000000         0x00000000         xr
EXTMEMB1         0x00000000         0x00000000         xr
EXTMEMB2         0x00000000         0x00000000         xr
EXTMEMB3         0x00000000         0x00000000         xr
MEMORY_ARRAY     0x20002000         0x00000020         xrw
*default*        0x00000000         0xffffffff

Linker script and memory map

LOAD ./system/src/stm32f4-hal/stm32f4xx_hal.o
LOAD ./system/src/stm32f4-hal/stm32f4xx_hal_adc.o
LOAD ./system/src/stm32f4-hal/stm32f4xx_hal_cec.o
LOAD ./system/src/stm32f4-hal/stm32f4xx_hal_cortex.o
LOAD ./system/src/stm32f4-hal/stm32f4xx_hal_dsi.o
LOAD ./system/src/stm32f4-hal/stm32f4xx_hal_flash.o
LOAD ./system/src/stm32f4-hal/stm32f4xx_hal_flash_ex.o
LOAD ./system/src/stm32f4-hal/stm32f4xx_hal_flash_ramfunc.o
LOAD ./system/src/stm32f4-hal/stm32f4xx_hal_gpio.o
LOAD ./system/src/stm32f4-hal/stm32f4xx_hal_i2c.o
LOAD ./system/src/stm32f4-hal/stm32f4xx_hal_iwdg.o
LOAD ./system/src/stm32f4-hal/stm32f4xx_hal_lptim.o
LOAD ./system/src/stm32f4-hal/stm32f4xx_hal_ltdc_ex.o
LOAD ./system/src/stm32f4-hal/stm32f4xx_hal_pwr.o
LOAD ./system/src/stm32f4-hal/stm32f4xx_hal_pwr_ex.o
LOAD ./system/src/stm32f4-hal/stm32f4xx_hal_rcc.o
LOAD ./system/src/stm32f4-hal/stm32f4xx_hal_rcc_ex.o
LOAD ./system/src/stm32f4-hal/stm32f4xx_hal_sram.o
LOAD ./system/src/stm32f4-hal/stm32f4xx_ll_fsmc.o
LOAD ./system/src/newlib/_cxx.o
LOAD ./system/src/newlib/_exit.o
LOAD ./system/src/newlib/_sbrk.o
LOAD ./system/src/newlib/_startup.o
LOAD ./system/src/newlib/_syscalls.o
LOAD ./system/src/newlib/assert.o
LOAD ./system/src/diag/Trace.o
LOAD ./system/src/diag/trace_impl.o
LOAD ./system/src/cortexm/_initialize_hardware.o
LOAD ./system/src/cortexm/_reset_hardware.o
LOAD ./system/src/cortexm/exception_handlers.o
LOAD ./system/src/cmsis/system_stm32f4xx.o
LOAD ./system/src/cmsis/vectors_stm32f4xx.o
LOAD ./system/STM324xG_EVAL/cs43l22.o
LOAD ./system/STM324xG_EVAL/font12.o
LOAD ./system/STM324xG_EVAL/font16.o
LOAD ./system/STM324xG_EVAL/font20.o
LOAD ./system/STM324xG_EVAL/font24.o
LOAD ./system/STM324xG_EVAL/font8.o
LOAD ./system/STM324xG_EVAL/ili9325.o
LOAD ./system/STM324xG_EVAL/stm324xg_eval.o
LOAD ./system/STM324xG_EVAL/stm324xg_eval_audio.o
LOAD ./system/STM324xG_EVAL/stm324xg_eval_eeprom.o
LOAD ./system/STM324xG_EVAL/stm324xg_eval_io.o
LOAD ./system/STM324xG_EVAL/stm324xg_eval_lcd.o
LOAD ./system/STM324xG_EVAL/stm324xg_eval_sd.o
LOAD ./system/STM324xG_EVAL/stm324xg_eval_sram.o
LOAD ./system/STM324xG_EVAL/stm324xg_eval_ts.o
LOAD ./system/STM324xG_EVAL/stmpe811.o
LOAD ./src/button.o
LOAD ./src/lcd.o
LOAD ./src/main.o
LOAD ./src/system_support.o
LOAD ./src/systick.o
LOAD ./FreeRTOS/source/croutine.o
LOAD ./FreeRTOS/source/event_groups.o
LOAD ./FreeRTOS/source/list.o
LOAD ./FreeRTOS/source/queue.o
LOAD ./FreeRTOS/source/tasks.o
LOAD ./FreeRTOS/source/timers.o
LOAD ./FreeRTOS/MemoryManager/heap_tlsf.o
LOAD ./FreeRTOS/MemoryManager/tlsf.o
LOAD ./FreeRTOS/ARM_CM3_MPU/port.o
LOAD c:/tools/arm/gcc/bin/../lib/gcc/arm-none-eabi/4.9.3/../../../../arm-none-eabi/lib/armv7e-m\libstdc++_nano.a
LOAD c:/tools/arm/gcc/bin/../lib/gcc/arm-none-eabi/4.9.3/../../../../arm-none-eabi/lib/armv7e-m\libm.a
START GROUP
LOAD c:/tools/arm/gcc/bin/../lib/gcc/arm-none-eabi/4.9.3/armv7e-m\libgcc.a
LOAD c:/tools/arm/gcc/bin/../lib/gcc/arm-none-eabi/4.9.3/../../../../arm-none-eabi/lib/armv7e-m\libg_nano.a
LOAD c:/tools/arm/gcc/bin/../lib/gcc/arm-none-eabi/4.9.3/../../../../arm-none-eabi/lib/armv7e-m\libc_nano.a
END GROUP
START GROUP
LOAD c:/tools/arm/gcc/bin/../lib/gcc/arm-none-eabi/4.9.3/armv7e-m\libgcc.a
LOAD c:/tools/arm/gcc/bin/../lib/gcc/arm-none-eabi/4.9.3/../../../../arm-none-eabi/lib/armv7e-m\libc_nano.a
END GROUP
                0x20020000                __stack = (ORIGIN (RAM) + 0x20000)
                0x20020000                _estack = __stack
                0x00000400                __Main_Stack_Size = 0x400
                0x00000400                PROVIDE (_Main_Stack_Size, __Main_Stack_Size)
                0x2001fc00                __Main_Stack_Limit = (__stack - __Main_Stack_Size)
                0x2001fc00                PROVIDE (_Main_Stack_Limit, __Main_Stack_Limit)
                0x00000100                _Minimum_Stack_Size = 0x100
                0x2000016c                PROVIDE (_Heap_Begin, _end_noinit)
                0x2001fc00                PROVIDE (_Heap_Limit, (__stack - __Main_Stack_Size))
                0x00002000                _Privileged_Functions_Region_Size = 0x2000
                0x08000000                __FLASH_segment_start__ = ORIGIN (FLASH)
                0x08100000                __FLASH_segment_end__ = (__FLASH_segment_start__ + 0x100000)
                0x08000000                __privileged_functions_start__ = ORIGIN (FLASH)
                0x08002000                __privileged_functions_end__ = (__privileged_functions_start__ + _Privileged_Functions_Region_Size)
                0x20000000                __SRAM_segment_start__ = ORIGIN (RAM)
                0x20020000                __SRAM_segment_end__ = (__SRAM_segment_start__ + 0x20000)
                0x10000000                __CCRAM_segment_start__ = ORIGIN (CCMRAM)
                0x10010000                __CCRAM_segment_end__ = (__CCRAM_segment_start__ + 0x10000)
                0x00000100                _Common_Data_Region_Size = 0x100
                0x00000100                _Privileged_Data_Region_Size = 0x100

privileged_functions
                0x08000000     0x4000
 FILL mask 0xff
                0x08000000                __privileged_functions_start__ = .
                0x08000000                __vectors_start = ABSOLUTE (.)
                0x08000000                __vectors_start__ = ABSOLUTE (.)
 *(.isr_vector)
 .isr_vector    0x08000000      0x188 ./system/src/cmsis/vectors_stm32f4xx.o
                0x08000000                __isr_vectors
 *(.cfmconfig)
 *(.after_vectors .after_vectors.*)
 .after_vectors
                0x08000188      0x130 ./system/src/newlib/_startup.o
                0x08000188                _start
 .after_vectors
                0x080002b8      0x13c ./system/src/cortexm/exception_handlers.o
                0x080002b8                Reset_Handler
                0x080002c0                NMI_Handler
                0x080002c4                HardFault_Handler
                0x080002d8                HardFault_Handler_C
                0x08000338                MemManage_Handler
                0x08000350                BusFault_Handler
                0x08000364                BusFault_Handler_C
                0x08000398                UsageFault_Handler
                0x080003ac                UsageFault_Handler_C
                0x080003e0                SVC_Handler
                0x080003e4                DebugMon_Handler
 .after_vectors
                0x080003f4        0x4 ./system/src/cmsis/vectors_stm32f4xx.o
                0x080003f4                RTC_Alarm_IRQHandler
                0x080003f4                HASH_RNG_IRQHandler
                0x080003f4                EXTI2_IRQHandler
                0x080003f4                TIM8_CC_IRQHandler
                0x080003f4                TIM1_CC_IRQHandler
                0x080003f4                DMA2_Stream5_IRQHandler
                0x080003f4                DMA1_Stream5_IRQHandler
                0x080003f4                PVD_IRQHandler
                0x080003f4                SDIO_IRQHandler
                0x080003f4                TAMP_STAMP_IRQHandler
                0x080003f4                CAN2_RX1_IRQHandler
                0x080003f4                EXTI3_IRQHandler
                0x080003f4                TIM8_TRG_COM_TIM14_IRQHandler
                0x080003f4                TIM1_UP_TIM10_IRQHandler
                0x080003f4                TIM8_UP_TIM13_IRQHandler
                0x080003f4                I2C3_ER_IRQHandler
                0x080003f4                I2C2_EV_IRQHandler
                0x080003f4                DMA1_Stream2_IRQHandler
                0x080003f4                CAN1_RX0_IRQHandler
                0x080003f4                FPU_IRQHandler
                0x080003f4                OTG_HS_WKUP_IRQHandler
                0x080003f4                CAN2_SCE_IRQHandler
                0x080003f4                DMA2_Stream2_IRQHandler
                0x080003f4                SPI1_IRQHandler
                0x080003f4                TIM6_DAC_IRQHandler
                0x080003f4                TIM1_BRK_TIM9_IRQHandler
                0x080003f4                DCMI_IRQHandler
                0x080003f4                CAN2_RX0_IRQHandler
                0x080003f4                DMA2_Stream3_IRQHandler
                0x080003f4                USART6_IRQHandler
                0x080003f4                USART3_IRQHandler
                0x080003f4                CAN1_RX1_IRQHandler
                0x080003f4                UART5_IRQHandler
                0x080003f4                DMA2_Stream0_IRQHandler
                0x080003f4                TIM4_IRQHandler
                0x080003f4                I2C1_EV_IRQHandler
                0x080003f4                DMA1_Stream6_IRQHandler
                0x080003f4                DMA1_Stream1_IRQHandler
                0x080003f4                UART4_IRQHandler
                0x080003f4                TIM3_IRQHandler
                0x080003f4                RCC_IRQHandler
                0x080003f4                TIM8_BRK_TIM12_IRQHandler
                0x080003f4                Default_Handler
                0x080003f4                ADC_IRQHandler
                0x080003f4                DMA1_Stream7_IRQHandler
                0x080003f4                TIM7_IRQHandler
                0x080003f4                CAN2_TX_IRQHandler
                0x080003f4                TIM5_IRQHandler
                0x080003f4                DMA2_Stream7_IRQHandler
                0x080003f4                I2C3_EV_IRQHandler
                0x080003f4                EXTI9_5_IRQHandler
                0x080003f4                RTC_WKUP_IRQHandler
                0x080003f4                ETH_WKUP_IRQHandler
                0x080003f4                SPI2_IRQHandler
                0x080003f4                OTG_HS_EP1_IN_IRQHandler
                0x080003f4                DMA1_Stream0_IRQHandler
                0x080003f4                CAN1_TX_IRQHandler
                0x080003f4                EXTI4_IRQHandler
                0x080003f4                FSMC_IRQHandler
                0x080003f4                ETH_IRQHandler
                0x080003f4                OTG_HS_EP1_OUT_IRQHandler
                0x080003f4                WWDG_IRQHandler
                0x080003f4                TIM2_IRQHandler
                0x080003f4                OTG_FS_WKUP_IRQHandler
                0x080003f4                TIM1_TRG_COM_TIM11_IRQHandler
                0x080003f4                OTG_HS_IRQHandler
                0x080003f4                EXTI1_IRQHandler
                0x080003f4                USART2_IRQHandler
                0x080003f4                I2C2_ER_IRQHandler
                0x080003f4                DMA2_Stream1_IRQHandler
                0x080003f4                CAN1_SCE_IRQHandler
                0x080003f4                FLASH_IRQHandler
                0x080003f4                DMA2_Stream4_IRQHandler
                0x080003f4                USART1_IRQHandler
                0x080003f4                OTG_FS_IRQHandler
                0x080003f4                SPI3_IRQHandler
                0x080003f4                DMA1_Stream4_IRQHandler
                0x080003f4                I2C1_ER_IRQHandler
                0x080003f4                DMA2_Stream6_IRQHandler
                0x080003f4                DMA1_Stream3_IRQHandler
 *(privileged_functions)
 privileged_functions
                0x080003f8      0x764 ./FreeRTOS/source/queue.o
                0x08000538                xQueueGenericReset
                0x080005a0                xQueueGenericCreate
                0x080005e0                xQueueCreateCountingSemaphore
                0x08000608                xQueueGenericSend
                0x0800071c                xQueueCreateMutex
                0x08000760                xQueueGiveMutexRecursive
                0x08000794                xQueueGenericSendFromISR
                0x08000810                xQueueGiveFromISR
                0x0800088c                xQueueGenericReceive
                0x080009bc                xQueueTakeMutexRecursive
                0x080009f4                xQueueReceiveFromISR
                0x08000a60                xQueuePeekFromISR
                0x08000aa0                uxQueueMessagesWaiting
                0x08000ab8                uxQueueSpacesAvailable
                0x08000ad4                uxQueueMessagesWaitingFromISR
                0x08000ae0                vQueueDelete
                0x08000af0                xQueueIsQueueEmptyFromISR
                0x08000b04                xQueueIsQueueFullFromISR
                0x08000b1c                vQueueWaitForMessageRestricted
 privileged_functions
                0x08000b5c     0x131c ./FreeRTOS/source/tasks.o
                0x08000cec                xTaskGenericCreate
                0x08000e20                vTaskDelete
                0x08000ec4                uxTaskPriorityGet
                0x08000ee4                uxTaskPriorityGetFromISR
                0x08000f08                vTaskPrioritySet
                0x08000fec                vTaskResume
                0x08001064                xTaskResumeFromISR
                0x080010ec                vTaskStartScheduler
                0x0800114c                vTaskEndScheduler
                0x08001168                vTaskSuspendAll
                0x0800117c                xTaskGetTickCount
                0x08001188                xTaskGetTickCountFromISR
                0x08001194                uxTaskGetNumberOfTasks
                0x080011a0                xTaskIncrementTick
                0x080012b0                xTaskResumeAll
                0x08001390                vTaskDelayUntil
                0x08001428                vTaskDelay
                0x080014e4                vTaskSwitchContext
                0x08001598                vTaskSuspend
                0x08001648                vTaskPlaceOnEventList
                0x080016a8                vTaskPlaceOnUnorderedEventList
                0x0800171c                vTaskPlaceOnEventListRestricted
                0x0800177c                xTaskRemoveFromEventList
                0x080017f4                xTaskRemoveFromUnorderedEventList
                0x0800185c                vTaskSetTimeOutState
                0x08001878                xTaskCheckForTimeOut
                0x080018d8                vTaskMissedYield
                0x080018e8                vTaskAllocateMPURegions
                0x08001904                xTaskGetCurrentTaskHandle
                0x08001910                xTaskGetSchedulerState
                0x08001930                vTaskPriorityInherit
                0x080019e4                xTaskPriorityDisinherit
                0x08001a7c                uxTaskResetEventItemValue
                0x08001a9c                pvTaskIncrementMutexHeldCount
                0x08001abc                ulTaskNotifyTake
                0x08001b74                xTaskNotifyWait
                0x08001c50                xTaskGenericNotify
                0x08001d08                xTaskGenericNotifyFromISR
                0x08001dd8                vTaskNotifyGiveFromISR
 privileged_functions
                0x08001e78      0x3d8 ./FreeRTOS/source/timers.o
                0x08001f1c                xTimerCreateTimerTask
                0x08001f60                xTimerCreate
                0x08001fa0                xTimerGenericCommand
                0x080021f8                pcTimerGetTimerName
                0x08002204                xTimerIsTimerActive
                0x08002220                pvTimerGetTimerID
                0x08002238                vTimerSetTimerID
 privileged_functions
                0x08002250       0x3c ./FreeRTOS/MemoryManager/heap_tlsf.o
                0x08002250                pvPortMalloc
                0x08002270                vPortFree
 privileged_functions
                0x0800228c      0x33c ./FreeRTOS/ARM_CM3_MPU/port.o
                0x080023fc                pxPortInitialiseStack
                0x08002434                vPortSVCHandler
                0x08002444                xPortStartScheduler
                0x08002474                vPortEndScheduler
                0x08002488                xPortPendSVHandler
                0x080024dc                xPortSysTickHandler
                0x08002504                vPortStoreTaskMPUSettings
                0x08004000                . = ALIGN (_Privileged_Functions_Region_Size)
 *fill*         0x080025c8     0x1a38 ff
                0x08004000                __privileged_functions_end__ = .

.inits          0x08004000       0x28
                0x08004000                __data_regions_array_start = .
                0x08004000        0x4 LONG 0x8008ebc LOADADDR (.data)
                0x08004004        0x4 LONG 0x20000000 ADDR (.data)
                0x08004008        0x4 LONG 0x200000bc (ADDR (.data) + SIZEOF (.data))
                0x0800400c        0x4 LONG 0x8008ebc LOADADDR (.data_CCMRAM)
                0x08004010        0x4 LONG 0x10000000 ADDR (.data_CCMRAM)
                0x08004014        0x4 LONG 0x10000000 (ADDR (.data_CCMRAM) + SIZEOF (.data_CCMRAM))
                0x08004018                __data_regions_array_end = .
                0x08004018                __bss_regions_array_start = .
                0x08004018        0x4 LONG 0x200000bc ADDR (.bss)
                0x0800401c        0x4 LONG 0x2000016c (ADDR (.bss) + SIZEOF (.bss))
                0x08004020        0x4 LONG 0x10000000 ADDR (.bss_CCMRAM)
                0x08004024        0x4 LONG 0x10000000 (ADDR (.bss_CCMRAM) + SIZEOF (.bss_CCMRAM))
                0x08004028                __bss_regions_array_end = .
 *(.init)
 *(.fini)
                0x08004028                . = ALIGN (0x4)
                0x08004028                PROVIDE (__preinit_array_start, .)
 *(.preinit_array_sysinit .preinit_array_sysinit.*)
 *(.preinit_array_platform .preinit_array_platform.*)
 *(.preinit_array .preinit_array.*)
                0x08004028                PROVIDE (__preinit_array_end, .)
                0x08004028                . = ALIGN (0x4)
                0x08004028                PROVIDE (__init_array_start, .)
 *(SORT(.init_array.*))
 *(.init_array)
                0x08004028                PROVIDE (__init_array_end, .)
                0x08004028                . = ALIGN (0x4)
                0x08004028                PROVIDE (__fini_array_start, .)
 *(SORT(.fini_array.*))
 *(.fini_array)
                0x08004028                PROVIDE (__fini_array_end, .)

.flashtext
 *(.flashtext .flashtext.*)

.text           0x08004028     0x4e91
 *(.text .text.*)
 .text.HAL_MspInit
                0x08004028        0x4 ./system/src/stm32f4-hal/stm32f4xx_hal.o
                0x08004028                HAL_MspInit
 .text.HAL_Init
                0x0800402c       0x30 ./system/src/stm32f4-hal/stm32f4xx_hal.o
                0x0800402c                HAL_Init
 .text.HAL_NVIC_SetPriorityGrouping
                0x0800405c       0x3c ./system/src/stm32f4-hal/stm32f4xx_hal_cortex.o
                0x0800405c                HAL_NVIC_SetPriorityGrouping
 .text.HAL_GPIO_Init
                0x08004098      0x328 ./system/src/stm32f4-hal/stm32f4xx_hal_gpio.o
                0x08004098                HAL_GPIO_Init
 .text.HAL_GPIO_TogglePin
                0x080043c0       0x20 ./system/src/stm32f4-hal/stm32f4xx_hal_gpio.o
                0x080043c0                HAL_GPIO_TogglePin
 .text.HAL_SRAM_MspInit
                0x080043e0        0x4 ./system/src/stm32f4-hal/stm32f4xx_hal_sram.o
                0x080043e0                HAL_SRAM_MspInit
 .text.HAL_SRAM_Init
                0x080043e4       0x58 ./system/src/stm32f4-hal/stm32f4xx_hal_sram.o
                0x080043e4                HAL_SRAM_Init
 .text.FSMC_NORSRAM_Init
                0x0800443c      0x14c ./system/src/stm32f4-hal/stm32f4xx_ll_fsmc.o
                0x0800443c                FSMC_NORSRAM_Init
 .text.FSMC_NORSRAM_Timing_Init
                0x08004588       0xc4 ./system/src/stm32f4-hal/stm32f4xx_ll_fsmc.o
                0x08004588                FSMC_NORSRAM_Timing_Init
 .text.FSMC_NORSRAM_Extended_Timing_Init
                0x0800464c       0xe0 ./system/src/stm32f4-hal/stm32f4xx_ll_fsmc.o
                0x0800464c                FSMC_NORSRAM_Extended_Timing_Init
 .text._exit    0x0800472c        0x4 ./system/src/newlib/_exit.o
                0x0800472c                _exit
 .text.abort    0x08004730       0x14 ./system/src/newlib/_exit.o
                0x08004730                abort
 .text._sbrk    0x08004744       0x44 ./system/src/newlib/_sbrk.o
                0x08004744                _sbrk
 .text.__initialize_args
                0x08004788       0x10 ./system/src/newlib/_syscalls.o
                0x08004788                __initialize_args
 .text.__assert_func
                0x08004798       0x38 ./system/src/newlib/assert.o
                0x08004798                __assert_func
 .text.assert_failed
                0x080047d0       0x18 ./system/src/newlib/assert.o
                0x080047d0                assert_failed
 .text.trace_printf
                0x080047e8       0x34 ./system/src/diag/Trace.o
                0x080047e8                trace_printf
 .text.trace_puts
                0x0800481c       0x20 ./system/src/diag/Trace.o
                0x0800481c                trace_puts
 .text._trace_write_semihosting_debug
                0x0800483c       0x64 ./system/src/diag/trace_impl.o
 .text.trace_write
                0x080048a0        0x8 ./system/src/diag/trace_impl.o
                0x080048a0                trace_write
 .text.__initialize_hardware_early
                0x080048a8        0x8 ./system/src/cortexm/_initialize_hardware.o
                0x080048a8                __initialize_hardware_early
 .text.__initialize_hardware
                0x080048b0        0x8 ./system/src/cortexm/_initialize_hardware.o
                0x080048b0                __initialize_hardware
 .text.dumpExceptionStack
                0x080048b8       0xf0 ./system/src/cortexm/exception_handlers.o
                0x080048b8                dumpExceptionStack
 .text.isSemihosting
                0x080049a8       0x20 ./system/src/cortexm/exception_handlers.o
                0x080049a8                isSemihosting
 .text.vApplicationStackOverflowHook
                0x080049c8        0x4 ./system/src/cortexm/exception_handlers.o
                0x080049c8                vApplicationStackOverflowHook
 .text.SetSysClock
                0x080049cc       0xc4 ./system/src/cmsis/system_stm32f4xx.o
 .text.SystemInit
                0x08004a90       0x68 ./system/src/cmsis/system_stm32f4xx.o
                0x08004a90                SystemInit
 .text.SystemCoreClockUpdate
                0x08004af8       0xa0 ./system/src/cmsis/system_stm32f4xx.o
                0x08004af8                SystemCoreClockUpdate
 .text.ili9325_GetLcdPixelWidth
                0x08004b98        0x8 ./system/STM324xG_EVAL/ili9325.o
                0x08004b98                ili9325_GetLcdPixelWidth
 .text.ili9325_GetLcdPixelHeight
                0x08004ba0        0x4 ./system/STM324xG_EVAL/ili9325.o
                0x08004ba0                ili9325_GetLcdPixelHeight
 .text.ili9325_WriteReg
                0x08004ba4       0x10 ./system/STM324xG_EVAL/ili9325.o
                0x08004ba4                ili9325_WriteReg
 .text.ili9325_DisplayOn
                0x08004bb4       0x60 ./system/STM324xG_EVAL/ili9325.o
                0x08004bb4                ili9325_DisplayOn
 .text.ili9325_DisplayOff
                0x08004c14       0x34 ./system/STM324xG_EVAL/ili9325.o
                0x08004c14                ili9325_DisplayOff
 .text.ili9325_SetCursor
                0x08004c48       0x1c ./system/STM324xG_EVAL/ili9325.o
                0x08004c48                ili9325_SetCursor
 .text.ili9325_WritePixel
                0x08004c64       0x18 ./system/STM324xG_EVAL/ili9325.o
                0x08004c64                ili9325_WritePixel
 .text.ili9325_ReadPixel
                0x08004c7c       0x18 ./system/STM324xG_EVAL/ili9325.o
                0x08004c7c                ili9325_ReadPixel
 .text.ili9325_DrawHLine
                0x08004c94       0x28 ./system/STM324xG_EVAL/ili9325.o
                0x08004c94                ili9325_DrawHLine
 .text.ili9325_DrawRGBImage
                0x08004cbc       0x28 ./system/STM324xG_EVAL/ili9325.o
                0x08004cbc                ili9325_DrawRGBImage
 .text.ili9325_Init
                0x08004ce4      0x1e8 ./system/STM324xG_EVAL/ili9325.o
                0x08004ce4                ili9325_Init
 .text.ili9325_SetDisplayWindow
                0x08004ecc       0x3c ./system/STM324xG_EVAL/ili9325.o
                0x08004ecc                ili9325_SetDisplayWindow
 .text.ili9325_DrawVLine
                0x08004f08       0x40 ./system/STM324xG_EVAL/ili9325.o
                0x08004f08                ili9325_DrawVLine
 .text.ili9325_DrawBitmap
                0x08004f48       0x58 ./system/STM324xG_EVAL/ili9325.o
                0x08004f48                ili9325_DrawBitmap
 .text.ili9325_ReadReg
                0x08004fa0        0xc ./system/STM324xG_EVAL/ili9325.o
                0x08004fa0                ili9325_ReadReg
 .text.ili9325_ReadID
                0x08004fac       0x10 ./system/STM324xG_EVAL/ili9325.o
                0x08004fac                ili9325_ReadID
 .text.FSMC_BANK3_WriteData
                0x08004fbc        0x8 ./system/STM324xG_EVAL/stm324xg_eval.o
 .text.FSMC_BANK3_WriteReg
                0x08004fc4        0x8 ./system/STM324xG_EVAL/stm324xg_eval.o
 .text.FSMC_BANK3_ReadData
                0x08004fcc        0xc ./system/STM324xG_EVAL/stm324xg_eval.o
 .text.FSMC_BANK3_MspInit
                0x08004fd8       0xc4 ./system/STM324xG_EVAL/stm324xg_eval.o
 .text.FSMC_BANK3_Init
                0x0800509c       0x60 ./system/STM324xG_EVAL/stm324xg_eval.o
 .text.BSP_LED_Init
                0x080050fc       0x98 ./system/STM324xG_EVAL/stm324xg_eval.o
                0x080050fc                BSP_LED_Init
 .text.BSP_LED_Toggle
                0x08005194       0x1c ./system/STM324xG_EVAL/stm324xg_eval.o
                0x08005194                BSP_LED_Toggle
 .text.LCD_IO_Init
                0x080051b0       0x18 ./system/STM324xG_EVAL/stm324xg_eval.o
                0x080051b0                LCD_IO_Init
 .text.LCD_IO_WriteData
                0x080051c8        0x8 ./system/STM324xG_EVAL/stm324xg_eval.o
                0x080051c8                LCD_IO_WriteData
 .text.LCD_IO_WriteReg
                0x080051d0        0x8 ./system/STM324xG_EVAL/stm324xg_eval.o
                0x080051d0                LCD_IO_WriteReg
 .text.LCD_IO_ReadData
                0x080051d8        0x8 ./system/STM324xG_EVAL/stm324xg_eval.o
                0x080051d8                LCD_IO_ReadData
 .text.BSP_LCD_GetXSize
                0x080051e0       0x10 ./system/STM324xG_EVAL/stm324xg_eval_lcd.o
                0x080051e0                BSP_LCD_GetXSize
 .text.BSP_LCD_GetYSize
                0x080051f0       0x10 ./system/STM324xG_EVAL/stm324xg_eval_lcd.o
                0x080051f0                BSP_LCD_GetYSize
 .text.BSP_LCD_SetTextColor
                0x08005200        0xc ./system/STM324xG_EVAL/stm324xg_eval_lcd.o
                0x08005200                BSP_LCD_SetTextColor
 .text.BSP_LCD_SetBackColor
                0x0800520c        0xc ./system/STM324xG_EVAL/stm324xg_eval_lcd.o
                0x0800520c                BSP_LCD_SetBackColor
 .text.BSP_LCD_SetFont
                0x08005218        0xc ./system/STM324xG_EVAL/stm324xg_eval_lcd.o
                0x08005218                BSP_LCD_SetFont
 .text.BSP_LCD_Init
                0x08005224       0x48 ./system/STM324xG_EVAL/stm324xg_eval_lcd.o
                0x08005224                BSP_LCD_Init
 .text.BSP_LCD_GetFont
                0x0800526c        0xc ./system/STM324xG_EVAL/stm324xg_eval_lcd.o
                0x0800526c                BSP_LCD_GetFont
 .text.BSP_LCD_DrawPixel
                0x08005278       0x14 ./system/STM324xG_EVAL/stm324xg_eval_lcd.o
                0x08005278                BSP_LCD_DrawPixel
 .text.DrawChar
                0x0800528c       0xb8 ./system/STM324xG_EVAL/stm324xg_eval_lcd.o
 .text.BSP_LCD_DisplayChar
                0x08005344       0x24 ./system/STM324xG_EVAL/stm324xg_eval_lcd.o
                0x08005344                BSP_LCD_DisplayChar
 .text.BSP_LCD_DisplayStringAt
                0x08005368       0xa0 ./system/STM324xG_EVAL/stm324xg_eval_lcd.o
                0x08005368                BSP_LCD_DisplayStringAt
 .text.BSP_LCD_DisplayStringAtLine
                0x08005408       0x20 ./system/STM324xG_EVAL/stm324xg_eval_lcd.o
                0x08005408                BSP_LCD_DisplayStringAtLine
 .text.BSP_LCD_DrawHLine
                0x08005428       0x40 ./system/STM324xG_EVAL/stm324xg_eval_lcd.o
                0x08005428                BSP_LCD_DrawHLine
 .text.BSP_LCD_Clear
                0x08005468       0x34 ./system/STM324xG_EVAL/stm324xg_eval_lcd.o
                0x08005468                BSP_LCD_Clear
 .text.EXTI15_10_IRQHandler
                0x0800549c       0x10 ./src/button.o
                0x0800549c                EXTI15_10_IRQHandler
 .text.EXTI0_IRQHandler
                0x080054ac        0xc ./src/button.o
                0x080054ac                EXTI0_IRQHandler
 .text._Z8lcd_initv
                0x080054b8       0x20 ./src/lcd.o
                0x080054b8                lcd_init()
 .text._Z14lcd_write_linejPc
                0x080054d8       0x1c ./src/lcd.o
                0x080054d8                lcd_write_line(unsigned int, char*)
 .text._Z9test_taskPv
                0x080054f4       0x28 ./src/main.o
                0x080054f4                test_task(void*)
 .text.main     0x0800551c       0x48 ./src/main.o
                0x0800551c                main
 .text._Z11init_systemv
                0x08005564       0x30 ./src/system_support.o
                0x08005564                init_system()
 .text.vListInitialise
                0x08005594       0x18 ./FreeRTOS/source/list.o
                0x08005594                vListInitialise
 .text.vListInitialiseItem
                0x080055ac        0x8 ./FreeRTOS/source/list.o
                0x080055ac                vListInitialiseItem
 .text.vListInsertEnd
                0x080055b4       0x18 ./FreeRTOS/source/list.o
                0x080055b4                vListInsertEnd
 .text.vListInsert
                0x080055cc       0x34 ./FreeRTOS/source/list.o
                0x080055cc                vListInsert
 .text.uxListRemove
                0x08005600       0x24 ./FreeRTOS/source/list.o
                0x08005600                uxListRemove
 .text.prvResetNextTaskUnblockTime
                0x08005624       0x2c ./FreeRTOS/source/tasks.o
 .text.prvIdleTask
                0x08005650        0x8 ./FreeRTOS/source/tasks.o
 .text.vPortInitMemory
                0x08005658       0x20 ./FreeRTOS/MemoryManager/heap_tlsf.o
                0x08005658                vPortInitMemory
 .text.block_size
                0x08005678        0x8 ./FreeRTOS/MemoryManager/tlsf.o
 .text.block_set_size
                0x08005680        0xc ./FreeRTOS/MemoryManager/tlsf.o
 .text.block_is_last
                0x0800568c       0x10 ./FreeRTOS/MemoryManager/tlsf.o
 .text.block_is_free
                0x0800569c        0x8 ./FreeRTOS/MemoryManager/tlsf.o
 .text.block_set_free
                0x080056a4        0xc ./FreeRTOS/MemoryManager/tlsf.o
 .text.block_set_used
                0x080056b0        0xc ./FreeRTOS/MemoryManager/tlsf.o
 .text.block_is_prev_free
                0x080056bc        0x8 ./FreeRTOS/MemoryManager/tlsf.o
 .text.block_set_prev_free
                0x080056c4        0xc ./FreeRTOS/MemoryManager/tlsf.o
 .text.block_set_prev_used
                0x080056d0        0xc ./FreeRTOS/MemoryManager/tlsf.o
 .text.block_from_ptr
                0x080056dc        0x4 ./FreeRTOS/MemoryManager/tlsf.o
 .text.block_to_ptr
                0x080056e0        0x4 ./FreeRTOS/MemoryManager/tlsf.o
 .text.offset_to_block
                0x080056e4        0x4 ./FreeRTOS/MemoryManager/tlsf.o
 .text.block_prev
                0x080056e8        0x4 ./FreeRTOS/MemoryManager/tlsf.o
 .text.block_can_split
                0x080056ec       0x14 ./FreeRTOS/MemoryManager/tlsf.o
 .text.control_construct
                0x08005700       0x38 ./FreeRTOS/MemoryManager/tlsf.o
 .text.block_next
                0x08005738       0x40 ./FreeRTOS/MemoryManager/tlsf.o
 .text.block_link_next
                0x08005778        0xc ./FreeRTOS/MemoryManager/tlsf.o
 .text.block_mark_as_free
                0x08005784       0x14 ./FreeRTOS/MemoryManager/tlsf.o
 .text.block_mark_as_used
                0x08005798       0x14 ./FreeRTOS/MemoryManager/tlsf.o
 .text.align_down
                0x080057ac       0x28 ./FreeRTOS/MemoryManager/tlsf.o
 .text.align_ptr
                0x080057d4       0x2c ./FreeRTOS/MemoryManager/tlsf.o
 .text.insert_free_block
                0x08005800       0x98 ./FreeRTOS/MemoryManager/tlsf.o
 .text.remove_free_block
                0x08005898       0x7c ./FreeRTOS/MemoryManager/tlsf.o
 .text.align_up
                0x08005914       0x2c ./FreeRTOS/MemoryManager/tlsf.o
 .text.adjust_request_size
                0x08005940       0x20 ./FreeRTOS/MemoryManager/tlsf.o
 .text.block_split
                0x08005960       0xa0 ./FreeRTOS/MemoryManager/tlsf.o
 .text.block_absorb
                0x08005a00       0x40 ./FreeRTOS/MemoryManager/tlsf.o
 .text.tlsf_fls
                0x08005a40       0x14 ./FreeRTOS/MemoryManager/tlsf.o
 .text.mapping_insert
                0x08005a54       0x30 ./FreeRTOS/MemoryManager/tlsf.o
 .text.block_insert
                0x08005a84       0x28 ./FreeRTOS/MemoryManager/tlsf.o
 .text.block_trim_free
                0x08005aac       0x54 ./FreeRTOS/MemoryManager/tlsf.o
 .text.block_prepare_used
                0x08005b00       0x1c ./FreeRTOS/MemoryManager/tlsf.o
 .text.block_remove
                0x08005b1c       0x28 ./FreeRTOS/MemoryManager/tlsf.o
 .text.block_merge_prev
                0x08005b44       0x60 ./FreeRTOS/MemoryManager/tlsf.o
 .text.block_merge_next
                0x08005ba4       0x60 ./FreeRTOS/MemoryManager/tlsf.o
 .text.mapping_search
                0x08005c04       0x28 ./FreeRTOS/MemoryManager/tlsf.o
 .text.tlsf_ffs
                0x08005c2c       0x14 ./FreeRTOS/MemoryManager/tlsf.o
 .text.search_suitable_block
                0x08005c40       0x6c ./FreeRTOS/MemoryManager/tlsf.o
 .text.block_locate_free
                0x08005cac       0x64 ./FreeRTOS/MemoryManager/tlsf.o
 .text.tlsf_size
                0x08005d10        0x8 ./FreeRTOS/MemoryManager/tlsf.o
                0x08005d10                tlsf_size
 .text.tlsf_pool_overhead
                0x08005d18        0x4 ./FreeRTOS/MemoryManager/tlsf.o
                0x08005d18                tlsf_pool_overhead
 .text.tlsf_add_pool
                0x08005d1c       0x7c ./FreeRTOS/MemoryManager/tlsf.o
                0x08005d1c                tlsf_add_pool
 .text.tlsf_create
                0x08005d98       0x18 ./FreeRTOS/MemoryManager/tlsf.o
                0x08005d98                tlsf_create
 .text.tlsf_create_with_pool
                0x08005db0       0x20 ./FreeRTOS/MemoryManager/tlsf.o
                0x08005db0                tlsf_create_with_pool
 .text.tlsf_malloc
                0x08005dd0       0x24 ./FreeRTOS/MemoryManager/tlsf.o
                0x08005dd0                tlsf_malloc
 .text.tlsf_free
                0x08005df4       0x50 ./FreeRTOS/MemoryManager/tlsf.o
                0x08005df4                tlsf_free
 .text.prvRaisePrivilege
                0x08005e44       0x14 ./FreeRTOS/ARM_CM3_MPU/port.o
 .text.vPortEnterCritical
                0x08005e58       0x30 ./FreeRTOS/ARM_CM3_MPU/port.o
                0x08005e58                vPortEnterCritical
 .text.vPortExitCritical
                0x08005e88       0x40 ./FreeRTOS/ARM_CM3_MPU/port.o
                0x08005e88                vPortExitCritical
 .text.MPU_xTaskGenericCreate
                0x08005ec8       0x4c ./FreeRTOS/ARM_CM3_MPU/port.o
                0x08005ec8                MPU_xTaskGenericCreate
 .text.MPU_vTaskDelay
                0x08005f14       0x24 ./FreeRTOS/ARM_CM3_MPU/port.o
                0x08005f14                MPU_vTaskDelay
 .text.__errno  0x08005f38        0xc c:/tools/arm/gcc/bin/../lib/gcc/arm-none-eabi/4.9.3/../../../../arm-none-eabi/lib/armv7e-m\libg_nano.a(lib_a-errno.o)
                0x08005f38                __errno
 .text.memcpy   0x08005f44       0x16 c:/tools/arm/gcc/bin/../lib/gcc/arm-none-eabi/4.9.3/../../../../arm-none-eabi/lib/armv7e-m\libg_nano.a(lib_a-memcpy.o)
                0x08005f44                memcpy
 .text.memset   0x08005f5a       0x10 c:/tools/arm/gcc/bin/../lib/gcc/arm-none-eabi/4.9.3/../../../../arm-none-eabi/lib/armv7e-m\libg_nano.a(lib_a-memset.o)
                0x08005f5a                memset
 .text.strlen   0x08005f6a       0x10 c:/tools/arm/gcc/bin/../lib/gcc/arm-none-eabi/4.9.3/../../../../arm-none-eabi/lib/armv7e-m\libg_nano.a(lib_a-strlen.o)
                0x08005f6a                strlen
 .text._vsnprintf_r
                0x08005f7a       0x52 c:/tools/arm/gcc/bin/../lib/gcc/arm-none-eabi/4.9.3/../../../../arm-none-eabi/lib/armv7e-m\libg_nano.a(lib_a-vsnprintf.o)
                0x08005f7a                _vsniprintf_r
                0x08005f7a                _vsnprintf_r
 .text.vsnprintf
                0x08005fcc       0x20 c:/tools/arm/gcc/bin/../lib/gcc/arm-none-eabi/4.9.3/../../../../arm-none-eabi/lib/armv7e-m\libg_nano.a(lib_a-vsnprintf.o)
                0x08005fcc                vsniprintf
                0x08005fcc                vsnprintf
 .text.__ssputs_r
                0x08005fec       0xb2 c:/tools/arm/gcc/bin/../lib/gcc/arm-none-eabi/4.9.3/../../../../arm-none-eabi/lib/armv7e-m\libg_nano.a(lib_a-nano-svfprintf.o)
                0x08005fec                __ssputs_r
 *fill*         0x0800609e        0x2 
 .text._svfprintf_r
                0x080060a0      0x1e4 c:/tools/arm/gcc/bin/../lib/gcc/arm-none-eabi/4.9.3/../../../../arm-none-eabi/lib/armv7e-m\libg_nano.a(lib_a-nano-svfprintf.o)
                0x080060a0                _svfiprintf_r
                0x080060a0                _svfprintf_r
 .text._printf_common
                0x08006284       0xea c:/tools/arm/gcc/bin/../lib/gcc/arm-none-eabi/4.9.3/../../../../arm-none-eabi/lib/armv7e-m\libg_nano.a(lib_a-nano-vfprintf_i.o)
                0x08006284                _printf_common
 *fill*         0x0800636e        0x2 
 .text._printf_i
                0x08006370      0x240 c:/tools/arm/gcc/bin/../lib/gcc/arm-none-eabi/4.9.3/../../../../arm-none-eabi/lib/armv7e-m\libg_nano.a(lib_a-nano-vfprintf_i.o)
                0x08006370                _printf_i
 .text.memchr   0x080065b0       0x1e c:/tools/arm/gcc/bin/../lib/gcc/arm-none-eabi/4.9.3/../../../../arm-none-eabi/lib/armv7e-m\libg_nano.a(lib_a-memchr.o)
                0x080065b0                memchr
 .text.memmove  0x080065ce       0x36 c:/tools/arm/gcc/bin/../lib/gcc/arm-none-eabi/4.9.3/../../../../arm-none-eabi/lib/armv7e-m\libg_nano.a(lib_a-memmove.o)
                0x080065ce                memmove
 .text._free_r  0x08006604       0x88 c:/tools/arm/gcc/bin/../lib/gcc/arm-none-eabi/4.9.3/../../../../arm-none-eabi/lib/armv7e-m\libg_nano.a(lib_a-nano-freer.o)
                0x08006604                _free_r
 .text._malloc_r
                0x0800668c       0xac c:/tools/arm/gcc/bin/../lib/gcc/arm-none-eabi/4.9.3/../../../../arm-none-eabi/lib/armv7e-m\libg_nano.a(lib_a-nano-mallocr.o)
                0x0800668c                _malloc_r
 .text._realloc_r
                0x08006738       0x4c c:/tools/arm/gcc/bin/../lib/gcc/arm-none-eabi/4.9.3/../../../../arm-none-eabi/lib/armv7e-m\libg_nano.a(lib_a-nano-reallocr.o)
                0x08006738                _realloc_r
 .text._sbrk_r  0x08006784       0x20 c:/tools/arm/gcc/bin/../lib/gcc/arm-none-eabi/4.9.3/../../../../arm-none-eabi/lib/armv7e-m\libg_nano.a(lib_a-sbrkr.o)
                0x08006784                _sbrk_r
 .text._malloc_usable_size_r
                0x080067a4       0x14 c:/tools/arm/gcc/bin/../lib/gcc/arm-none-eabi/4.9.3/../../../../arm-none-eabi/lib/armv7e-m\libg_nano.a(lib_a-nano-msizer.o)
                0x080067a4                _malloc_usable_size_r
 *(.rodata .rodata.* .constdata .constdata.*)
 .rodata.str1.4
                0x080067b8       0x31 ./system/src/stm32f4-hal/stm32f4xx_hal_cortex.o
 *fill*         0x080067e9        0x3 
 .rodata.str1.4
                0x080067ec       0x2f ./system/src/stm32f4-hal/stm32f4xx_hal_gpio.o
 *fill*         0x0800681b        0x1 
 .rodata.str1.4
                0x0800681c       0x2e ./system/src/stm32f4-hal/stm32f4xx_ll_fsmc.o
 *fill*         0x0800684a        0x2 
 .rodata.str1.4
                0x0800684c       0x14 ./system/src/newlib/_exit.o
 .rodata.str1.4
                0x08006860       0x6b ./system/src/newlib/assert.o
                                 0x6f (size before relaxing)
 *fill*         0x080068cb        0x1 
 .rodata.str1.4
                0x080068cc       0x29 ./system/src/diag/Trace.o
                                 0x2d (size before relaxing)
 *fill*         0x080068f5        0x3 
 .rodata.str1.4
                0x080068f8      0x146 ./system/src/cortexm/exception_handlers.o
 *fill*         0x08006a3e        0x2 
 .rodata.AHBPrescTable
                0x08006a40       0x10 ./system/src/cmsis/system_stm32f4xx.o
                0x08006a40                AHBPrescTable
 .rodata.Font24_Table
                0x08006a50     0x1ab8 ./system/STM324xG_EVAL/font24.o
                0x08006a50                Font24_Table
 .rodata        0x08008508       0x50 ./system/STM324xG_EVAL/stm324xg_eval.o
                0x08008508                GPIO_PIN
                0x08008510                GPIO_PORT
                0x08008520                BUTTON_PIN
                0x08008528                BUTTON_PORT
                0x08008534                BUTTON_IRQn
                0x0800853c                COM_RX_AF
                0x08008540                COM_TX_AF
                0x08008544                COM_RX_PIN
                0x08008548                COM_TX_PIN
                0x0800854c                COM_RX_PORT
                0x08008550                COM_TX_PORT
                0x08008554                COM_USART
 .rodata.str1.4
                0x08008558       0x15 ./src/main.o
 *fill*         0x0800856d        0x3 
 .rodata.str1.4
                0x08008570        0x5 ./FreeRTOS/source/tasks.o
 *fill*         0x08008575        0x3 
 .rodata.str1.4
                0x08008578        0x8 ./FreeRTOS/source/timers.o
 .rodata.__func__.4084
                0x08008580        0xa ./FreeRTOS/MemoryManager/tlsf.o
 *fill*         0x0800858a        0x2 
 .rodata.__func__.3885
                0x0800858c        0xd ./FreeRTOS/MemoryManager/tlsf.o
 *fill*         0x08008599        0x3 
 .rodata.__func__.3849
                0x0800859c       0x12 ./FreeRTOS/MemoryManager/tlsf.o
 *fill*         0x080085ae        0x2 
 .rodata.__func__.3783
                0x080085b0        0xb ./FreeRTOS/MemoryManager/tlsf.o
 *fill*         0x080085bb        0x1 
 .rodata.__func__.3840
                0x080085bc       0x16 ./FreeRTOS/MemoryManager/tlsf.o
 *fill*         0x080085d2        0x2 
 .rodata.__func__.3897
                0x080085d4       0x11 ./FreeRTOS/MemoryManager/tlsf.o
 *fill*         0x080085e5        0x3 
 .rodata.__func__.3903
                0x080085e8       0x10 ./FreeRTOS/MemoryManager/tlsf.o
 .rodata.__func__.3925
                0x080085f8       0x12 ./FreeRTOS/MemoryManager/tlsf.o
 *fill*         0x0800860a        0x2 
 .rodata.str1.4
                0x0800860c      0x820 ./FreeRTOS/MemoryManager/tlsf.o
 .rodata.__func__.3800
                0x08008e2c        0x9 ./FreeRTOS/MemoryManager/tlsf.o
 *fill*         0x08008e35        0x3 
 .rodata.__func__.3857
                0x08008e38       0x12 ./FreeRTOS/MemoryManager/tlsf.o
 *fill*         0x08008e4a        0x2 
 .rodata.__func__.3891
                0x08008e4c       0x11 ./FreeRTOS/MemoryManager/tlsf.o
 *fill*         0x08008e5d        0x3 
 .rodata.__func__.3805
                0x08008e60        0xb ./FreeRTOS/MemoryManager/tlsf.o
 *fill*         0x08008e6b        0x1 
 .rodata.__func__.3811
                0x08008e6c        0xa ./FreeRTOS/MemoryManager/tlsf.o
 *fill*         0x08008e76        0x2 
 .rodata.__func__.3880
                0x08008e78        0xc ./FreeRTOS/MemoryManager/tlsf.o
 .rodata.str1.1
                0x08008e84        0x2 c:/tools/arm/gcc/bin/../lib/gcc/arm-none-eabi/4.9.3/../../../../arm-none-eabi/lib/armv7e-m\libg_nano.a(lib_a-impure.o)
 .rodata.str1.1
                0x08008e86       0x11 c:/tools/arm/gcc/bin/../lib/gcc/arm-none-eabi/4.9.3/../../../../arm-none-eabi/lib/armv7e-m\libg_nano.a(lib_a-nano-svfprintf.o)
 .rodata.str1.1
                0x08008e97       0x22 c:/tools/arm/gcc/bin/../lib/gcc/arm-none-eabi/4.9.3/../../../../arm-none-eabi/lib/armv7e-m\libg_nano.a(lib_a-nano-vfprintf_i.o)
 *(vtable)
 *(.eh_frame*)
 *(.glue_7)
 .glue_7        0x00000000        0x0 linker stubs
 *(.glue_7t)
 .glue_7t       0x00000000        0x0 linker stubs

.vfp11_veneer   0x08008ebc        0x0
 .vfp11_veneer  0x00000000        0x0 linker stubs

.v4_bx          0x08008ebc        0x0
 .v4_bx         0x00000000        0x0 linker stubs

.iplt           0x08008ebc        0x0
 .iplt          0x00000000        0x0 ./system/src/stm32f4-hal/stm32f4xx_hal.o

.rel.dyn        0x08008ebc        0x0
 .rel.iplt      0x00000000        0x0 ./system/src/stm32f4-hal/stm32f4xx_hal.o

.ARM.extab
 *(.ARM.extab* .gnu.linkonce.armextab.*)
                0x08008ebc                . = ALIGN (0x4)
                0x08008ebc                __exidx_start = .

.ARM.exidx
 *(.ARM.exidx* .gnu.linkonce.armexidx.*)
                0x08008ebc                __exidx_end = .
                0x08008ebc                . = ALIGN (0x4)
                0x08008ebc                _etext = .
                0x08008ebc                __etext = .

.data_CCMRAM    0x10000000        0x0 load address 0x08008ebc
 FILL mask 0xff
 *(.data.CCMRAM .data.CCMRAM.*)
                0x10000000                . = ALIGN (0x4)
                0x08008ebc                _sidata = LOADADDR (.data)

.data           0x20000000       0xbc load address 0x08008ebc
 FILL mask 0xff
                0x20000000                _sdata = .
                0x20000000                __data_start__ = .
 *(.data_begin .data_begin.*)
 .data_begin    0x20000000        0x4 ./system/src/newlib/_startup.o
 *(.data .data.*)
 .data.argv.4157
                0x20000004        0x8 ./system/src/newlib/_syscalls.o
 .data.SystemCoreClock
                0x2000000c        0x4 ./system/src/cmsis/system_stm32f4xx.o
                0x2000000c                SystemCoreClock
 .data.Font24   0x20000010        0x8 ./system/STM324xG_EVAL/font24.o
                0x20000010                Font24
 .data.ili9325_drv
                0x20000018       0x38 ./system/STM324xG_EVAL/ili9325.o
                0x20000018                ili9325_drv
 .data.uxCriticalNesting
                0x20000050        0x4 ./FreeRTOS/ARM_CM3_MPU/port.o
 .data.impure_data
                0x20000054       0x60 c:/tools/arm/gcc/bin/../lib/gcc/arm-none-eabi/4.9.3/../../../../arm-none-eabi/lib/armv7e-m\libg_nano.a(lib_a-impure.o)
 .data._impure_ptr
                0x200000b4        0x4 c:/tools/arm/gcc/bin/../lib/gcc/arm-none-eabi/4.9.3/../../../../arm-none-eabi/lib/armv7e-m\libg_nano.a(lib_a-impure.o)
                0x200000b4                _impure_ptr
 *(.data_end .data_end.*)
 .data_end      0x200000b8        0x4 ./system/src/newlib/_startup.o
                0x200000bc                . = ALIGN (0x4)
                0x200000bc                _edata = .
                0x200000bc                __data_end__ = .

.igot.plt       0x200000bc        0x0 load address 0x08008f78
 .igot.plt      0x00000000        0x0 ./system/src/stm32f4-hal/stm32f4xx_hal.o

.bss_CCMRAM     0x10000000        0x0
 *(.bss.CCMRAM .bss.CCMRAM.*)

.bss            0x200000bc       0xb0
                0x200000bc                __bss_start__ = .
                0x200000bc                _sbss = .
 *(.bss_begin .bss_begin.*)
 .bss_begin     0x200000bc        0x4 ./system/src/newlib/_startup.o
 *(.bss .bss.*)
 .bss.current_heap_end.3862
                0x200000c0        0x4 ./system/src/newlib/_sbrk.o
 .bss.name.4156
                0x200000c4        0x1 ./system/src/newlib/_syscalls.o
 *fill*         0x200000c5        0x3 
 .bss.buf.4998  0x200000c8       0x80 ./system/src/diag/Trace.o
 .bss.Is_LCD_IO_Initialized
                0x20000148        0x1 ./system/STM324xG_EVAL/stm324xg_eval.o
 *fill*         0x20000149        0x3 
 .bss.lcd_drv   0x2000014c        0x4 ./system/STM324xG_EVAL/stm324xg_eval_lcd.o
 .bss.__malloc_sbrk_start
                0x20000150        0x4 c:/tools/arm/gcc/bin/../lib/gcc/arm-none-eabi/4.9.3/../../../../arm-none-eabi/lib/armv7e-m\libg_nano.a(lib_a-nano-mallocr.o)
                0x20000150                __malloc_sbrk_start
 .bss.__malloc_free_list
                0x20000154        0x4 c:/tools/arm/gcc/bin/../lib/gcc/arm-none-eabi/4.9.3/../../../../arm-none-eabi/lib/armv7e-m\libg_nano.a(lib_a-nano-mallocr.o)
                0x20000154                __malloc_free_list
 *(COMMON)
 COMMON         0x20000158        0x4 ./system/src/newlib/_syscalls.o
                0x20000158                errno
 COMMON         0x2000015c        0xc ./system/STM324xG_EVAL/stm324xg_eval_lcd.o
                0x2000015c                DrawProp
 *(.bss_end .bss_end.*)
 .bss_end       0x20000168        0x4 ./system/src/newlib/_startup.o
                0x2000016c                . = ALIGN (0x4)
                0x2000016c                __bss_end__ = .
                0x2000016c                _ebss = .

.system_ram     0x10000000    0x10000
                0x10000000                _s_system_ram = .
                0x10000000                . = ALIGN (_Privileged_Data_Region_Size)
                0x10000000                __privileged_data_start__ = .
 *(privileged_data)
 privileged_data
                0x10000000      0x1a0 ./FreeRTOS/source/tasks.o
                0x10000174                pxCurrentTCB
 privileged_data
                0x100001a0       0x38 ./FreeRTOS/source/timers.o
                0x10000200                . = ALIGN (_Privileged_Data_Region_Size)
 *fill*         0x100001d8       0x28 
                0x10000200                __privileged_data_end__ = .
                0x10000200                __user_data_start__ = .
 *(user_data)
 user_data      0x10000200        0x4 ./FreeRTOS/MemoryManager/heap_tlsf.o
                0x10000200                the_tlsf
                0x10000204                __user_data_end__ = .
                0x10000204                . = ALIGN (0x4)
                0x10000204                __FreeRTOS_heap_begin__ = .
                0x10010000                . = ALIGN (0x10000)
 *fill*         0x10000204     0xfdfc 
                0x10010000                __FreeRTOS_heap_end__ = .
                0x10010000                _e_system_ram = .

.noinit_CCMRAM
 *(.noinit.CCMRAM .noinit.CCMRAM.*)

.noinit         0x2000016c        0x0
                0x2000016c                _noinit = .
 *(.noinit .noinit.*)
                0x2000016c                . = ALIGN (0x4)
                0x2000016c                _end_noinit = .
                0x2000016c                PROVIDE (end, _end_noinit)
                0x2000016c                PROVIDE (_end, _end_noinit)
                0x2000016c                PROVIDE (__end, _end_noinit)
                0x2000016c                PROVIDE (__end__, _end_noinit)

._check_stack   0x2000016c      0x100
                0x2000026c                . = (. + _Minimum_Stack_Size)
 *fill*         0x2000016c      0x100 

.b1text
 *(.b1text)
 *(.b1rodata)
 *(.b1rodata.*)

.eb0text
 *(.eb0text)
 *(.eb0rodata)
 *(.eb0rodata.*)

.eb1text
 *(.eb1text)
 *(.eb1rodata)
 *(.eb1rodata.*)

.eb2text
 *(.eb2text)
 *(.eb2rodata)
 *(.eb2rodata.*)

.eb3text
 *(.eb3text)
 *(.eb3rodata)
 *(.eb3rodata.*)

.stab
 *(.stab)

.stabstr
 *(.stabstr)

.stab.excl
 *(.stab.excl)

.stab.exclstr
 *(.stab.exclstr)

.stab.index
 *(.stab.index)

.stab.indexstr
 *(.stab.indexstr)

.comment        0x00000000       0x70
 *(.comment)
 .comment       0x00000000       0x70 ./system/src/stm32f4-hal/stm32f4xx_hal.o
                                 0x71 (size before relaxing)
 .comment       0x00000000       0x71 ./system/src/stm32f4-hal/stm32f4xx_hal_cortex.o
 .comment       0x00000000       0x71 ./system/src/stm32f4-hal/stm32f4xx_hal_gpio.o
 .comment       0x00000000       0x71 ./system/src/stm32f4-hal/stm32f4xx_hal_sram.o
 .comment       0x00000000       0x71 ./system/src/stm32f4-hal/stm32f4xx_ll_fsmc.o
 .comment       0x00000000       0x71 ./system/src/newlib/_exit.o
 .comment       0x00000000       0x71 ./system/src/newlib/_sbrk.o
 .comment       0x00000000       0x71 ./system/src/newlib/_startup.o
 .comment       0x00000000       0x71 ./system/src/newlib/_syscalls.o
 .comment       0x00000000       0x71 ./system/src/newlib/assert.o
 .comment       0x00000000       0x71 ./system/src/diag/Trace.o
 .comment       0x00000000       0x71 ./system/src/diag/trace_impl.o
 .comment       0x00000000       0x71 ./system/src/cortexm/_initialize_hardware.o
 .comment       0x00000000       0x71 ./system/src/cortexm/exception_handlers.o
 .comment       0x00000000       0x71 ./system/src/cmsis/system_stm32f4xx.o
 .comment       0x00000000       0x71 ./system/src/cmsis/vectors_stm32f4xx.o
 .comment       0x00000000       0x71 ./system/STM324xG_EVAL/font24.o
 .comment       0x00000000       0x71 ./system/STM324xG_EVAL/ili9325.o
 .comment       0x00000000       0x71 ./system/STM324xG_EVAL/stm324xg_eval.o
 .comment       0x00000000       0x71 ./system/STM324xG_EVAL/stm324xg_eval_lcd.o
 .comment       0x00000000       0x71 ./src/button.o
 .comment       0x00000000       0x71 ./src/lcd.o
 .comment       0x00000000       0x71 ./src/main.o
 .comment       0x00000000       0x71 ./src/system_support.o
 .comment       0x00000000       0x71 ./FreeRTOS/source/list.o
 .comment       0x00000000       0x71 ./FreeRTOS/source/queue.o
 .comment       0x00000000       0x71 ./FreeRTOS/source/tasks.o
 .comment       0x00000000       0x71 ./FreeRTOS/source/timers.o
 .comment       0x00000000       0x71 ./FreeRTOS/MemoryManager/heap_tlsf.o
 .comment       0x00000000       0x71 ./FreeRTOS/MemoryManager/tlsf.o
 .comment       0x00000000       0x71 ./FreeRTOS/ARM_CM3_MPU/port.o

.ARM.attributes
                0x00000000       0x33
 .ARM.attributes
                0x00000000       0x33 ./system/src/stm32f4-hal/stm32f4xx_hal.o
 .ARM.attributes
                0x00000033       0x33 ./system/src/stm32f4-hal/stm32f4xx_hal_cortex.o
 .ARM.attributes
                0x00000066       0x33 ./system/src/stm32f4-hal/stm32f4xx_hal_gpio.o
 .ARM.attributes
                0x00000099       0x33 ./system/src/stm32f4-hal/stm32f4xx_hal_sram.o
 .ARM.attributes
                0x000000cc       0x33 ./system/src/stm32f4-hal/stm32f4xx_ll_fsmc.o
 .ARM.attributes
                0x000000ff       0x33 ./system/src/newlib/_exit.o
 .ARM.attributes
                0x00000132       0x33 ./system/src/newlib/_sbrk.o
 .ARM.attributes
                0x00000165       0x33 ./system/src/newlib/_startup.o
 .ARM.attributes
                0x00000198       0x33 ./system/src/newlib/_syscalls.o
 .ARM.attributes
                0x000001cb       0x33 ./system/src/newlib/assert.o
 .ARM.attributes
                0x000001fe       0x33 ./system/src/diag/Trace.o
 .ARM.attributes
                0x00000231       0x33 ./system/src/diag/trace_impl.o
 .ARM.attributes
                0x00000264       0x33 ./system/src/cortexm/_initialize_hardware.o
 .ARM.attributes
                0x00000297       0x33 ./system/src/cortexm/exception_handlers.o
 .ARM.attributes
                0x000002ca       0x33 ./system/src/cmsis/system_stm32f4xx.o
 .ARM.attributes
                0x000002fd       0x33 ./system/src/cmsis/vectors_stm32f4xx.o
 .ARM.attributes
                0x00000330       0x33 ./system/STM324xG_EVAL/font24.o
 .ARM.attributes
                0x00000363       0x33 ./system/STM324xG_EVAL/ili9325.o
 .ARM.attributes
                0x00000396       0x33 ./system/STM324xG_EVAL/stm324xg_eval.o
 .ARM.attributes
                0x000003c9       0x33 ./system/STM324xG_EVAL/stm324xg_eval_lcd.o
 .ARM.attributes
                0x000003fc       0x33 ./src/button.o
 .ARM.attributes
                0x0000042f       0x33 ./src/lcd.o
 .ARM.attributes
                0x00000462       0x33 ./src/main.o
 .ARM.attributes
                0x00000495       0x33 ./src/system_support.o
 .ARM.attributes
                0x000004c8       0x33 ./FreeRTOS/source/list.o
 .ARM.attributes
                0x000004fb       0x33 ./FreeRTOS/source/queue.o
 .ARM.attributes
                0x0000052e       0x33 ./FreeRTOS/source/tasks.o
 .ARM.attributes
                0x00000561       0x33 ./FreeRTOS/source/timers.o
 .ARM.attributes
                0x00000594       0x33 ./FreeRTOS/MemoryManager/heap_tlsf.o
 .ARM.attributes
                0x000005c7       0x33 ./FreeRTOS/MemoryManager/tlsf.o
 .ARM.attributes
                0x000005fa       0x33 ./FreeRTOS/ARM_CM3_MPU/port.o
 .ARM.attributes
                0x0000062d       0x2e c:/tools/arm/gcc/bin/../lib/gcc/arm-none-eabi/4.9.3/../../../../arm-none-eabi/lib/armv7e-m\libg_nano.a(lib_a-errno.o)
 .ARM.attributes
                0x0000065b       0x2e c:/tools/arm/gcc/bin/../lib/gcc/arm-none-eabi/4.9.3/../../../../arm-none-eabi/lib/armv7e-m\libg_nano.a(lib_a-impure.o)
 .ARM.attributes
                0x00000689       0x2e c:/tools/arm/gcc/bin/../lib/gcc/arm-none-eabi/4.9.3/../../../../arm-none-eabi/lib/armv7e-m\libg_nano.a(lib_a-memcpy.o)
 .ARM.attributes
                0x000006b7       0x2e c:/tools/arm/gcc/bin/../lib/gcc/arm-none-eabi/4.9.3/../../../../arm-none-eabi/lib/armv7e-m\libg_nano.a(lib_a-memset.o)
 .ARM.attributes
                0x000006e5       0x2e c:/tools/arm/gcc/bin/../lib/gcc/arm-none-eabi/4.9.3/../../../../arm-none-eabi/lib/armv7e-m\libg_nano.a(lib_a-strlen.o)
 .ARM.attributes
                0x00000713       0x2e c:/tools/arm/gcc/bin/../lib/gcc/arm-none-eabi/4.9.3/../../../../arm-none-eabi/lib/armv7e-m\libg_nano.a(lib_a-vsnprintf.o)
 .ARM.attributes
                0x00000741       0x2e c:/tools/arm/gcc/bin/../lib/gcc/arm-none-eabi/4.9.3/../../../../arm-none-eabi/lib/armv7e-m\libg_nano.a(lib_a-nano-svfprintf.o)
 .ARM.attributes
                0x0000076f       0x2e c:/tools/arm/gcc/bin/../lib/gcc/arm-none-eabi/4.9.3/../../../../arm-none-eabi/lib/armv7e-m\libg_nano.a(lib_a-nano-vfprintf_i.o)
 .ARM.attributes
                0x0000079d       0x2e c:/tools/arm/gcc/bin/../lib/gcc/arm-none-eabi/4.9.3/../../../../arm-none-eabi/lib/armv7e-m\libg_nano.a(lib_a-memchr.o)
 .ARM.attributes
                0x000007cb       0x2e c:/tools/arm/gcc/bin/../lib/gcc/arm-none-eabi/4.9.3/../../../../arm-none-eabi/lib/armv7e-m\libg_nano.a(lib_a-memmove.o)
 .ARM.attributes
                0x000007f9       0x2e c:/tools/arm/gcc/bin/../lib/gcc/arm-none-eabi/4.9.3/../../../../arm-none-eabi/lib/armv7e-m\libg_nano.a(lib_a-nano-freer.o)
 .ARM.attributes
                0x00000827       0x2e c:/tools/arm/gcc/bin/../lib/gcc/arm-none-eabi/4.9.3/../../../../arm-none-eabi/lib/armv7e-m\libg_nano.a(lib_a-nano-mallocr.o)
 .ARM.attributes
                0x00000855       0x2e c:/tools/arm/gcc/bin/../lib/gcc/arm-none-eabi/4.9.3/../../../../arm-none-eabi/lib/armv7e-m\libg_nano.a(lib_a-nano-reallocr.o)
 .ARM.attributes
                0x00000883       0x2e c:/tools/arm/gcc/bin/../lib/gcc/arm-none-eabi/4.9.3/../../../../arm-none-eabi/lib/armv7e-m\libg_nano.a(lib_a-sbrkr.o)
 .ARM.attributes
                0x000008b1       0x2e c:/tools/arm/gcc/bin/../lib/gcc/arm-none-eabi/4.9.3/../../../../arm-none-eabi/lib/armv7e-m\libg_nano.a(lib_a-nano-msizer.o)

.debug
 *(.debug)

.line
 *(.line)

.debug_srcinfo
 *(.debug_srcinfo)

.debug_sfnames
 *(.debug_sfnames)

.debug_aranges  0x00000000     0x1058
 *(.debug_aranges)
 .debug_aranges
                0x00000000       0xc0 ./system/src/stm32f4-hal/stm32f4xx_hal.o
 .debug_aranges
                0x000000c0       0x98 ./system/src/stm32f4-hal/stm32f4xx_hal_cortex.o
 .debug_aranges
                0x00000158       0x58 ./system/src/stm32f4-hal/stm32f4xx_hal_gpio.o
 .debug_aranges
                0x000001b0       0xa0 ./system/src/stm32f4-hal/stm32f4xx_hal_sram.o
 .debug_aranges
                0x00000250       0xa8 ./system/src/stm32f4-hal/stm32f4xx_ll_fsmc.o
 .debug_aranges
                0x000002f8       0x28 ./system/src/newlib/_exit.o
 .debug_aranges
                0x00000320       0x20 ./system/src/newlib/_sbrk.o
 .debug_aranges
                0x00000340       0x40 ./system/src/newlib/_startup.o
 .debug_aranges
                0x00000380       0x30 ./system/src/newlib/_syscalls.o
 .debug_aranges
                0x000003b0       0x28 ./system/src/newlib/assert.o
 .debug_aranges
                0x000003d8       0x38 ./system/src/diag/Trace.o
 .debug_aranges
                0x00000410       0x30 ./system/src/diag/trace_impl.o
 .debug_aranges
                0x00000440       0x28 ./system/src/cortexm/_initialize_hardware.o
 .debug_aranges
                0x00000468       0x88 ./system/src/cortexm/exception_handlers.o
 .debug_aranges
                0x000004f0       0x30 ./system/src/cmsis/system_stm32f4xx.o
 .debug_aranges
                0x00000520       0x20 ./system/src/cmsis/vectors_stm32f4xx.o
 .debug_aranges
                0x00000540       0x18 ./system/STM324xG_EVAL/font24.o
 .debug_aranges
                0x00000558       0x98 ./system/STM324xG_EVAL/ili9325.o
 .debug_aranges
                0x000005f0      0x188 ./system/STM324xG_EVAL/stm324xg_eval.o
 .debug_aranges
                0x00000778      0x130 ./system/STM324xG_EVAL/stm324xg_eval_lcd.o
 .debug_aranges
                0x000008a8       0x30 ./src/button.o
 .debug_aranges
                0x000008d8       0x28 ./src/lcd.o
 .debug_aranges
                0x00000900       0x28 ./src/main.o
 .debug_aranges
                0x00000928       0x20 ./src/system_support.o
 .debug_aranges
                0x00000948       0x40 ./FreeRTOS/source/list.o
 .debug_aranges
                0x00000988       0xd8 ./FreeRTOS/source/queue.o
 .debug_aranges
                0x00000a60      0x1a0 ./FreeRTOS/source/tasks.o
 .debug_aranges
                0x00000c00       0x98 ./FreeRTOS/source/timers.o
 .debug_aranges
                0x00000c98       0x38 ./FreeRTOS/MemoryManager/heap_tlsf.o
 .debug_aranges
                0x00000cd0      0x210 ./FreeRTOS/MemoryManager/tlsf.o
 .debug_aranges
                0x00000ee0      0x178 ./FreeRTOS/ARM_CM3_MPU/port.o

.debug_pubnames
 *(.debug_pubnames)

.debug_info     0x00000000    0x13db3
 *(.debug_info .gnu.linkonce.wi.*)
 .debug_info    0x00000000      0x90e ./system/src/stm32f4-hal/stm32f4xx_hal.o
 .debug_info    0x0000090e     0x1112 ./system/src/stm32f4-hal/stm32f4xx_hal_cortex.o
 .debug_info    0x00001a20      0x86b ./system/src/stm32f4-hal/stm32f4xx_hal_gpio.o
 .debug_info    0x0000228b      0xbd4 ./system/src/stm32f4-hal/stm32f4xx_hal_sram.o
 .debug_info    0x00002e5f     0x1120 ./system/src/stm32f4-hal/stm32f4xx_ll_fsmc.o
 .debug_info    0x00003f7f      0x100 ./system/src/newlib/_exit.o
 .debug_info    0x0000407f      0x125 ./system/src/newlib/_sbrk.o
 .debug_info    0x000041a4      0x50f ./system/src/newlib/_startup.o
 .debug_info    0x000046b3      0x1a9 ./system/src/newlib/_syscalls.o
 .debug_info    0x0000485c      0x1b0 ./system/src/newlib/assert.o
 .debug_info    0x00004a0c      0x32b ./system/src/diag/Trace.o
 .debug_info    0x00004d37      0x304 ./system/src/diag/trace_impl.o
 .debug_info    0x0000503b       0xed ./system/src/cortexm/_initialize_hardware.o
 .debug_info    0x00005128      0x8e0 ./system/src/cortexm/exception_handlers.o
 .debug_info    0x00005a08      0x618 ./system/src/cmsis/system_stm32f4xx.o
 .debug_info    0x00006020       0xd4 ./system/src/cmsis/vectors_stm32f4xx.o
 .debug_info    0x000060f4      0x105 ./system/STM324xG_EVAL/font24.o
 .debug_info    0x000061f9      0xf6d ./system/STM324xG_EVAL/ili9325.o
 .debug_info    0x00007166     0x2654 ./system/STM324xG_EVAL/stm324xg_eval.o
 .debug_info    0x000097ba     0x1765 ./system/STM324xG_EVAL/stm324xg_eval_lcd.o
 .debug_info    0x0000af1f      0x227 ./src/button.o
 .debug_info    0x0000b146      0x2b9 ./src/lcd.o
 .debug_info    0x0000b3ff      0x3a9 ./src/main.o
 .debug_info    0x0000b7a8      0x294 ./src/system_support.o
 .debug_info    0x0000ba3c      0x29a ./FreeRTOS/source/list.o
 .debug_info    0x0000bcd6     0x11bd ./FreeRTOS/source/queue.o
 .debug_info    0x0000ce93     0x1e7b ./FreeRTOS/source/tasks.o
 .debug_info    0x0000ed0e      0xe51 ./FreeRTOS/source/timers.o
 .debug_info    0x0000fb5f      0x292 ./FreeRTOS/MemoryManager/heap_tlsf.o
 .debug_info    0x0000fdf1     0x2b64 ./FreeRTOS/MemoryManager/tlsf.o
 .debug_info    0x00012955     0x145e ./FreeRTOS/ARM_CM3_MPU/port.o

.debug_abbrev   0x00000000     0x3547
 *(.debug_abbrev)
 .debug_abbrev  0x00000000      0x25b ./system/src/stm32f4-hal/stm32f4xx_hal.o
 .debug_abbrev  0x0000025b      0x2fc ./system/src/stm32f4-hal/stm32f4xx_hal_cortex.o
 .debug_abbrev  0x00000557      0x209 ./system/src/stm32f4-hal/stm32f4xx_hal_gpio.o
 .debug_abbrev  0x00000760      0x1f1 ./system/src/stm32f4-hal/stm32f4xx_hal_sram.o
 .debug_abbrev  0x00000951      0x1bf ./system/src/stm32f4-hal/stm32f4xx_ll_fsmc.o
 .debug_abbrev  0x00000b10       0xa4 ./system/src/newlib/_exit.o
 .debug_abbrev  0x00000bb4       0xbb ./system/src/newlib/_sbrk.o
 .debug_abbrev  0x00000c6f      0x211 ./system/src/newlib/_startup.o
 .debug_abbrev  0x00000e80       0xe7 ./system/src/newlib/_syscalls.o
 .debug_abbrev  0x00000f67       0xc9 ./system/src/newlib/assert.o
 .debug_abbrev  0x00001030      0x178 ./system/src/diag/Trace.o
 .debug_abbrev  0x000011a8      0x1bd ./system/src/diag/trace_impl.o
 .debug_abbrev  0x00001365       0x88 ./system/src/cortexm/_initialize_hardware.o
 .debug_abbrev  0x000013ed      0x23e ./system/src/cortexm/exception_handlers.o
 .debug_abbrev  0x0000162b      0x13d ./system/src/cmsis/system_stm32f4xx.o
 .debug_abbrev  0x00001768       0x9d ./system/src/cmsis/vectors_stm32f4xx.o
 .debug_abbrev  0x00001805       0x98 ./system/STM324xG_EVAL/font24.o
 .debug_abbrev  0x0000189d      0x198 ./system/STM324xG_EVAL/ili9325.o
 .debug_abbrev  0x00001a35      0x391 ./system/STM324xG_EVAL/stm324xg_eval.o
 .debug_abbrev  0x00001dc6      0x2ef ./system/STM324xG_EVAL/stm324xg_eval_lcd.o
 .debug_abbrev  0x000020b5      0x115 ./src/button.o
 .debug_abbrev  0x000021ca      0x149 ./src/lcd.o
 .debug_abbrev  0x00002313      0x188 ./src/main.o
 .debug_abbrev  0x0000249b      0x10b ./src/system_support.o
 .debug_abbrev  0x000025a6       0xdf ./FreeRTOS/source/list.o
 .debug_abbrev  0x00002685      0x214 ./FreeRTOS/source/queue.o
 .debug_abbrev  0x00002899      0x30e ./FreeRTOS/source/tasks.o
 .debug_abbrev  0x00002ba7      0x266 ./FreeRTOS/source/timers.o
 .debug_abbrev  0x00002e0d      0x159 ./FreeRTOS/MemoryManager/heap_tlsf.o
 .debug_abbrev  0x00002f66      0x339 ./FreeRTOS/MemoryManager/tlsf.o
 .debug_abbrev  0x0000329f      0x2a8 ./FreeRTOS/ARM_CM3_MPU/port.o

.debug_line     0x00000000     0xdb53
 *(.debug_line)
 .debug_line    0x00000000      0xa53 ./system/src/stm32f4-hal/stm32f4xx_hal.o
 .debug_line    0x00000a53      0xb32 ./system/src/stm32f4-hal/stm32f4xx_hal_cortex.o
 .debug_line    0x00001585      0xbe4 ./system/src/stm32f4-hal/stm32f4xx_hal_gpio.o
 .debug_line    0x00002169      0xba2 ./system/src/stm32f4-hal/stm32f4xx_hal_sram.o
 .debug_line    0x00002d0b      0xd6f ./system/src/stm32f4-hal/stm32f4xx_ll_fsmc.o
 .debug_line    0x00003a7a      0x247 ./system/src/newlib/_exit.o
 .debug_line    0x00003cc1      0x1d1 ./system/src/newlib/_sbrk.o
 .debug_line    0x00003e92      0x2a1 ./system/src/newlib/_startup.o
 .debug_line    0x00004133      0x2e2 ./system/src/newlib/_syscalls.o
 .debug_line    0x00004415      0x27e ./system/src/newlib/assert.o
 .debug_line    0x00004693      0x2a2 ./system/src/diag/Trace.o
 .debug_line    0x00004935      0x9bd ./system/src/diag/trace_impl.o
 .debug_line    0x000052f2      0x8f3 ./system/src/cortexm/_initialize_hardware.o
 .debug_line    0x00005be5      0xa8f ./system/src/cortexm/exception_handlers.o
 .debug_line    0x00006674      0x93b ./system/src/cmsis/system_stm32f4xx.o
 .debug_line    0x00006faf       0xf9 ./system/src/cmsis/vectors_stm32f4xx.o
 .debug_line    0x000070a8       0x9d ./system/STM324xG_EVAL/font24.o
 .debug_line    0x00007145      0x26a ./system/STM324xG_EVAL/ili9325.o
 .debug_line    0x000073af      0xd16 ./system/STM324xG_EVAL/stm324xg_eval.o
 .debug_line    0x000080c5      0xd4c ./system/STM324xG_EVAL/stm324xg_eval_lcd.o
 .debug_line    0x00008e11      0x94f ./src/button.o
 .debug_line    0x00009760      0x941 ./src/lcd.o
 .debug_line    0x0000a0a1      0xad1 ./src/main.o
 .debug_line    0x0000ab72      0x8c9 ./src/system_support.o
 .debug_line    0x0000b43b      0x325 ./FreeRTOS/source/list.o
 .debug_line    0x0000b760      0x621 ./FreeRTOS/source/queue.o
 .debug_line    0x0000bd81      0x8fe ./FreeRTOS/source/tasks.o
 .debug_line    0x0000c67f      0x442 ./FreeRTOS/source/timers.o
 .debug_line    0x0000cac1      0x1d4 ./FreeRTOS/MemoryManager/heap_tlsf.o
 .debug_line    0x0000cc95      0x914 ./FreeRTOS/MemoryManager/tlsf.o
 .debug_line    0x0000d5a9      0x5aa ./FreeRTOS/ARM_CM3_MPU/port.o

.debug_frame    0x00000000     0x2f04
 *(.debug_frame)
 .debug_frame   0x00000000      0x188 ./system/src/stm32f4-hal/stm32f4xx_hal.o
 .debug_frame   0x00000188      0x17c ./system/src/stm32f4-hal/stm32f4xx_hal_cortex.o
 .debug_frame   0x00000304       0xfc ./system/src/stm32f4-hal/stm32f4xx_hal_gpio.o
 .debug_frame   0x00000400      0x1b4 ./system/src/stm32f4-hal/stm32f4xx_hal_sram.o
 .debug_frame   0x000005b4      0x1c8 ./system/src/stm32f4-hal/stm32f4xx_ll_fsmc.o
 .debug_frame   0x0000077c       0x38 ./system/src/newlib/_exit.o
 .debug_frame   0x000007b4       0x28 ./system/src/newlib/_sbrk.o
 .debug_frame   0x000007dc       0x7c ./system/src/newlib/_startup.o
 .debug_frame   0x00000858       0x50 ./system/src/newlib/_syscalls.o
 .debug_frame   0x000008a8       0x40 ./system/src/newlib/assert.o
 .debug_frame   0x000008e8       0x94 ./system/src/diag/Trace.o
 .debug_frame   0x0000097c       0x60 ./system/src/diag/trace_impl.o
 .debug_frame   0x000009dc       0x40 ./system/src/cortexm/_initialize_hardware.o
 .debug_frame   0x00000a1c      0x148 ./system/src/cortexm/exception_handlers.o
 .debug_frame   0x00000b64       0x50 ./system/src/cmsis/system_stm32f4xx.o
 .debug_frame   0x00000bb4       0x20 ./system/src/cmsis/vectors_stm32f4xx.o
 .debug_frame   0x00000bd4      0x1a0 ./system/STM324xG_EVAL/ili9325.o
 .debug_frame   0x00000d74      0x4bc ./system/STM324xG_EVAL/stm324xg_eval.o
 .debug_frame   0x00001230      0x420 ./system/STM324xG_EVAL/stm324xg_eval_lcd.o
 .debug_frame   0x00001650       0x48 ./src/button.o
 .debug_frame   0x00001698       0x44 ./src/lcd.o
 .debug_frame   0x000016dc       0x44 ./src/main.o
 .debug_frame   0x00001720       0x28 ./src/system_support.o
 .debug_frame   0x00001748       0x6c ./FreeRTOS/source/list.o
 .debug_frame   0x000017b4      0x288 ./FreeRTOS/source/queue.o
 .debug_frame   0x00001a3c      0x500 ./FreeRTOS/source/tasks.o
 .debug_frame   0x00001f3c      0x1cc ./FreeRTOS/source/timers.o
 .debug_frame   0x00002108       0x74 ./FreeRTOS/MemoryManager/heap_tlsf.o
 .debug_frame   0x0000217c      0x61c ./FreeRTOS/MemoryManager/tlsf.o
 .debug_frame   0x00002798      0x480 ./FreeRTOS/ARM_CM3_MPU/port.o
 .debug_frame   0x00002c18       0x20 c:/tools/arm/gcc/bin/../lib/gcc/arm-none-eabi/4.9.3/../../../../arm-none-eabi/lib/armv7e-m\libg_nano.a(lib_a-errno.o)
 .debug_frame   0x00002c38       0x28 c:/tools/arm/gcc/bin/../lib/gcc/arm-none-eabi/4.9.3/../../../../arm-none-eabi/lib/armv7e-m\libg_nano.a(lib_a-memcpy.o)
 .debug_frame   0x00002c60       0x20 c:/tools/arm/gcc/bin/../lib/gcc/arm-none-eabi/4.9.3/../../../../arm-none-eabi/lib/armv7e-m\libg_nano.a(lib_a-memset.o)
 .debug_frame   0x00002c80       0x20 c:/tools/arm/gcc/bin/../lib/gcc/arm-none-eabi/4.9.3/../../../../arm-none-eabi/lib/armv7e-m\libg_nano.a(lib_a-strlen.o)
 .debug_frame   0x00002ca0       0x50 c:/tools/arm/gcc/bin/../lib/gcc/arm-none-eabi/4.9.3/../../../../arm-none-eabi/lib/armv7e-m\libg_nano.a(lib_a-vsnprintf.o)
 .debug_frame   0x00002cf0       0x8c c:/tools/arm/gcc/bin/../lib/gcc/arm-none-eabi/4.9.3/../../../../arm-none-eabi/lib/armv7e-m\libg_nano.a(lib_a-nano-svfprintf.o)
 .debug_frame   0x00002d7c       0x58 c:/tools/arm/gcc/bin/../lib/gcc/arm-none-eabi/4.9.3/../../../../arm-none-eabi/lib/armv7e-m\libg_nano.a(lib_a-nano-vfprintf_i.o)
 .debug_frame   0x00002dd4       0x28 c:/tools/arm/gcc/bin/../lib/gcc/arm-none-eabi/4.9.3/../../../../arm-none-eabi/lib/armv7e-m\libg_nano.a(lib_a-memchr.o)
 .debug_frame   0x00002dfc       0x28 c:/tools/arm/gcc/bin/../lib/gcc/arm-none-eabi/4.9.3/../../../../arm-none-eabi/lib/armv7e-m\libg_nano.a(lib_a-memmove.o)
 .debug_frame   0x00002e24       0x2c c:/tools/arm/gcc/bin/../lib/gcc/arm-none-eabi/4.9.3/../../../../arm-none-eabi/lib/armv7e-m\libg_nano.a(lib_a-nano-freer.o)
 .debug_frame   0x00002e50       0x2c c:/tools/arm/gcc/bin/../lib/gcc/arm-none-eabi/4.9.3/../../../../arm-none-eabi/lib/armv7e-m\libg_nano.a(lib_a-nano-mallocr.o)
 .debug_frame   0x00002e7c       0x3c c:/tools/arm/gcc/bin/../lib/gcc/arm-none-eabi/4.9.3/../../../../arm-none-eabi/lib/armv7e-m\libg_nano.a(lib_a-nano-reallocr.o)
 .debug_frame   0x00002eb8       0x2c c:/tools/arm/gcc/bin/../lib/gcc/arm-none-eabi/4.9.3/../../../../arm-none-eabi/lib/armv7e-m\libg_nano.a(lib_a-sbrkr.o)
 .debug_frame   0x00002ee4       0x20 c:/tools/arm/gcc/bin/../lib/gcc/arm-none-eabi/4.9.3/../../../../arm-none-eabi/lib/armv7e-m\libg_nano.a(lib_a-nano-msizer.o)

.debug_str      0x00000000    0xadfff
 *(.debug_str)
 .debug_str     0x00000000    0x9dfc0 ./system/src/stm32f4-hal/stm32f4xx_hal.o
                              0x9e421 (size before relaxing)
 .debug_str     0x0009dfc0      0x39c ./system/src/stm32f4-hal/stm32f4xx_hal_cortex.o
                              0x9e294 (size before relaxing)
 .debug_str     0x0009e35c      0x2c2 ./system/src/stm32f4-hal/stm32f4xx_hal_gpio.o
                              0x9dc95 (size before relaxing)
 .debug_str     0x0009e61e      0x5fe ./system/src/stm32f4-hal/stm32f4xx_hal_sram.o
                              0x9dfec (size before relaxing)
 .debug_str     0x0009ec1c      0x103 ./system/src/stm32f4-hal/stm32f4xx_ll_fsmc.o
                              0x9ddbc (size before relaxing)
 .debug_str     0x0009ed1f      0xeeb ./system/src/newlib/_exit.o
                               0x5e6d (size before relaxing)
 .debug_str     0x0009fc0a      0x366 ./system/src/newlib/_sbrk.o
                               0x45df (size before relaxing)
 .debug_str     0x0009ff70      0x2c7 ./system/src/newlib/_startup.o
                               0x421d (size before relaxing)
 .debug_str     0x000a0237     0x1174 ./system/src/newlib/_syscalls.o
                               0x65d9 (size before relaxing)
 .debug_str     0x000a13ab       0xd5 ./system/src/newlib/assert.o
                               0x6976 (size before relaxing)
 .debug_str     0x000a1480      0x184 ./system/src/diag/Trace.o
                               0x678e (size before relaxing)
 .debug_str     0x000a1604      0x372 ./system/src/diag/trace_impl.o
                              0x9e991 (size before relaxing)
 .debug_str     0x000a1976       0x4e ./system/src/cortexm/_initialize_hardware.o
                              0x9d8be (size before relaxing)
 .debug_str     0x000a19c4      0x19c ./system/src/cortexm/exception_handlers.o
                              0x9eb17 (size before relaxing)
 .debug_str     0x000a1b60       0xf1 ./system/src/cmsis/system_stm32f4xx.o
                              0x9dadb (size before relaxing)
 .debug_str     0x000a1c51       0x57 ./system/src/cmsis/vectors_stm32f4xx.o
                               0x3071 (size before relaxing)
 .debug_str     0x000a1ca8       0x83 ./system/STM324xG_EVAL/font24.o
                               0x307c (size before relaxing)
 .debug_str     0x000a1d2b      0x94e ./system/STM324xG_EVAL/ili9325.o
                               0x39ec (size before relaxing)
 .debug_str     0x000a2679     0x2745 ./system/STM324xG_EVAL/stm324xg_eval.o
                              0xa0cd8 (size before relaxing)
 .debug_str     0x000a4dbe      0x77e ./system/STM324xG_EVAL/stm324xg_eval_lcd.o
                              0x9f899 (size before relaxing)
 .debug_str     0x000a553c      0x606 ./src/button.o
                              0x9f6cd (size before relaxing)
 .debug_str     0x000a5b42       0x77 ./src/lcd.o
                              0x9f6b0 (size before relaxing)
 .debug_str     0x000a5bb9     0x4618 ./src/main.o
                              0xa4731 (size before relaxing)
 .debug_str     0x000aa1d1       0x50 ./src/system_support.o
                              0x9dbab (size before relaxing)
 .debug_str     0x000aa221      0x130 ./FreeRTOS/source/list.o
                               0x951a (size before relaxing)
 .debug_str     0x000aa351     0x1145 ./FreeRTOS/source/queue.o
                               0xa447 (size before relaxing)
 .debug_str     0x000ab496     0x173b ./FreeRTOS/source/tasks.o
                               0xada1 (size before relaxing)
 .debug_str     0x000acbd1      0x335 ./FreeRTOS/source/timers.o
                               0xa9d4 (size before relaxing)
 .debug_str     0x000acf06       0xc6 ./FreeRTOS/MemoryManager/heap_tlsf.o
                               0x6ec5 (size before relaxing)
 .debug_str     0x000acfcc      0x7ac ./FreeRTOS/MemoryManager/tlsf.o
                               0x3a44 (size before relaxing)
 .debug_str     0x000ad778      0x887 ./FreeRTOS/ARM_CM3_MPU/port.o
                               0x87f9 (size before relaxing)

.debug_loc      0x00000000     0xa8c7
 *(.debug_loc)
 .debug_loc     0x00000000       0x90 ./system/src/stm32f4-hal/stm32f4xx_hal.o
 .debug_loc     0x00000090      0x61b ./system/src/stm32f4-hal/stm32f4xx_hal_cortex.o
 .debug_loc     0x000006ab      0x488 ./system/src/stm32f4-hal/stm32f4xx_hal_gpio.o
 .debug_loc     0x00000b33      0x7cc ./system/src/stm32f4-hal/stm32f4xx_hal_sram.o
 .debug_loc     0x000012ff      0x8a8 ./system/src/stm32f4-hal/stm32f4xx_ll_fsmc.o
 .debug_loc     0x00001ba7       0x82 ./system/src/newlib/_sbrk.o
 .debug_loc     0x00001c29      0x36e ./system/src/newlib/_startup.o
 .debug_loc     0x00001f97       0x63 ./system/src/newlib/_syscalls.o
 .debug_loc     0x00001ffa       0xec ./system/src/newlib/assert.o
 .debug_loc     0x000020e6       0xf7 ./system/src/diag/Trace.o
 .debug_loc     0x000021dd      0x17c ./system/src/diag/trace_impl.o
 .debug_loc     0x00002359      0x2a8 ./system/src/cortexm/exception_handlers.o
 .debug_loc     0x00002601      0x137 ./system/src/cmsis/system_stm32f4xx.o
 .debug_loc     0x00002738      0x506 ./system/STM324xG_EVAL/ili9325.o
 .debug_loc     0x00002c3e      0x907 ./system/STM324xG_EVAL/stm324xg_eval.o
 .debug_loc     0x00003545     0x1b51 ./system/STM324xG_EVAL/stm324xg_eval_lcd.o
 .debug_loc     0x00005096       0x3c ./src/lcd.o
 .debug_loc     0x000050d2       0x13 ./src/system_support.o
 .debug_loc     0x000050e5       0x65 ./FreeRTOS/source/list.o
 .debug_loc     0x0000514a      0xcc9 ./FreeRTOS/source/queue.o
 .debug_loc     0x00005e13     0x1346 ./FreeRTOS/source/tasks.o
 .debug_loc     0x00007159      0x89b ./FreeRTOS/source/timers.o
 .debug_loc     0x000079f4      0x102 ./FreeRTOS/MemoryManager/heap_tlsf.o
 .debug_loc     0x00007af6     0x1fdf ./FreeRTOS/MemoryManager/tlsf.o
 .debug_loc     0x00009ad5      0xdf2 ./FreeRTOS/ARM_CM3_MPU/port.o

.debug_macinfo
 *(.debug_macinfo)

.debug_weaknames
 *(.debug_weaknames)

.debug_funcnames
 *(.debug_funcnames)

.debug_typenames
 *(.debug_typenames)

.debug_varnames
 *(.debug_varnames)
OUTPUT(rzs2_stm32f4.elf elf32-littlearm)

.debug_ranges   0x00000000      0xee0
 .debug_ranges  0x00000000       0xb0 ./system/src/stm32f4-hal/stm32f4xx_hal.o
 .debug_ranges  0x000000b0       0x88 ./system/src/stm32f4-hal/stm32f4xx_hal_cortex.o
 .debug_ranges  0x00000138       0x48 ./system/src/stm32f4-hal/stm32f4xx_hal_gpio.o
 .debug_ranges  0x00000180       0x90 ./system/src/stm32f4-hal/stm32f4xx_hal_sram.o
 .debug_ranges  0x00000210       0x98 ./system/src/stm32f4-hal/stm32f4xx_ll_fsmc.o
 .debug_ranges  0x000002a8       0x18 ./system/src/newlib/_exit.o
 .debug_ranges  0x000002c0       0x10 ./system/src/newlib/_sbrk.o
 .debug_ranges  0x000002d0       0x30 ./system/src/newlib/_startup.o
 .debug_ranges  0x00000300       0x20 ./system/src/newlib/_syscalls.o
 .debug_ranges  0x00000320       0x18 ./system/src/newlib/assert.o
 .debug_ranges  0x00000338       0x28 ./system/src/diag/Trace.o
 .debug_ranges  0x00000360       0x38 ./system/src/diag/trace_impl.o
 .debug_ranges  0x00000398       0x18 ./system/src/cortexm/_initialize_hardware.o
 .debug_ranges  0x000003b0       0x90 ./system/src/cortexm/exception_handlers.o
 .debug_ranges  0x00000440       0x20 ./system/src/cmsis/system_stm32f4xx.o
 .debug_ranges  0x00000460       0x10 ./system/src/cmsis/vectors_stm32f4xx.o
 .debug_ranges  0x00000470       0x88 ./system/STM324xG_EVAL/ili9325.o
 .debug_ranges  0x000004f8      0x178 ./system/STM324xG_EVAL/stm324xg_eval.o
 .debug_ranges  0x00000670      0x120 ./system/STM324xG_EVAL/stm324xg_eval_lcd.o
 .debug_ranges  0x00000790       0x20 ./src/button.o
 .debug_ranges  0x000007b0       0x18 ./src/lcd.o
 .debug_ranges  0x000007c8       0x18 ./src/main.o
 .debug_ranges  0x000007e0       0x10 ./src/system_support.o
 .debug_ranges  0x000007f0       0x30 ./FreeRTOS/source/list.o
 .debug_ranges  0x00000820       0xc8 ./FreeRTOS/source/queue.o
 .debug_ranges  0x000008e8      0x1c8 ./FreeRTOS/source/tasks.o
 .debug_ranges  0x00000ab0       0x88 ./FreeRTOS/source/timers.o
 .debug_ranges  0x00000b38       0x28 ./FreeRTOS/MemoryManager/heap_tlsf.o
 .debug_ranges  0x00000b60      0x218 ./FreeRTOS/MemoryManager/tlsf.o
 .debug_ranges  0x00000d78      0x168 ./FreeRTOS/ARM_CM3_MPU/port.o

.debug_macro    0x00000000    0x1e66c
 .debug_macro   0x00000000      0x473 ./system/src/stm32f4-hal/stm32f4xx_hal.o
 .debug_macro   0x00000473      0x898 ./system/src/stm32f4-hal/stm32f4xx_hal.o
 .debug_macro   0x00000d0b      0x250 ./system/src/stm32f4-hal/stm32f4xx_hal.o
 .debug_macro   0x00000f5b       0x2e ./system/src/stm32f4-hal/stm32f4xx_hal.o
 .debug_macro   0x00000f89       0x28 ./system/src/stm32f4-hal/stm32f4xx_hal.o
 .debug_macro   0x00000fb1       0x3b ./system/src/stm32f4-hal/stm32f4xx_hal.o
 .debug_macro   0x00000fec      0x34e ./system/src/stm32f4-hal/stm32f4xx_hal.o
 .debug_macro   0x0000133a       0x34 ./system/src/stm32f4-hal/stm32f4xx_hal.o
 .debug_macro   0x0000136e       0x26 ./system/src/stm32f4-hal/stm32f4xx_hal.o
 .debug_macro   0x00001394      0xe43 ./system/src/stm32f4-hal/stm32f4xx_hal.o
 .debug_macro   0x000021d7     0x9335 ./system/src/stm32f4-hal/stm32f4xx_hal.o
 .debug_macro   0x0000b50c       0x43 ./system/src/stm32f4-hal/stm32f4xx_hal.o
 .debug_macro   0x0000b54f     0x3222 ./system/src/stm32f4-hal/stm32f4xx_hal.o
 .debug_macro   0x0000e771       0x58 ./system/src/stm32f4-hal/stm32f4xx_hal.o
 .debug_macro   0x0000e7c9       0x22 ./system/src/stm32f4-hal/stm32f4xx_hal.o
 .debug_macro   0x0000e7eb       0x35 ./system/src/stm32f4-hal/stm32f4xx_hal.o
 .debug_macro   0x0000e820       0x9c ./system/src/stm32f4-hal/stm32f4xx_hal.o
 .debug_macro   0x0000e8bc       0x16 ./system/src/stm32f4-hal/stm32f4xx_hal.o
 .debug_macro   0x0000e8d2       0x4a ./system/src/stm32f4-hal/stm32f4xx_hal.o
 .debug_macro   0x0000e91c       0x97 ./system/src/stm32f4-hal/stm32f4xx_hal.o
 .debug_macro   0x0000e9b3      0x27a ./system/src/stm32f4-hal/stm32f4xx_hal.o
 .debug_macro   0x0000ec2d       0xf6 ./system/src/stm32f4-hal/stm32f4xx_hal.o
 .debug_macro   0x0000ed23       0x10 ./system/src/stm32f4-hal/stm32f4xx_hal.o
 .debug_macro   0x0000ed33       0x52 ./system/src/stm32f4-hal/stm32f4xx_hal.o
 .debug_macro   0x0000ed85       0x16 ./system/src/stm32f4-hal/stm32f4xx_hal.o
 .debug_macro   0x0000ed9b       0x43 ./system/src/stm32f4-hal/stm32f4xx_hal.o
 .debug_macro   0x0000edde      0x180 ./system/src/stm32f4-hal/stm32f4xx_hal.o
 .debug_macro   0x0000ef5e       0x10 ./system/src/stm32f4-hal/stm32f4xx_hal.o
 .debug_macro   0x0000ef6e       0x22 ./system/src/stm32f4-hal/stm32f4xx_hal.o
 .debug_macro   0x0000ef90       0x22 ./system/src/stm32f4-hal/stm32f4xx_hal.o
 .debug_macro   0x0000efb2       0xbe ./system/src/stm32f4-hal/stm32f4xx_hal.o
 .debug_macro   0x0000f070       0x16 ./system/src/stm32f4-hal/stm32f4xx_hal.o
 .debug_macro   0x0000f086      0x197 ./system/src/stm32f4-hal/stm32f4xx_hal.o
 .debug_macro   0x0000f21d       0x57 ./system/src/stm32f4-hal/stm32f4xx_hal.o
 .debug_macro   0x0000f274      0x71f ./system/src/stm32f4-hal/stm32f4xx_hal.o
 .debug_macro   0x0000f993      0x8b5 ./system/src/stm32f4-hal/stm32f4xx_hal.o
 .debug_macro   0x00010248      0x11e ./system/src/stm32f4-hal/stm32f4xx_hal.o
 .debug_macro   0x00010366      0x13e ./system/src/stm32f4-hal/stm32f4xx_hal.o
 .debug_macro   0x000104a4       0x27 ./system/src/stm32f4-hal/stm32f4xx_hal.o
 .debug_macro   0x000104cb      0x272 ./system/src/stm32f4-hal/stm32f4xx_hal.o
 .debug_macro   0x0001073d       0x5f ./system/src/stm32f4-hal/stm32f4xx_hal.o
 .debug_macro   0x0001079c      0x241 ./system/src/stm32f4-hal/stm32f4xx_hal.o
 .debug_macro   0x000109dd      0x31a ./system/src/stm32f4-hal/stm32f4xx_hal.o
 .debug_macro   0x00010cf7      0x162 ./system/src/stm32f4-hal/stm32f4xx_hal.o
 .debug_macro   0x00010e59       0xd6 ./system/src/stm32f4-hal/stm32f4xx_hal.o
 .debug_macro   0x00010f2f      0x360 ./system/src/stm32f4-hal/stm32f4xx_hal.o
 .debug_macro   0x0001128f       0x23 ./system/src/stm32f4-hal/stm32f4xx_hal.o
 .debug_macro   0x000112b2       0xe6 ./system/src/stm32f4-hal/stm32f4xx_hal.o
 .debug_macro   0x00011398       0xa1 ./system/src/stm32f4-hal/stm32f4xx_hal.o
 .debug_macro   0x00011439       0x3c ./system/src/stm32f4-hal/stm32f4xx_hal.o
 .debug_macro   0x00011475      0x1af ./system/src/stm32f4-hal/stm32f4xx_hal.o
 .debug_macro   0x00011624      0xd93 ./system/src/stm32f4-hal/stm32f4xx_hal.o
 .debug_macro   0x000123b7      0x13a ./system/src/stm32f4-hal/stm32f4xx_hal.o
 .debug_macro   0x000124f1      0x21e ./system/src/stm32f4-hal/stm32f4xx_hal.o
 .debug_macro   0x0001270f       0x2e ./system/src/stm32f4-hal/stm32f4xx_hal.o
 .debug_macro   0x0001273d      0x4ef ./system/src/stm32f4-hal/stm32f4xx_hal.o
 .debug_macro   0x00012c2c       0x88 ./system/src/stm32f4-hal/stm32f4xx_hal.o
 .debug_macro   0x00012cb4       0xd5 ./system/src/stm32f4-hal/stm32f4xx_hal.o
 .debug_macro   0x00012d89      0x183 ./system/src/stm32f4-hal/stm32f4xx_hal.o
 .debug_macro   0x00012f0c      0x17d ./system/src/stm32f4-hal/stm32f4xx_hal.o
 .debug_macro   0x00013089       0x9e ./system/src/stm32f4-hal/stm32f4xx_hal.o
 .debug_macro   0x00013127      0x18b ./system/src/stm32f4-hal/stm32f4xx_hal.o
 .debug_macro   0x000132b2       0x24 ./system/src/stm32f4-hal/stm32f4xx_hal.o
 .debug_macro   0x000132d6       0x35 ./system/src/stm32f4-hal/stm32f4xx_hal.o
 .debug_macro   0x0001330b       0x97 ./system/src/stm32f4-hal/stm32f4xx_hal.o
 .debug_macro   0x000133a2      0x11e ./system/src/stm32f4-hal/stm32f4xx_hal.o
 .debug_macro   0x000134c0       0x7f ./system/src/stm32f4-hal/stm32f4xx_hal.o
 .debug_macro   0x0001353f       0x89 ./system/src/stm32f4-hal/stm32f4xx_hal.o
 .debug_macro   0x000135c8       0x7e ./system/src/stm32f4-hal/stm32f4xx_hal.o
 .debug_macro   0x00013646      0x31a ./system/src/stm32f4-hal/stm32f4xx_hal.o
 .debug_macro   0x00013960      0x409 ./system/src/stm32f4-hal/stm32f4xx_hal.o
 .debug_macro   0x00013d69       0xe4 ./system/src/stm32f4-hal/stm32f4xx_hal.o
 .debug_macro   0x00013e4d      0x48d ./system/src/stm32f4-hal/stm32f4xx_hal.o
 .debug_macro   0x000142da      0x22b ./system/src/stm32f4-hal/stm32f4xx_hal.o
 .debug_macro   0x00014505      0x202 ./system/src/stm32f4-hal/stm32f4xx_hal.o
 .debug_macro   0x00014707      0x6d9 ./system/src/stm32f4-hal/stm32f4xx_hal.o
 .debug_macro   0x00014de0       0x59 ./system/src/stm32f4-hal/stm32f4xx_hal.o
 .debug_macro   0x00014e39      0x14d ./system/src/stm32f4-hal/stm32f4xx_hal.o
 .debug_macro   0x00014f86      0x287 ./system/src/stm32f4-hal/stm32f4xx_hal.o
 .debug_macro   0x0001520d      0x225 ./system/src/stm32f4-hal/stm32f4xx_hal.o
 .debug_macro   0x00015432      0x1b5 ./system/src/stm32f4-hal/stm32f4xx_hal.o
 .debug_macro   0x000155e7      0x2db ./system/src/stm32f4-hal/stm32f4xx_hal.o
 .debug_macro   0x000158c2       0x94 ./system/src/stm32f4-hal/stm32f4xx_hal.o
 .debug_macro   0x00015956      0x1df ./system/src/stm32f4-hal/stm32f4xx_hal.o
 .debug_macro   0x00015b35      0x11c ./system/src/stm32f4-hal/stm32f4xx_hal.o
 .debug_macro   0x00015c51       0x75 ./system/src/stm32f4-hal/stm32f4xx_hal.o
 .debug_macro   0x00015cc6      0x125 ./system/src/stm32f4-hal/stm32f4xx_hal.o
 .debug_macro   0x00015deb      0x425 ./system/src/stm32f4-hal/stm32f4xx_hal_cortex.o
 .debug_macro   0x00016210      0x45d ./system/src/stm32f4-hal/stm32f4xx_hal_gpio.o
 .debug_macro   0x0001666d      0x425 ./system/src/stm32f4-hal/stm32f4xx_hal_sram.o
 .debug_macro   0x00016a92      0x425 ./system/src/stm32f4-hal/stm32f4xx_ll_fsmc.o
 .debug_macro   0x00016eb7      0x131 ./system/src/newlib/_exit.o
 .debug_macro   0x00016fe8      0x10e ./system/src/newlib/_exit.o
 .debug_macro   0x000170f6       0x86 ./system/src/newlib/_exit.o
 .debug_macro   0x0001717c       0x35 ./system/src/newlib/_exit.o
 .debug_macro   0x000171b1       0xda ./system/src/newlib/_sbrk.o
 .debug_macro   0x0001728b       0x19 ./system/src/newlib/_sbrk.o
 .debug_macro   0x000172a4      0x16d ./system/src/newlib/_sbrk.o
 .debug_macro   0x00017411       0x10 ./system/src/newlib/_sbrk.o
 .debug_macro   0x00017421      0x23b ./system/src/newlib/_sbrk.o
 .debug_macro   0x0001765c       0xe4 ./system/src/newlib/_startup.o
 .debug_macro   0x00017740      0x89e ./system/src/newlib/_startup.o
 .debug_macro   0x00017fde      0x1ad ./system/src/newlib/_syscalls.o
 .debug_macro   0x0001818b       0x1c ./system/src/newlib/_syscalls.o
 .debug_macro   0x000181a7       0x10 ./system/src/newlib/_syscalls.o
 .debug_macro   0x000181b7       0x10 ./system/src/newlib/_syscalls.o
 .debug_macro   0x000181c7       0x10 ./system/src/newlib/_syscalls.o
 .debug_macro   0x000181d7       0x10 ./system/src/newlib/_syscalls.o
 .debug_macro   0x000181e7       0x35 ./system/src/newlib/_syscalls.o
 .debug_macro   0x0001821c      0x122 ./system/src/newlib/_syscalls.o
 .debug_macro   0x0001833e       0x2e ./system/src/newlib/_syscalls.o
 .debug_macro   0x0001836c       0x82 ./system/src/newlib/_syscalls.o
 .debug_macro   0x000183ee       0x2b ./system/src/newlib/_syscalls.o
 .debug_macro   0x00018419      0x118 ./system/src/newlib/_syscalls.o
 .debug_macro   0x00018531      0x13e ./system/src/newlib/_syscalls.o
 .debug_macro   0x0001866f       0x16 ./system/src/newlib/_syscalls.o
 .debug_macro   0x00018685      0x14d ./system/src/newlib/assert.o
 .debug_macro   0x000187d2       0x1c ./system/src/newlib/assert.o
 .debug_macro   0x000187ee      0x15e ./system/src/diag/Trace.o
 .debug_macro   0x0001894c       0x52 ./system/src/diag/Trace.o
 .debug_macro   0x0001899e       0x16 ./system/src/diag/Trace.o
 .debug_macro   0x000189b4      0x46b ./system/src/diag/trace_impl.o
 .debug_macro   0x00018e1f       0x22 ./system/src/diag/trace_impl.o
 .debug_macro   0x00018e41      0x42f ./system/src/cortexm/_initialize_hardware.o
 .debug_macro   0x00019270      0x489 ./system/src/cortexm/exception_handlers.o
 .debug_macro   0x000196f9      0x443 ./system/src/cmsis/system_stm32f4xx.o